		LINK EDITOR MEMORY MAP


output		input		virtual
section		section		address		size

.text   			      00	    eef0
		.text   	      00	     9a0 morphdemo.o
		.text   	     9a0	     840 morph.o
		.text   	    11e0	     cd0 makeverts.o
		.text   	    1eb0	     240 /usr/lib/libultra_d.a(initialize.o)
		.text   	    20f0	     1b0 /usr/lib/libultra_d.a(createthread.o)
		.text   	    22a0	     1a0 /usr/lib/libultra_d.a(startthread.o)
		.text   	    2440	     400 /usr/lib/libultra_d.a(vimgr.o)
		.text   	    2840	      d0 /usr/lib/libultra_d.a(visetmode.o)
		.text   	    2910	     1e0 /usr/lib/libultra_d.a(pimgr.o)
		.text   	    2af0	     800 /usr/lib/libultra_d.a(rmonmain.o)
		.text   	    32f0	     130 /usr/lib/libultra_d.a(setthreadpri.o)
		.text   	    3420	      a0 /usr/lib/libultra_d.a(createmesgqueue.o)
		.text   	    34c0	      a0 /usr/lib/libultra_d.a(seteventmesg.o)
		.text   	    3560	      d0 /usr/lib/libultra_d.a(visetevent.o)
		.text   	    3630	     300 /usr/lib/libultra_d.a(rmonprint.o)
		.text   	    3930	     230 /usr/lib/libultra_d.a(pidma.o)
		.text   	    3b60	     190 /usr/lib/libultra_d.a(recvmesg.o)
		.text   	    3cf0	      d0 /usr/lib/libultra_d.a(gettime.o)
		.text   	    3dc0	     3e0 /usr/lib/libultra_d.a(sptask.o)
		.text   	    41a0	      30 /usr/lib/libultra_d.a(writebackdcacheall.o)
		.text   	    41d0	      e0 /usr/lib/libultra_d.a(viswapbuf.o)
		.text   	    42b0	     300 /usr/lib/libultra_d.a(perspective.o)
		.text   	    45b0	     270 /usr/lib/libultra_d.a(rotate.o)
		.text   	    4820	      b0 /usr/lib/libultra_d.a(translate.o)
		.text   	    48d0	      10 /usr/lib/libultra_d.a(sqrtf.o)
		.text   	    48e0	      40 /usr/lib/libultra_d.a(parameters.o)
		.text   	    4920	     940 /usr/lib/libultra_d.a(exceptasm.o)
		.text   	    5260	      10 /usr/lib/libultra_d.a(setsr.o)
		.text   	    5270	      10 /usr/lib/libultra_d.a(getsr.o)
		.text   	    5280	      10 /usr/lib/libultra_d.a(setfpccsr.o)
		.text   	    5290	      c0 /usr/lib/libultra_d.a(sirawread.o)
		.text   	    5350	      90 /usr/lib/libultra_d.a(sirawwrite.o)
		.text   	    53e0	      80 /usr/lib/libultra_d.a(writebackdcache.o)
		.text   	    5460	      80 /usr/lib/libultra_d.a(invalicache.o)
		.text   	    54e0	      60 /usr/lib/libultra_d.a(maptlbrdb.o)
		.text   	    5540	      e0 /usr/lib/libultra_d.a(pirawread.o)
		.text   	    5620	     370 /usr/lib/libultra_d.a(ll.o)
		.text   	    5990	      c0 /usr/lib/libultra_d.a(bzero.o)
		.text   	    5a50	      50 /usr/lib/libultra_d.a(thread.o)
		.text   	    5aa0	      20 /usr/lib/libultra_d.a(errorasm.o)
		.text   	    5ac0	      40 /usr/lib/libultra_d.a(interrupt.o)
		.text   	    5b00	     5b0 /usr/lib/libultra_d.a(timerintr.o)
		.text   	    60b0	      30 /usr/lib/libultra_d.a(getthreadpri.o)
		.text   	    60e0	     110 /usr/lib/libultra_d.a(vi.o)
		.text   	    61f0	      20 /usr/lib/libultra_d.a(vigetcurrcontext.o)
		.text   	    6210	     380 /usr/lib/libultra_d.a(viswapcontext.o)
		.text   	    6590	     190 /usr/lib/libultra_d.a(sendmesg.o)
		.text   	    6720	      10 /usr/lib/libultra_d.a(getcount.o)
		.text   	    6730	      50 /usr/lib/libultra_d.a(assert.o)
		.text   	    6780	      e0 /usr/lib/libultra_d.a(piacs.o)
		.text   	    6860	     1e0 /usr/lib/libultra_d.a(pirawdma.o)
		.text   	    6a40	     190 /usr/lib/libultra_d.a(devmgr.o)
		.text   	    6bd0	     1b0 /usr/lib/libultra_d.a(rmonmisc.o)
		.text   	    6d80	     880 /usr/lib/libultra_d.a(rmonsio.o)
		.text   	    7600	      c0 /usr/lib/libultra_d.a(sprawread.o)
		.text   	    76c0	     940 /usr/lib/libultra_d.a(rmonmem.o)
		.text   	    8000	      c0 /usr/lib/libultra_d.a(rmoncmds.o)
		.text   	    80c0	     c90 /usr/lib/libultra_d.a(rmonbrk.o)
		.text   	    8d50	    1260 /usr/lib/libultra_d.a(xprintf.o)
		.text   	    9fb0	     190 /usr/lib/libultra_d.a(jammesg.o)
		.text   	    a140	      40 /usr/lib/libultra_d.a(pigetcmdq.o)
		.text   	    a180	     360 /usr/lib/libultra_d.a(bcopy.o)
		.text   	    a4e0	      c0 /usr/lib/libultra_d.a(virtualtophysical.o)
		.text   	    a5a0	      20 /usr/lib/libultra_d.a(spsetstat.o)
		.text   	    a5c0	      40 /usr/lib/libultra_d.a(spsetpc.o)
		.text   	    a600	     130 /usr/lib/libultra_d.a(sprawdma.o)
		.text   	    a730	      40 /usr/lib/libultra_d.a(sp.o)
		.text   	    a770	     340 /usr/lib/libultra_d.a(mtxutil.o)
		.text   	    aab0	     240 /usr/lib/libultra_d.a(cosf.o)
		.text   	    acf0	     280 /usr/lib/libultra_d.a(sinf.o)
		.text   	    af70	      b0 /usr/lib/libultra_d.a(normalize.o)
		.text   	    b020	     520 /usr/lib/libultra_d.a(kdebugserver.o)
		.text   	    b540	     140 /usr/lib/libultra_d.a(syncputchars.o)
		.text   	    b680	      60 /usr/lib/libultra_d.a(setintmask.o)
		.text   	    b6e0	     120 /usr/lib/libultra_d.a(destroythread.o)
		.text   	    b800	      40 /usr/lib/libultra_d.a(si.o)
		.text   	    b840	      60 /usr/lib/libultra_d.a(error.o)
		.text   	    b8a0	      10 /usr/lib/libultra_d.a(setcompare.o)
		.text   	    b8b0	      10 /usr/lib/libultra_d.a(assertbreak.o)
		.text   	    b8c0	      b0 /usr/lib/libultra_d.a(pirawwrite.o)
		.text   	    b970	      30 /usr/lib/libultra_d.a(getthreadid.o)
		.text   	    b9a0	      70 /usr/lib/libultra_d.a(giorawinterrupt.o)
		.text   	    ba10	      e0 /usr/lib/libultra_d.a(stopthread.o)
		.text   	    baf0	      90 /usr/lib/libultra_d.a(sprawwrite.o)
		.text   	    bb80	     b70 /usr/lib/libultra_d.a(rmontask.o)
		.text   	    c6f0	     c60 /usr/lib/libultra_d.a(rmonregs.o)
		.text   	    d350	      20 /usr/lib/libultra_d.a(getactivequeue.o)
		.text   	    d370	     100 /usr/lib/libultra_d.a(string.o)
		.text   	    d470	     330 /usr/lib/libultra_d.a(xlitob.o)
		.text   	    d7a0	     ed0 /usr/lib/libultra_d.a(xldtob.o)
		.text   	    e670	      c0 /usr/lib/libultra_d.a(probetlb.o)
		.text   	    e730	      10 /usr/lib/libultra_d.a(getcause.o)
		.text   	    e740	      70 /usr/lib/libultra_d.a(atomic.o)
		.text   	    e7b0	     460 /usr/lib/libultra_d.a(log.o)
		.text   	    ec10	      b0 /usr/lib/libultra_d.a(rmonrcp.o)
		.text   	    ecc0	     1f0 /usr/lib/libultra_d.a(ldiv.o)
		.text   	    eeb0	      40 /usr/lib/libultra_d.a(giointerrupt.o)

.rdata  			    eef0	     ad0
		.rodata 	    eef0	      50 morphdemo.o
		.rodata 	    ef40	      30 morph.o
		.rodata 	    ef70	      50 makeverts.o
		.rodata 	    efc0	      30 /usr/lib/libultra_d.a(visetmode.o)
		.rodata 	    eff0	      60 /usr/lib/libultra_d.a(rmonmain.o)
		.rodata 	    f050	      20 /usr/lib/libultra_d.a(visetevent.o)
		.rodata 	    f070	      30 /usr/lib/libultra_d.a(viswapbuf.o)
		.rodata 	    f0a0	      10 /usr/lib/libultra_d.a(perspective.o)
		.rodata 	    f0b0	      50 /usr/lib/libultra_d.a(exceptasm.o)
		.rodata 	    f100	      50 /usr/lib/libultra_d.a(sirawread.o)
		.rodata 	    f150	      30 /usr/lib/libultra_d.a(sirawwrite.o)
		.rodata 	    f180	      30 /usr/lib/libultra_d.a(pirawread.o)
		.rodata 	    f1b0	      20 /usr/lib/libultra_d.a(assert.o)
		.rodata 	    f1d0	      30 /usr/lib/libultra_d.a(rmonmisc.o)
		.rodata 	    f200	      60 /usr/lib/libultra_d.a(rmonsio.o)
		.rodata 	    f260	      50 /usr/lib/libultra_d.a(sprawread.o)
		.rodata 	    f2b0	      d0 /usr/lib/libultra_d.a(rmonmem.o)
		.rodata 	    f380	     1d0 /usr/lib/libultra_d.a(rmonbrk.o)
		.rodata 	    f550	     100 /usr/lib/libultra_d.a(xprintf.o)
		.rodata 	    f650	      90 /usr/lib/libultra_d.a(sprawdma.o)
		.rodata 	    f6e0	      50 /usr/lib/libultra_d.a(cosf.o)
		.rodata 	    f730	      50 /usr/lib/libultra_d.a(sinf.o)
		.rodata 	    f780	      80 /usr/lib/libultra_d.a(setintmask.o)
		.rodata 	    f800	      30 /usr/lib/libultra_d.a(sprawwrite.o)
		.rodata 	    f830	      a0 /usr/lib/libultra_d.a(rmontask.o)
		.rodata 	    f8d0	      80 /usr/lib/libultra_d.a(rmonregs.o)
		.rodata 	    f950	      60 /usr/lib/libultra_d.a(xldtob.o)
		.rodata 	    f9b0	      10 /usr/lib/libultra_d.a(libm_vals.o)

.data   			    f9c0	     c70
		.data   	    f9c0	      10 morph.o
		.data   	    f9d0	      10 /usr/lib/libultra_d.a(initialize.o)
		.data   	    f9e0	      20 /usr/lib/libultra_d.a(vimgr.o)
		.data   	    fa00	     8c0 /usr/lib/libultra_d.a(vitbl.o)
		.data   	   102c0	      20 /usr/lib/libultra_d.a(pimgr.o)
		.data   	   102e0	      10 /usr/lib/libultra_d.a(rmonmain.o)
		.data   	   102f0	      10 /usr/lib/libultra_d.a(rmonprint.o)
		.data   	   10300	      10 /usr/lib/libultra_d.a(rotate.o)
		.data   	   10310	      20 /usr/lib/libultra_d.a(exceptasm.o)
		.data   	   10330	      20 /usr/lib/libultra_d.a(thread.o)
		.data   	   10350	      10 /usr/lib/libultra_d.a(timerintr.o)
		.data   	   10360	      70 /usr/lib/libultra_d.a(vi.o)
		.data   	   103d0	      10 /usr/lib/libultra_d.a(piacs.o)
		.data   	   103e0	      10 /usr/lib/libultra_d.a(rmonsio.o)
		.data   	   103f0	      e0 /usr/lib/libultra_d.a(rmoncmds.o)
		.data   	   104d0	      50 /usr/lib/libultra_d.a(xprintf.o)
		.data   	   10520	      10 /usr/lib/libultra_d.a(kdebugserver.o)
		.data   	   10530	      10 /usr/lib/libultra_d.a(syncputchars.o)
		.data   	   10540	      20 /usr/lib/libultra_d.a(error.o)
		.data   	   10560	      50 /usr/lib/libultra_d.a(vimodentsclan1.o)
		.data   	   105b0	      50 /usr/lib/libultra_d.a(vimodepallan1.o)
		.data   	   10600	      30 /usr/lib/libultra_d.a(xlitob.o)

.bss    			   10630	   421a0
		.bss    	   10630	   12930 morphdemo.o
		.bss    	   22f60	     6d0 morph.o
		.bss    	   23630	   25b40 makeverts.o
		.bss    	   49170	     400 dram_stack.o
		.bss    	   49570	    1210 /usr/lib/libultra_d.a(vimgr.o)
		.bss    	   4a780	    11d0 /usr/lib/libultra_d.a(pimgr.o)
		.bss    	   4b950	    14a0 /usr/lib/libultra_d.a(rmonmain.o)
		.bss    	   4cdf0	      80 /usr/lib/libultra_d.a(seteventmesg.o)
		.bss    	   4ce70	      10 /usr/lib/libultra_d.a(rmonprint.o)
		.bss    	   4ce80	      40 /usr/lib/libultra_d.a(sptask.o)
		.bss    	   4cec0	      60 /usr/lib/libultra_d.a(timerintr.o)
		.bss    	   4cf20	      20 /usr/lib/libultra_d.a(piacs.o)
		.bss    	   4cf40	    4220 /usr/lib/libultra_d.a(rmonmisc.o)
		.bss    	   51160	    1140 /usr/lib/libultra_d.a(rmonsio.o)
		.bss    	   522a0	     100 /usr/lib/libultra_d.a(rmonmem.o)
		.bss    	   523a0	     110 /usr/lib/libultra_d.a(rmonbrk.o)
		.bss    	   524b0	     2b0 /usr/lib/libultra_d.a(kdebugserver.o)
		.bss    	   52760	      50 /usr/lib/libultra_d.a(error.o)
		.bss    	   527b0	      20 /usr/lib/libultra_d.a(rmonregs.o)
