		LINK EDITOR MEMORY MAP


output		input		virtual
section		section		address		size

.text   			      00	   1b130
		.text   	      00	    27d0 playseq.o
		.text   	    27d0	      c0 /usr/lib/libultra_d.a(virtualtophysical.o)
		.text   	    2890	      50 /usr/lib/libultra_d.a(assert.o)
		.text   	    28e0	     110 /usr/lib/libultra_d.a(sl.o)
		.text   	    29f0	     230 /usr/lib/libultra_d.a(pidma.o)
		.text   	    2c20	     150 /usr/lib/libultra_d.a(heapalloc.o)
		.text   	    2d70	      a0 /usr/lib/libultra_d.a(cents2ratio.o)
		.text   	    2e10	     280 /usr/lib/libultra_d.a(sinf.o)
		.text   	    3090	     240 /usr/lib/libultra_d.a(initialize.o)
		.text   	    32d0	      e0 /usr/lib/libultra_d.a(pirawread.o)
		.text   	    33b0	     1b0 /usr/lib/libultra_d.a(createthread.o)
		.text   	    3560	     1a0 /usr/lib/libultra_d.a(startthread.o)
		.text   	    3700	     400 /usr/lib/libultra_d.a(vimgr.o)
		.text   	    3b00	      d0 /usr/lib/libultra_d.a(visetmode.o)
		.text   	    3bd0	     1e0 /usr/lib/libultra_d.a(pimgr.o)
		.text   	    3db0	     800 /usr/lib/libultra_d.a(rmonmain.o)
		.text   	    45b0	      60 /usr/lib/libultra_d.a(setintmask.o)
		.text   	    4610	     130 /usr/lib/libultra_d.a(setthreadpri.o)
		.text   	    4740	      a0 /usr/lib/libultra_d.a(createmesgqueue.o)
		.text   	    47e0	      a0 /usr/lib/libultra_d.a(seteventmesg.o)
		.text   	    4880	     190 /usr/lib/libultra_d.a(sendmesg.o)
		.text   	    4a10	      d0 /usr/lib/libultra_d.a(visetevent.o)
		.text   	    4ae0	      60 /usr/lib/libultra_d.a(heapinit.o)
		.text   	    4b40	      30 /usr/lib/libultra_d.a(writebackdcacheall.o)
		.text   	    4b70	     190 /usr/lib/libultra_d.a(recvmesg.o)
		.text   	    4d00	     470 /usr/lib/libultra_d.a(bnkf.o)
		.text   	    5170	     260 /usr/lib/libultra_d.a(aisetfreq.o)
		.text   	    53d0	    1b40 /usr/lib/libultra_d.a(csplayer.o)
		.text   	    6f10	      50 /usr/lib/libultra_d.a(cspsetbank.o)
		.text   	    6f60	      b0 /usr/lib/libultra_d.a(invaldcache.o)
		.text   	    7010	     f10 /usr/lib/libultra_d.a(cseq.o)
		.text   	    7f20	      50 /usr/lib/libultra_d.a(cspsetseq.o)
		.text   	    7f70	      40 /usr/lib/libultra_d.a(cspplay.o)
		.text   	    7fb0	      80 /usr/lib/libultra_d.a(invalicache.o)
		.text   	    8030	      10 /usr/lib/libultra_d.a(getcount.o)
		.text   	    8040	     920 /usr/lib/libultra_d.a(synthesizer.o)
		.text   	    8960	     110 /usr/lib/libultra_d.a(aisetnextbuf.o)
		.text   	    8a70	     120 /usr/lib/libultra_d.a(syncprintf.o)
		.text   	    8b90	     3e0 /usr/lib/libultra_d.a(sptask.o)
		.text   	    8f70	      40 /usr/lib/libultra_d.a(cspstop.o)
		.text   	    8fb0	      c0 /usr/lib/libultra_d.a(probetlb.o)
		.text   	    9070	     300 /usr/lib/libultra_d.a(rmonprint.o)
		.text   	    9370	      10 /usr/lib/libultra_d.a(assertbreak.o)
		.text   	    9380	      20 /usr/lib/libultra_d.a(syndelete.o)
		.text   	    93a0	      20 /usr/lib/libultra_d.a(errorasm.o)
		.text   	    93c0	     190 /usr/lib/libultra_d.a(jammesg.o)
		.text   	    9550	      40 /usr/lib/libultra_d.a(pigetcmdq.o)
		.text   	    9590	      40 /usr/lib/libultra_d.a(parameters.o)
		.text   	    95d0	     940 /usr/lib/libultra_d.a(exceptasm.o)
		.text   	    9f10	      10 /usr/lib/libultra_d.a(setsr.o)
		.text   	    9f20	      10 /usr/lib/libultra_d.a(getsr.o)
		.text   	    9f30	      10 /usr/lib/libultra_d.a(setfpccsr.o)
		.text   	    9f40	      c0 /usr/lib/libultra_d.a(sirawread.o)
		.text   	    a000	      90 /usr/lib/libultra_d.a(sirawwrite.o)
		.text   	    a090	      80 /usr/lib/libultra_d.a(writebackdcache.o)
		.text   	    a110	      60 /usr/lib/libultra_d.a(maptlbrdb.o)
		.text   	    a170	     370 /usr/lib/libultra_d.a(ll.o)
		.text   	    a4e0	      c0 /usr/lib/libultra_d.a(bzero.o)
		.text   	    a5a0	      50 /usr/lib/libultra_d.a(thread.o)
		.text   	    a5f0	      40 /usr/lib/libultra_d.a(interrupt.o)
		.text   	    a630	     5b0 /usr/lib/libultra_d.a(timerintr.o)
		.text   	    abe0	      30 /usr/lib/libultra_d.a(getthreadpri.o)
		.text   	    ac10	     110 /usr/lib/libultra_d.a(vi.o)
		.text   	    ad20	      20 /usr/lib/libultra_d.a(vigetcurrcontext.o)
		.text   	    ad40	     380 /usr/lib/libultra_d.a(viswapcontext.o)
		.text   	    b0c0	      e0 /usr/lib/libultra_d.a(piacs.o)
		.text   	    b1a0	     1e0 /usr/lib/libultra_d.a(pirawdma.o)
		.text   	    b380	     190 /usr/lib/libultra_d.a(devmgr.o)
		.text   	    b510	     1b0 /usr/lib/libultra_d.a(rmonmisc.o)
		.text   	    b6c0	     880 /usr/lib/libultra_d.a(rmonsio.o)
		.text   	    bf40	      c0 /usr/lib/libultra_d.a(sprawread.o)
		.text   	    c000	     940 /usr/lib/libultra_d.a(rmonmem.o)
		.text   	    c940	      c0 /usr/lib/libultra_d.a(rmoncmds.o)
		.text   	    ca00	     c90 /usr/lib/libultra_d.a(rmonbrk.o)
		.text   	    d690	    24f0 /usr/lib/libultra_d.a(seqplayer.o)
		.text   	    fb80	     420 /usr/lib/libultra_d.a(event.o)
		.text   	    ffa0	      70 /usr/lib/libultra_d.a(synaddplayer.o)
		.text   	   10010	      d0 /usr/lib/libultra_d.a(synstopvoice.o)
		.text   	   100e0	     100 /usr/lib/libultra_d.a(synfreevoice.o)
		.text   	   101e0	      f0 /usr/lib/libultra_d.a(synsetvol.o)
		.text   	   102d0	      e0 /usr/lib/libultra_d.a(synsetpitch.o)
		.text   	   103b0	     360 /usr/lib/libultra_d.a(synallocvoice.o)
		.text   	   10710	     150 /usr/lib/libultra_d.a(synstartvoiceparam.o)
		.text   	   10860	      e0 /usr/lib/libultra_d.a(synsetpan.o)
		.text   	   10940	     100 /usr/lib/libultra_d.a(synsetfxmix.o)
		.text   	   10a40	     a80 /usr/lib/libultra_d.a(drvrNew.o)
		.text   	   114c0	     100 /usr/lib/libultra_d.a(synallocfx.o)
		.text   	   115c0	     230 /usr/lib/libultra_d.a(mainbus.o)
		.text   	   117f0	    11e0 /usr/lib/libultra_d.a(load.o)
		.text   	   129d0	     460 /usr/lib/libultra_d.a(resample.o)
		.text   	   12e30	    1300 /usr/lib/libultra_d.a(env.o)
		.text   	   14130	     1a0 /usr/lib/libultra_d.a(auxbus.o)
		.text   	   142d0	     1e0 /usr/lib/libultra_d.a(save.o)
		.text   	   144b0	      50 /usr/lib/libultra_d.a(ai.o)
		.text   	   14500	     140 /usr/lib/libultra_d.a(syncputchars.o)
		.text   	   14640	    1260 /usr/lib/libultra_d.a(xprintf.o)
		.text   	   158a0	     360 /usr/lib/libultra_d.a(bcopy.o)
		.text   	   15c00	      20 /usr/lib/libultra_d.a(spsetstat.o)
		.text   	   15c20	      40 /usr/lib/libultra_d.a(spsetpc.o)
		.text   	   15c60	     130 /usr/lib/libultra_d.a(sprawdma.o)
		.text   	   15d90	      40 /usr/lib/libultra_d.a(sp.o)
		.text   	   15dd0	      60 /usr/lib/libultra_d.a(error.o)
		.text   	   15e30	     520 /usr/lib/libultra_d.a(kdebugserver.o)
		.text   	   16350	     120 /usr/lib/libultra_d.a(destroythread.o)
		.text   	   16470	      40 /usr/lib/libultra_d.a(si.o)
		.text   	   164b0	      10 /usr/lib/libultra_d.a(setcompare.o)
		.text   	   164c0	      b0 /usr/lib/libultra_d.a(pirawwrite.o)
		.text   	   16570	      30 /usr/lib/libultra_d.a(getthreadid.o)
		.text   	   165a0	      70 /usr/lib/libultra_d.a(giorawinterrupt.o)
		.text   	   16610	      e0 /usr/lib/libultra_d.a(stopthread.o)
		.text   	   166f0	      90 /usr/lib/libultra_d.a(sprawwrite.o)
		.text   	   16780	     b70 /usr/lib/libultra_d.a(rmontask.o)
		.text   	   172f0	     c60 /usr/lib/libultra_d.a(rmonregs.o)
		.text   	   17f50	      20 /usr/lib/libultra_d.a(getactivequeue.o)
		.text   	   17f70	     a40 /usr/lib/libultra_d.a(seq.o)
		.text   	   189b0	      20 /usr/lib/libultra_d.a(synsetpriority.o)
		.text   	   189d0	      60 /usr/lib/libultra_d.a(copy.o)
		.text   	   18a30	      30 /usr/lib/libultra_d.a(filter.o)
		.text   	   18a60	     c10 /usr/lib/libultra_d.a(reverb.o)
		.text   	   19670	      70 /usr/lib/libultra_d.a(atomic.o)
		.text   	   196e0	      10 /usr/lib/libultra_d.a(getcause.o)
		.text   	   196f0	     100 /usr/lib/libultra_d.a(string.o)
		.text   	   197f0	     330 /usr/lib/libultra_d.a(xlitob.o)
		.text   	   19b20	     ed0 /usr/lib/libultra_d.a(xldtob.o)
		.text   	   1a9f0	     460 /usr/lib/libultra_d.a(log.o)
		.text   	   1ae50	      b0 /usr/lib/libultra_d.a(rmonrcp.o)
		.text   	   1af00	     1f0 /usr/lib/libultra_d.a(ldiv.o)
		.text   	   1b0f0	      40 /usr/lib/libultra_d.a(giointerrupt.o)

.rdata  			   1b130	    14f0
		.rodata 	   1b130	     110 playseq.o
		.rodata 	   1b240	      20 /usr/lib/libultra_d.a(assert.o)
		.rodata 	   1b260	      10 /usr/lib/libultra_d.a(heapalloc.o)
		.rodata 	   1b270	      10 /usr/lib/libultra_d.a(cents2ratio.o)
		.rodata 	   1b280	      50 /usr/lib/libultra_d.a(sinf.o)
		.rodata 	   1b2d0	      30 /usr/lib/libultra_d.a(pirawread.o)
		.rodata 	   1b300	      30 /usr/lib/libultra_d.a(visetmode.o)
		.rodata 	   1b330	      60 /usr/lib/libultra_d.a(rmonmain.o)
		.rodata 	   1b390	      80 /usr/lib/libultra_d.a(setintmask.o)
		.rodata 	   1b410	      20 /usr/lib/libultra_d.a(visetevent.o)
		.rodata 	   1b430	     330 /usr/lib/libultra_d.a(csplayer.o)
		.rodata 	   1b760	      10 /usr/lib/libultra_d.a(cseq.o)
		.rodata 	   1b770	      e0 /usr/lib/libultra_d.a(synthesizer.o)
		.rodata 	   1b850	      10 /usr/lib/libultra_d.a(libm_vals.o)
		.rodata 	   1b860	      50 /usr/lib/libultra_d.a(exceptasm.o)
		.rodata 	   1b8b0	      50 /usr/lib/libultra_d.a(sirawread.o)
		.rodata 	   1b900	      30 /usr/lib/libultra_d.a(sirawwrite.o)
		.rodata 	   1b930	      30 /usr/lib/libultra_d.a(rmonmisc.o)
		.rodata 	   1b960	      60 /usr/lib/libultra_d.a(rmonsio.o)
		.rodata 	   1b9c0	      50 /usr/lib/libultra_d.a(sprawread.o)
		.rodata 	   1ba10	      d0 /usr/lib/libultra_d.a(rmonmem.o)
		.rodata 	   1bae0	     1d0 /usr/lib/libultra_d.a(rmonbrk.o)
		.rodata 	   1bcb0	     3e0 /usr/lib/libultra_d.a(seqplayer.o)
		.rodata 	   1c090	      f0 /usr/lib/libultra_d.a(drvrNew.o)
		.rodata 	   1c180	      30 /usr/lib/libultra_d.a(resample.o)
		.rodata 	   1c1b0	      c0 /usr/lib/libultra_d.a(env.o)
		.rodata 	   1c270	      30 /usr/lib/libultra_d.a(save.o)
		.rodata 	   1c2a0	     100 /usr/lib/libultra_d.a(xprintf.o)
		.rodata 	   1c3a0	      90 /usr/lib/libultra_d.a(sprawdma.o)
		.rodata 	   1c430	      30 /usr/lib/libultra_d.a(sprawwrite.o)
		.rodata 	   1c460	      a0 /usr/lib/libultra_d.a(rmontask.o)
		.rodata 	   1c500	      80 /usr/lib/libultra_d.a(rmonregs.o)
		.rodata 	   1c580	      10 /usr/lib/libultra_d.a(seq.o)
		.rodata 	   1c590	      30 /usr/lib/libultra_d.a(reverb.o)
		.rodata 	   1c5c0	      60 /usr/lib/libultra_d.a(xldtob.o)

.data   			   1c620	    1080
		.data   	   1c620	     130 playseq.o
		.data   	   1c750	     8c0 /usr/lib/libultra_d.a(vitbl.o)
		.data   	   1d010	      10 /usr/lib/libultra_d.a(sl.o)
		.data   	   1d020	      10 /usr/lib/libultra_d.a(initialize.o)
		.data   	   1d030	      20 /usr/lib/libultra_d.a(vimgr.o)
		.data   	   1d050	      20 /usr/lib/libultra_d.a(pimgr.o)
		.data   	   1d070	      10 /usr/lib/libultra_d.a(rmonmain.o)
		.data   	   1d080	      10 /usr/lib/libultra_d.a(aisetnextbuf.o)
		.data   	   1d090	      10 /usr/lib/libultra_d.a(rmonprint.o)
		.data   	   1d0a0	      20 /usr/lib/libultra_d.a(exceptasm.o)
		.data   	   1d0c0	      20 /usr/lib/libultra_d.a(thread.o)
		.data   	   1d0e0	      10 /usr/lib/libultra_d.a(timerintr.o)
		.data   	   1d0f0	      70 /usr/lib/libultra_d.a(vi.o)
		.data   	   1d160	      10 /usr/lib/libultra_d.a(piacs.o)
		.data   	   1d170	      10 /usr/lib/libultra_d.a(rmonsio.o)
		.data   	   1d180	      e0 /usr/lib/libultra_d.a(rmoncmds.o)
		.data   	   1d260	     190 /usr/lib/libultra_d.a(drvrNew.o)
		.data   	   1d3f0	     140 /usr/lib/libultra_d.a(env.o)
		.data   	   1d530	      10 /usr/lib/libultra_d.a(syncputchars.o)
		.data   	   1d540	      50 /usr/lib/libultra_d.a(xprintf.o)
		.data   	   1d590	      20 /usr/lib/libultra_d.a(error.o)
		.data   	   1d5b0	      10 /usr/lib/libultra_d.a(kdebugserver.o)
		.data   	   1d5c0	      50 /usr/lib/libultra_d.a(vimodentsclan1.o)
		.data   	   1d610	      50 /usr/lib/libultra_d.a(vimodepallan1.o)
		.data   	   1d660	      10 /usr/lib/libultra_d.a(reverb.o)
		.data   	   1d670	      30 /usr/lib/libultra_d.a(xlitob.o)

.bss    			   1d6a0	   85050
		.bss    	   1d6a0	   7bdf0 playseq.o
		.bss    	   99490	    1210 /usr/lib/libultra_d.a(vimgr.o)
		.bss    	   9a6a0	    11d0 /usr/lib/libultra_d.a(pimgr.o)
		.bss    	   9b870	    14a0 /usr/lib/libultra_d.a(rmonmain.o)
		.bss    	   9cd10	      80 /usr/lib/libultra_d.a(seteventmesg.o)
		.bss    	   9cd90	      40 /usr/lib/libultra_d.a(sptask.o)
		.bss    	   9cdd0	      10 /usr/lib/libultra_d.a(rmonprint.o)
		.bss    	   9cde0	      60 /usr/lib/libultra_d.a(timerintr.o)
		.bss    	   9ce40	      20 /usr/lib/libultra_d.a(piacs.o)
		.bss    	   9ce60	    4220 /usr/lib/libultra_d.a(rmonmisc.o)
		.bss    	   a1080	    1140 /usr/lib/libultra_d.a(rmonsio.o)
		.bss    	   a21c0	     100 /usr/lib/libultra_d.a(rmonmem.o)
		.bss    	   a22c0	     110 /usr/lib/libultra_d.a(rmonbrk.o)
		.bss    	   a23d0	      50 /usr/lib/libultra_d.a(error.o)
		.bss    	   a2420	     2b0 /usr/lib/libultra_d.a(kdebugserver.o)
		.bss    	   a26d0	      20 /usr/lib/libultra_d.a(rmonregs.o)
