		LINK EDITOR MEMORY MAP


output		input		virtual
section		section		address		size

.text   			      00	   16a90
		.text   	      00	     ec0 audio.o
		.text   	     ec0	     9d0 audiomgr.o
		.text   	    1890	     480 controller.o
		.text   	    1d10	     730 gfx.o
		.text   	    2440	     180 misc.o
		.text   	    25c0	     460 simple.o
		.text   	    2a20	      40 /usr/lib/libultra.a(heapinit.o)
		.text   	    2a60	      60 /usr/lib/libultra.a(heapalloc.o)
		.text   	    2ac0	     250 /usr/lib/libultra.a(bnkf.o)
		.text   	    2d10	    1940 /usr/lib/libultra.a(seqplayer.o)
		.text   	    4650	     620 /usr/lib/libultra.a(seq.o)
		.text   	    4c70	      40 /usr/lib/libultra.a(seqploop.o)
		.text   	    4cb0	      40 /usr/lib/libultra.a(seqpsetseq.o)
		.text   	    4cf0	      40 /usr/lib/libultra.a(seqpsetbank.o)
		.text   	    4d30	      30 /usr/lib/libultra.a(seqpplay.o)
		.text   	    4d60	     710 /usr/lib/libultra.a(sndplayer.o)
		.text   	    5470	      a0 /usr/lib/libultra.a(sndpallocate.o)
		.text   	    5510	      20 /usr/lib/libultra.a(sndpsetsound.o)
		.text   	    5530	      20 /usr/lib/libultra.a(sndpgetstate.o)
		.text   	    5550	      60 /usr/lib/libultra.a(sndpsetpitch.o)
		.text   	    55b0	      60 /usr/lib/libultra.a(sndpsetfxmix.o)
		.text   	    5610	      60 /usr/lib/libultra.a(sndpsetpan.o)
		.text   	    5670	      60 /usr/lib/libultra.a(sndpsetvol.o)
		.text   	    56d0	      70 /usr/lib/libultra.a(sndpplay.o)
		.text   	    5740	      50 /usr/lib/libultra.a(sndpstop.o)
		.text   	    5790	      50 /usr/lib/libultra.a(sndpdeallocate.o)
		.text   	    57e0	      10 /usr/lib/libultra.a(sqrtf.o)
		.text   	    57f0	     170 /usr/lib/libultra.a(cosf.o)
		.text   	    5960	     1c0 /usr/lib/libultra.a(sinf.o)
		.text   	    5b20	     160 /usr/lib/libultra.a(aisetfreq.o)
		.text   	    5c80	      c0 /usr/lib/libultra.a(sl.o)
		.text   	    5d40	      30 /usr/lib/libultra.a(createmesgqueue.o)
		.text   	    5d70	     150 /usr/lib/libultra.a(createthread.o)
		.text   	    5ec0	     150 /usr/lib/libultra.a(startthread.o)
		.text   	    6010	     940 /usr/lib/libultra.a(sched.o)
		.text   	    6950	     140 /usr/lib/libultra.a(recvmesg.o)
		.text   	    6a90	      80 /usr/lib/libultra.a(virtualtophysical.o)
		.text   	    6b10	      b0 /usr/lib/libultra.a(aisetnextbuf.o)
		.text   	    6bc0	      10 /usr/lib/libultra.a(aigetlen.o)
		.text   	    6bd0	     6d0 /usr/lib/libultra.a(synthesizer.o)
		.text   	    72a0	     150 /usr/lib/libultra.a(sendmesg.o)
		.text   	    73f0	      f0 /usr/lib/libultra.a(syncprintf.o)
		.text   	    74e0	     110 /usr/lib/libultra.a(pidma.o)
		.text   	    75f0	     400 /usr/lib/libultra.a(log.o)
		.text   	    79f0	      70 /usr/lib/libultra.a(seteventmesg.o)
		.text   	    7a60	     3c0 /usr/lib/libultra.a(controller.o)
		.text   	    7e20	     260 /usr/lib/libultra.a(contreaddata.o)
		.text   	    8080	     1c0 /usr/lib/libultra.a(visetspecial.o)
		.text   	    8240	      80 /usr/lib/libultra.a(writebackdcache.o)
		.text   	    82c0	     290 /usr/lib/libultra.a(perspective.o)
		.text   	    8550	     330 /usr/lib/libultra.a(lookat.o)
		.text   	    8880	      a0 /usr/lib/libultra.a(scale.o)
		.text   	    8920	      a0 /usr/lib/libultra.a(translate.o)
		.text   	    89c0	     1f0 /usr/lib/libultra.a(rotate.o)
		.text   	    8bb0	     230 /usr/lib/libultra.a(initialize.o)
		.text   	    8de0	      60 /usr/lib/libultra.a(pirawread.o)
		.text   	    8e40	     180 /usr/lib/libultra.a(pimgr.o)
		.text   	    8fc0	     760 /usr/lib/libultra.a(rmonmain.o)
		.text   	    9720	      e0 /usr/lib/libultra.a(setthreadpri.o)
		.text   	    9800	      b0 /usr/lib/libultra.a(invaldcache.o)
		.text   	    98b0	     340 /usr/lib/libultra.a(event.o)
		.text   	    9bf0	      50 /usr/lib/libultra.a(synaddplayer.o)
		.text   	    9c40	      80 /usr/lib/libultra.a(synstopvoice.o)
		.text   	    9cc0	      b0 /usr/lib/libultra.a(synfreevoice.o)
		.text   	    9d70	      a0 /usr/lib/libultra.a(synsetvol.o)
		.text   	    9e10	      90 /usr/lib/libultra.a(synsetpitch.o)
		.text   	    9ea0	     230 /usr/lib/libultra.a(synallocvoice.o)
		.text   	    a0d0	      50 /usr/lib/libultra.a(cents2ratio.o)
		.text   	    a120	      f0 /usr/lib/libultra.a(synstartvoiceparam.o)
		.text   	    a210	      90 /usr/lib/libultra.a(synsetpan.o)
		.text   	    a2a0	      a0 /usr/lib/libultra.a(synsetfxmix.o)
		.text   	    a340	      10 /usr/lib/libultra.a(synsetpriority.o)
		.text   	    a350	      90 /usr/lib/libultra.a(synstartvoice.o)
		.text   	    a3e0	      60 /usr/lib/libultra.a(setintmask.o)
		.text   	    a440	      e0 /usr/lib/libultra.a(vi.o)
		.text   	    a520	      10 /usr/lib/libultra.a(syndelete.o)
		.text   	    a530	      40 /usr/lib/libultra.a(thread.o)
		.text   	    a570	     870 /usr/lib/libultra.a(exceptasm.o)
		.text   	    ade0	      40 /usr/lib/libultra.a(interrupt.o)
		.text   	    ae20	     360 /usr/lib/libultra.a(vimgr.o)
		.text   	    b180	      70 /usr/lib/libultra.a(visetmode.o)
		.text   	    b1f0	      70 /usr/lib/libultra.a(viblack.o)
		.text   	    b260	      70 /usr/lib/libultra.a(visetevent.o)
		.text   	    b2d0	      80 /usr/lib/libultra.a(sptaskyielded.o)
		.text   	    b350	      40 /usr/lib/libultra.a(vigetcurrframebuf.o)
		.text   	    b390	      40 /usr/lib/libultra.a(vigetnextframebuf.o)
		.text   	    b3d0	      50 /usr/lib/libultra.a(viswapbuf.o)
		.text   	    b420	      30 /usr/lib/libultra.a(writebackdcacheall.o)
		.text   	    b450	     2c0 /usr/lib/libultra.a(sptask.o)
		.text   	    b710	      b0 /usr/lib/libultra.a(dpsetnextbuf.o)
		.text   	    b7c0	      20 /usr/lib/libultra.a(sptaskyield.o)
		.text   	    b7e0	      c0 /usr/lib/libultra.a(probetlb.o)
		.text   	    b8a0	      30 /usr/lib/libultra.a(ai.o)
		.text   	    b8d0	     780 /usr/lib/libultra.a(drvrNew.o)
		.text   	    c050	      a0 /usr/lib/libultra.a(synallocfx.o)
		.text   	    c0f0	     150 /usr/lib/libultra.a(mainbus.o)
		.text   	    c240	     b50 /usr/lib/libultra.a(load.o)
		.text   	    cd90	     300 /usr/lib/libultra.a(resample.o)
		.text   	    d090	     c60 /usr/lib/libultra.a(env.o)
		.text   	    dcf0	     110 /usr/lib/libultra.a(auxbus.o)
		.text   	    de00	      c0 /usr/lib/libultra.a(save.o)
		.text   	    dec0	     130 /usr/lib/libultra.a(syncputchars.o)
		.text   	    dff0	    1190 /usr/lib/libultra.a(xprintf.o)
		.text   	    f180	     150 /usr/lib/libultra.a(jammesg.o)
		.text   	    f2d0	      30 /usr/lib/libultra.a(pigetcmdq.o)
		.text   	    f300	      10 /usr/lib/libultra.a(getcount.o)
		.text   	    f310	      c0 /usr/lib/libultra.a(piacs.o)
		.text   	    f3d0	      50 /usr/lib/libultra.a(pirawwrite.o)
		.text   	    f420	      30 /usr/lib/libultra.a(giointerrupt.o)
		.text   	    f450	     7d0 /usr/lib/libultra.a(rmonsio.o)
		.text   	    fc20	      90 /usr/lib/libultra.a(gettime.o)
		.text   	    fcb0	     2c0 /usr/lib/libultra.a(ll.o)
		.text   	    ff70	      e0 /usr/lib/libultra.a(settimer.o)
		.text   	   10050	      b0 /usr/lib/libultra.a(sirawdma.o)
		.text   	   10100	      c0 /usr/lib/libultra.a(siacs.o)
		.text   	   101c0	     270 /usr/lib/libultra.a(mtxutil.o)
		.text   	   10430	      90 /usr/lib/libultra.a(normalize.o)
		.text   	   104c0	      10 /usr/lib/libultra.a(setsr.o)
		.text   	   104d0	      10 /usr/lib/libultra.a(getsr.o)
		.text   	   104e0	      10 /usr/lib/libultra.a(setfpccsr.o)
		.text   	   104f0	      50 /usr/lib/libultra.a(sirawread.o)
		.text   	   10540	      50 /usr/lib/libultra.a(sirawwrite.o)
		.text   	   10590	      80 /usr/lib/libultra.a(invalicache.o)
		.text   	   10610	      60 /usr/lib/libultra.a(maptlbrdb.o)
		.text   	   10670	      40 /usr/lib/libultra.a(parameters.o)
		.text   	   106b0	      a0 /usr/lib/libultra.a(bzero.o)
		.text   	   10750	      20 /usr/lib/libultra.a(getthreadpri.o)
		.text   	   10770	      e0 /usr/lib/libultra.a(pirawdma.o)
		.text   	   10850	     180 /usr/lib/libultra.a(devmgr.o)
		.text   	   109d0	      50 /usr/lib/libultra.a(sprawread.o)
		.text   	   10a20	     890 /usr/lib/libultra.a(rmonmem.o)
		.text   	   112b0	     190 /usr/lib/libultra.a(rmonmisc.o)
		.text   	   11440	      a0 /usr/lib/libultra.a(rmoncmds.o)
		.text   	   114e0	     af0 /usr/lib/libultra.a(rmonbrk.o)
		.text   	   11fd0	      80 /usr/lib/libultra.a(copy.o)
		.text   	   12050	     360 /usr/lib/libultra.a(viswapcontext.o)
		.text   	   123b0	     480 /usr/lib/libultra.a(kdebugserver.o)
		.text   	   12830	     100 /usr/lib/libultra.a(destroythread.o)
		.text   	   12930	     4d0 /usr/lib/libultra.a(timerintr.o)
		.text   	   12e00	      10 /usr/lib/libultra.a(vigetcurrcontext.o)
		.text   	   12e10	      10 /usr/lib/libultra.a(spgetstat.o)
		.text   	   12e20	     310 /usr/lib/libultra.a(bcopy.o)
		.text   	   13130	      10 /usr/lib/libultra.a(spsetstat.o)
		.text   	   13140	      40 /usr/lib/libultra.a(spsetpc.o)
		.text   	   13180	      90 /usr/lib/libultra.a(sprawdma.o)
		.text   	   13210	      30 /usr/lib/libultra.a(sp.o)
		.text   	   13240	      30 /usr/lib/libultra.a(dp.o)
		.text   	   13270	      20 /usr/lib/libultra.a(filter.o)
		.text   	   13290	     c10 /usr/lib/libultra.a(reverb.o)
		.text   	   13ea0	      60 /usr/lib/libultra.a(atomic.o)
		.text   	   13f00	      10 /usr/lib/libultra.a(getcause.o)
		.text   	   13f10	      a0 /usr/lib/libultra.a(string.o)
		.text   	   13fb0	     300 /usr/lib/libultra.a(xlitob.o)
		.text   	   142b0	     dd0 /usr/lib/libultra.a(xldtob.o)
		.text   	   15080	      70 /usr/lib/libultra.a(giorawinterrupt.o)
		.text   	   150f0	      20 /usr/lib/libultra.a(getthreadid.o)
		.text   	   15110	      c0 /usr/lib/libultra.a(stopthread.o)
		.text   	   151d0	      30 /usr/lib/libultra.a(si.o)
		.text   	   15200	      50 /usr/lib/libultra.a(sprawwrite.o)
		.text   	   15250	     a70 /usr/lib/libultra.a(rmontask.o)
		.text   	   15cc0	     b80 /usr/lib/libultra.a(rmonregs.o)
		.text   	   16840	      10 /usr/lib/libultra.a(getactivequeue.o)
		.text   	   16850	      10 /usr/lib/libultra.a(setcompare.o)
		.text   	   16860	     190 /usr/lib/libultra.a(ldiv.o)
		.text   	   169f0	      a0 /usr/lib/libultra.a(rmonrcp.o)

.rdata  			   16a90	     c50
		.rodata 	   16a90	      10 audio.o
		.rodata 	   16aa0	      30 audiomgr.o
		.rodata 	   16ad0	      90 controller.o
		.rodata 	   16b60	     240 /usr/lib/libultra.a(seqplayer.o)
		.rodata 	   16da0	      10 /usr/lib/libultra.a(seq.o)
		.rodata 	   16db0	      40 /usr/lib/libultra.a(sndplayer.o)
		.rodata 	   16df0	      50 /usr/lib/libultra.a(cosf.o)
		.rodata 	   16e40	      50 /usr/lib/libultra.a(sinf.o)
		.rodata 	   16e90	      20 /usr/lib/libultra.a(sched.o)
		.rodata 	   16eb0	      10 /usr/lib/libultra.a(synthesizer.o)
		.rodata 	   16ec0	      10 /usr/lib/libultra.a(perspective.o)
		.rodata 	   16ed0	      10 /usr/lib/libultra.a(rotate.o)
		.rodata 	   16ee0	      60 /usr/lib/libultra.a(rmonmain.o)
		.rodata 	   16f40	      10 /usr/lib/libultra.a(cents2ratio.o)
		.rodata 	   16f50	      80 /usr/lib/libultra.a(setintmask.o)
		.rodata 	   16fd0	      10 /usr/lib/libultra.a(libm_vals.o)
		.rodata 	   16fe0	      50 /usr/lib/libultra.a(exceptasm.o)
		.rodata 	   17030	      30 /usr/lib/libultra.a(drvrNew.o)
		.rodata 	   17060	      40 /usr/lib/libultra.a(resample.o)
		.rodata 	   170a0	      60 /usr/lib/libultra.a(env.o)
		.rodata 	   17100	     100 /usr/lib/libultra.a(xprintf.o)
		.rodata 	   17200	      60 /usr/lib/libultra.a(rmonsio.o)
		.rodata 	   17260	      d0 /usr/lib/libultra.a(rmonmem.o)
		.rodata 	   17330	      30 /usr/lib/libultra.a(rmonmisc.o)
		.rodata 	   17360	     1d0 /usr/lib/libultra.a(rmonbrk.o)
		.rodata 	   17530	      30 /usr/lib/libultra.a(reverb.o)
		.rodata 	   17560	      60 /usr/lib/libultra.a(xldtob.o)
		.rodata 	   175c0	      a0 /usr/lib/libultra.a(rmontask.o)
		.rodata 	   17660	      80 /usr/lib/libultra.a(rmonregs.o)

.data   			   176e0	     fd0
		.data   	   176e0	      10 audio.o
		.data   	   176f0	      10 audiomgr.o
		.data   	   17700	      30 controller.o
		.data   	   17730	      10 gfx.o
		.data   	   17740	      10 misc.o
		.data   	   17750	      10 simple.o
		.data   	   17760	      10 /usr/lib/libultra.a(sl.o)
		.data   	   17770	      10 /usr/lib/libultra.a(sched.o)
		.data   	   17780	      10 /usr/lib/libultra.a(aisetnextbuf.o)
		.data   	   17790	      10 /usr/lib/libultra.a(controller.o)
		.data   	   177a0	      10 /usr/lib/libultra.a(initialize.o)
		.data   	   177b0	      20 /usr/lib/libultra.a(pimgr.o)
		.data   	   177d0	      10 /usr/lib/libultra.a(rmonmain.o)
		.data   	   177e0	      70 /usr/lib/libultra.a(vi.o)
		.data   	   17850	      20 /usr/lib/libultra.a(thread.o)
		.data   	   17870	      20 /usr/lib/libultra.a(exceptasm.o)
		.data   	   17890	      20 /usr/lib/libultra.a(vimgr.o)
		.data   	   178b0	     8c0 /usr/lib/libultra.a(vitbl.o)
		.data   	   18170	     190 /usr/lib/libultra.a(drvrNew.o)
		.data   	   18300	     140 /usr/lib/libultra.a(env.o)
		.data   	   18440	      10 /usr/lib/libultra.a(syncputchars.o)
		.data   	   18450	      50 /usr/lib/libultra.a(xprintf.o)
		.data   	   184a0	      10 /usr/lib/libultra.a(piacs.o)
		.data   	   184b0	      10 /usr/lib/libultra.a(rmonsio.o)
		.data   	   184c0	      10 /usr/lib/libultra.a(siacs.o)
		.data   	   184d0	      e0 /usr/lib/libultra.a(rmoncmds.o)
		.data   	   185b0	      50 /usr/lib/libultra.a(vimodentsclan1.o)
		.data   	   18600	      50 /usr/lib/libultra.a(vimodepallan1.o)
		.data   	   18650	      10 /usr/lib/libultra.a(kdebugserver.o)
		.data   	   18660	      10 /usr/lib/libultra.a(timerintr.o)
		.data   	   18670	      10 /usr/lib/libultra.a(reverb.o)
		.data   	   18680	      30 /usr/lib/libultra.a(xlitob.o)

.bss    			   186b0	   81f30
		.bss    	   186b0	   49770 audio.o
		.bss    	   61e20	    2840 audiomgr.o
		.bss    	   64660	      50 controller.o
		.bss    	   646b0	      10 gfx.o
		.bss    	   646c0	     400 gfxstack.o
		.bss    	   64ac0	     900 gfxyield.o
		.bss    	   653c0	   2bf60 simple.o
		.bss    	   91320	      80 /usr/lib/libultra.a(seteventmesg.o)
		.bss    	   913a0	      90 /usr/lib/libultra.a(controller.o)
		.bss    	   91430	      10 /usr/lib/libultra.a(rotate.o)
		.bss    	   91440	    11d0 /usr/lib/libultra.a(pimgr.o)
		.bss    	   92610	    14a0 /usr/lib/libultra.a(rmonmain.o)
		.bss    	   93ab0	    1210 /usr/lib/libultra.a(vimgr.o)
		.bss    	   94cc0	      40 /usr/lib/libultra.a(sptask.o)
		.bss    	   94d00	      20 /usr/lib/libultra.a(piacs.o)
		.bss    	   94d20	    1140 /usr/lib/libultra.a(rmonsio.o)
		.bss    	   95e60	      20 /usr/lib/libultra.a(siacs.o)
		.bss    	   95e80	     100 /usr/lib/libultra.a(rmonmem.o)
		.bss    	   95f80	    4220 /usr/lib/libultra.a(rmonmisc.o)
		.bss    	   9a1a0	     110 /usr/lib/libultra.a(rmonbrk.o)
		.bss    	   9a2b0	     2b0 /usr/lib/libultra.a(kdebugserver.o)
		.bss    	   9a560	      60 /usr/lib/libultra.a(timerintr.o)
		.bss    	   9a5c0	      20 /usr/lib/libultra.a(rmonregs.o)
