		LINK EDITOR MEMORY MAP


output		input		virtual
section		section		address		size

.text   			      00	   216c0
		.text   	      00	    1a20 audio.o
		.text   	    1a20	     e40 audiomgr.o
		.text   	    2860	     5a0 controller.o
		.text   	    2e00	     b50 gfx.o
		.text   	    3950	     2c0 misc.o
		.text   	    3c10	     4c0 simple.o
		.text   	    40d0	      60 /usr/lib/libultra_d.a(heapinit.o)
		.text   	    4130	     150 /usr/lib/libultra_d.a(heapalloc.o)
		.text   	    4280	     470 /usr/lib/libultra_d.a(bnkf.o)
		.text   	    46f0	      f0 /usr/lib/libultra_d.a(syncprintf.o)
		.text   	    47e0	      50 /usr/lib/libultra_d.a(assert.o)
		.text   	    4830	    1b40 /usr/lib/libultra_d.a(csplayer.o)
		.text   	    6370	      40 /usr/lib/libultra_d.a(cspstop.o)
		.text   	    63b0	     f10 /usr/lib/libultra_d.a(cseq.o)
		.text   	    72c0	      50 /usr/lib/libultra_d.a(cspsetseq.o)
		.text   	    7310	      50 /usr/lib/libultra_d.a(cspsetbank.o)
		.text   	    7360	      40 /usr/lib/libultra_d.a(cspplay.o)
		.text   	    73a0	     170 /usr/lib/libultra_d.a(sndpallocate.o)
		.text   	    7510	      80 /usr/lib/libultra_d.a(sndpsetsound.o)
		.text   	    7590	      40 /usr/lib/libultra_d.a(sndpgetstate.o)
		.text   	    75d0	      c0 /usr/lib/libultra_d.a(sndpsetpitch.o)
		.text   	    7690	      c0 /usr/lib/libultra_d.a(sndpsetfxmix.o)
		.text   	    7750	      c0 /usr/lib/libultra_d.a(sndpsetpan.o)
		.text   	    7810	      c0 /usr/lib/libultra_d.a(sndpsetvol.o)
		.text   	    78d0	      b0 /usr/lib/libultra_d.a(sndpplay.o)
		.text   	    7980	      70 /usr/lib/libultra_d.a(sndpstop.o)
		.text   	    79f0	      b0 /usr/lib/libultra_d.a(sndpdeallocate.o)
		.text   	    7aa0	      10 /usr/lib/libultra_d.a(sqrtf.o)
		.text   	    7ab0	     240 /usr/lib/libultra_d.a(cosf.o)
		.text   	    7cf0	     280 /usr/lib/libultra_d.a(sinf.o)
		.text   	    7f70	     2d0 /usr/lib/libultra_d.a(aisetfreq.o)
		.text   	    8240	     110 /usr/lib/libultra_d.a(sl.o)
		.text   	    8350	      a0 /usr/lib/libultra_d.a(createmesgqueue.o)
		.text   	    83f0	     1b0 /usr/lib/libultra_d.a(createthread.o)
		.text   	    85a0	     1a0 /usr/lib/libultra_d.a(startthread.o)
		.text   	    8740	    1010 /usr/lib/libultra_d.a(sched.o)
		.text   	    9750	     190 /usr/lib/libultra_d.a(recvmesg.o)
		.text   	    98e0	      c0 /usr/lib/libultra_d.a(virtualtophysical.o)
		.text   	    99a0	     110 /usr/lib/libultra_d.a(aisetnextbuf.o)
		.text   	    9ab0	      20 /usr/lib/libultra_d.a(aigetlen.o)
		.text   	    9ad0	     930 /usr/lib/libultra_d.a(synthesizer.o)
		.text   	    a400	     190 /usr/lib/libultra_d.a(sendmesg.o)
		.text   	    a590	     240 /usr/lib/libultra_d.a(pidma.o)
		.text   	    a7d0	     4c0 /usr/lib/libultra_d.a(log.o)
		.text   	    ac90	      a0 /usr/lib/libultra_d.a(seteventmesg.o)
		.text   	    ad30	     400 /usr/lib/libultra_d.a(controller.o)
		.text   	    b130	     290 /usr/lib/libultra_d.a(contreaddata.o)
		.text   	    b3c0	     220 /usr/lib/libultra_d.a(visetspecial.o)
		.text   	    b5e0	      80 /usr/lib/libultra_d.a(writebackdcache.o)
		.text   	    b660	     300 /usr/lib/libultra_d.a(perspective.o)
		.text   	    b960	     470 /usr/lib/libultra_d.a(lookat.o)
		.text   	    bdd0	      c0 /usr/lib/libultra_d.a(scale.o)
		.text   	    be90	      b0 /usr/lib/libultra_d.a(translate.o)
		.text   	    bf40	     270 /usr/lib/libultra_d.a(rotate.o)
		.text   	    c1b0	     2c0 /usr/lib/libultra_d.a(initialize.o)
		.text   	    c470	      e0 /usr/lib/libultra_d.a(pirawread.o)
		.text   	    c550	     330 /usr/lib/libultra_d.a(pimgr.o)
		.text   	    c880	     440 /usr/lib/libultra_d.a(rmonmain.o)
		.text   	    ccc0	     130 /usr/lib/libultra_d.a(setthreadpri.o)
		.text   	    cdf0	      b0 /usr/lib/libultra_d.a(invaldcache.o)
		.text   	    cea0	      20 /usr/lib/libultra_d.a(errorasm.o)
		.text   	    cec0	     310 /usr/lib/libultra_d.a(rdbsend.o)
		.text   	    d1d0	    1260 /usr/lib/libultra_d.a(xprintf.o)
		.text   	    e430	      10 /usr/lib/libultra_d.a(assertbreak.o)
		.text   	    e440	    24f0 /usr/lib/libultra_d.a(seqplayer.o)
		.text   	   10930	     420 /usr/lib/libultra_d.a(event.o)
		.text   	   10d50	      70 /usr/lib/libultra_d.a(synaddplayer.o)
		.text   	   10dc0	      d0 /usr/lib/libultra_d.a(synstopvoice.o)
		.text   	   10e90	     100 /usr/lib/libultra_d.a(synfreevoice.o)
		.text   	   10f90	      f0 /usr/lib/libultra_d.a(synsetvol.o)
		.text   	   11080	      e0 /usr/lib/libultra_d.a(synsetpitch.o)
		.text   	   11160	     360 /usr/lib/libultra_d.a(synallocvoice.o)
		.text   	   114c0	      a0 /usr/lib/libultra_d.a(cents2ratio.o)
		.text   	   11560	     150 /usr/lib/libultra_d.a(synstartvoiceparam.o)
		.text   	   116b0	      e0 /usr/lib/libultra_d.a(synsetpan.o)
		.text   	   11790	     100 /usr/lib/libultra_d.a(synsetfxmix.o)
		.text   	   11890	      a0 /usr/lib/libultra_d.a(setintmask.o)
		.text   	   11930	     170 /usr/lib/libultra_d.a(vi.o)
		.text   	   11aa0	      20 /usr/lib/libultra_d.a(syndelete.o)
		.text   	   11ac0	      50 /usr/lib/libultra_d.a(thread.o)
		.text   	   11b10	     db0 /usr/lib/libultra_d.a(exceptasm.o)
		.text   	   128c0	      40 /usr/lib/libultra_d.a(interrupt.o)
		.text   	   12900	     400 /usr/lib/libultra_d.a(vimgr.o)
		.text   	   12d00	      d0 /usr/lib/libultra_d.a(visetmode.o)
		.text   	   12dd0	      80 /usr/lib/libultra_d.a(viblack.o)
		.text   	   12e50	      d0 /usr/lib/libultra_d.a(visetevent.o)
		.text   	   12f20	      90 /usr/lib/libultra_d.a(sptaskyielded.o)
		.text   	   12fb0	      d0 /usr/lib/libultra_d.a(gettime.o)
		.text   	   13080	      80 /usr/lib/libultra_d.a(vigetcurrframebuf.o)
		.text   	   13100	      80 /usr/lib/libultra_d.a(vigetnextframebuf.o)
		.text   	   13180	      e0 /usr/lib/libultra_d.a(viswapbuf.o)
		.text   	   13260	      30 /usr/lib/libultra_d.a(writebackdcacheall.o)
		.text   	   13290	     3e0 /usr/lib/libultra_d.a(sptask.o)
		.text   	   13670	     130 /usr/lib/libultra_d.a(dpsetnextbuf.o)
		.text   	   137a0	      30 /usr/lib/libultra_d.a(sptaskyield.o)
		.text   	   137d0	      c0 /usr/lib/libultra_d.a(probetlb.o)
		.text   	   13890	      50 /usr/lib/libultra_d.a(ai.o)
		.text   	   138e0	     aa0 /usr/lib/libultra_d.a(drvrNew.o)
		.text   	   14380	     100 /usr/lib/libultra_d.a(synallocfx.o)
		.text   	   14480	     230 /usr/lib/libultra_d.a(mainbus.o)
		.text   	   146b0	    11e0 /usr/lib/libultra_d.a(load.o)
		.text   	   15890	     460 /usr/lib/libultra_d.a(resample.o)
		.text   	   15cf0	    1300 /usr/lib/libultra_d.a(env.o)
		.text   	   16ff0	     1a0 /usr/lib/libultra_d.a(auxbus.o)
		.text   	   17190	     1e0 /usr/lib/libultra_d.a(save.o)
		.text   	   17370	     190 /usr/lib/libultra_d.a(jammesg.o)
		.text   	   17500	      40 /usr/lib/libultra_d.a(pigetcmdq.o)
		.text   	   17540	      10 /usr/lib/libultra_d.a(getcount.o)
		.text   	   17550	     370 /usr/lib/libultra_d.a(ll.o)
		.text   	   178c0	     110 /usr/lib/libultra_d.a(settimer.o)
		.text   	   179d0	      f0 /usr/lib/libultra_d.a(sirawdma.o)
		.text   	   17ac0	      e0 /usr/lib/libultra_d.a(siacs.o)
		.text   	   17ba0	     340 /usr/lib/libultra_d.a(mtxutil.o)
		.text   	   17ee0	      b0 /usr/lib/libultra_d.a(normalize.o)
		.text   	   17f90	      40 /usr/lib/libultra_d.a(parameters.o)
		.text   	   17fd0	      10 /usr/lib/libultra_d.a(setsr.o)
		.text   	   17fe0	      10 /usr/lib/libultra_d.a(getsr.o)
		.text   	   17ff0	      10 /usr/lib/libultra_d.a(setfpccsr.o)
		.text   	   18000	      c0 /usr/lib/libultra_d.a(sirawread.o)
		.text   	   180c0	      90 /usr/lib/libultra_d.a(sirawwrite.o)
		.text   	   18150	      80 /usr/lib/libultra_d.a(invalicache.o)
		.text   	   181d0	      60 /usr/lib/libultra_d.a(maptlbrdb.o)
		.text   	   18230	      c0 /usr/lib/libultra_d.a(bzero.o)
		.text   	   182f0	      60 /usr/lib/libultra_d.a(sethwinterrupt.o)
		.text   	   18350	     990 /usr/lib/libultra_d.a(leointerrupt.o)
		.text   	   18ce0	      e0 /usr/lib/libultra_d.a(piacs.o)
		.text   	   18dc0	      30 /usr/lib/libultra_d.a(getthreadpri.o)
		.text   	   18df0	     1e0 /usr/lib/libultra_d.a(pirawdma.o)
		.text   	   18fd0	     1e0 /usr/lib/libultra_d.a(epirawdma.o)
		.text   	   191b0	     3d0 /usr/lib/libultra_d.a(devmgr.o)
		.text   	   19580	     1b0 /usr/lib/libultra_d.a(rmonmisc.o)
		.text   	   19730	     250 /usr/lib/libultra_d.a(rmonsio.o)
		.text   	   19980	      c0 /usr/lib/libultra_d.a(sprawread.o)
		.text   	   19a40	     9e0 /usr/lib/libultra_d.a(rmonmem.o)
		.text   	   1a420	     c80 /usr/lib/libultra_d.a(rmonbrk.o)
		.text   	   1b0a0	      60 /usr/lib/libultra_d.a(error.o)
		.text   	   1b100	      b0 /usr/lib/libultra_d.a(initrdb.o)
		.text   	   1b1b0	     100 /usr/lib/libultra_d.a(string.o)
		.text   	   1b2b0	     330 /usr/lib/libultra_d.a(xlitob.o)
		.text   	   1b5e0	     ed0 /usr/lib/libultra_d.a(xldtob.o)
		.text   	   1c4b0	     a40 /usr/lib/libultra_d.a(seq.o)
		.text   	   1cef0	      20 /usr/lib/libultra_d.a(synsetpriority.o)
		.text   	   1cf10	      60 /usr/lib/libultra_d.a(copy.o)
		.text   	   1cf70	     380 /usr/lib/libultra_d.a(viswapcontext.o)
		.text   	   1d2f0	     360 /usr/lib/libultra_d.a(kdebugserver.o)
		.text   	   1d650	      f0 /usr/lib/libultra_d.a(readhost.o)
		.text   	   1d740	     120 /usr/lib/libultra_d.a(destroythread.o)
		.text   	   1d860	     5b0 /usr/lib/libultra_d.a(timerintr.o)
		.text   	   1de10	      20 /usr/lib/libultra_d.a(vigetcurrcontext.o)
		.text   	   1de30	      20 /usr/lib/libultra_d.a(spgetstat.o)
		.text   	   1de50	     360 /usr/lib/libultra_d.a(bcopy.o)
		.text   	   1e1b0	      20 /usr/lib/libultra_d.a(spsetstat.o)
		.text   	   1e1d0	      40 /usr/lib/libultra_d.a(spsetpc.o)
		.text   	   1e210	     130 /usr/lib/libultra_d.a(sprawdma.o)
		.text   	   1e340	      40 /usr/lib/libultra_d.a(sp.o)
		.text   	   1e380	      40 /usr/lib/libultra_d.a(dp.o)
		.text   	   1e3c0	      30 /usr/lib/libultra_d.a(filter.o)
		.text   	   1e3f0	    1290 /usr/lib/libultra_d.a(reverb.o)
		.text   	   1f680	      40 /usr/lib/libultra_d.a(si.o)
		.text   	   1f6c0	     110 /usr/lib/libultra_d.a(leodiskinit.o)
		.text   	   1f7d0	      70 /usr/lib/libultra_d.a(resetglobalintmask.o)
		.text   	   1f840	      b0 /usr/lib/libultra_d.a(epirawwrite.o)
		.text   	   1f8f0	      60 /usr/lib/libultra_d.a(yieldthread.o)
		.text   	   1f950	      c0 /usr/lib/libultra_d.a(rmoncmds.o)
		.text   	   1fa10	      90 /usr/lib/libultra_d.a(sprawwrite.o)
		.text   	   1faa0	     cf0 /usr/lib/libultra_d.a(rmonregs.o)
		.text   	   20790	     b70 /usr/lib/libultra_d.a(rmontask.o)
		.text   	   21300	      20 /usr/lib/libultra_d.a(getactivequeue.o)
		.text   	   21320	     1f0 /usr/lib/libultra_d.a(ldiv.o)
		.text   	   21510	      10 /usr/lib/libultra_d.a(getcause.o)
		.text   	   21520	      10 /usr/lib/libultra_d.a(setcompare.o)
		.text   	   21530	      b0 /usr/lib/libultra_d.a(rmonrcp.o)
		.text   	   215e0	      e0 /usr/lib/libultra_d.a(stopthread.o)

.rdata  			   216c0	    19f0
		.rodata 	   216c0	     220 audio.o
		.rodata 	   218e0	      c0 audiomgr.o
		.rodata 	   219a0	      90 controller.o
		.rodata 	   21a30	      80 gfx.o
		.rodata 	   21ab0	      10 /usr/lib/libultra_d.a(heapalloc.o)
		.rodata 	   21ac0	      20 /usr/lib/libultra_d.a(assert.o)
		.rodata 	   21ae0	     330 /usr/lib/libultra_d.a(csplayer.o)
		.rodata 	   21e10	      10 /usr/lib/libultra_d.a(cseq.o)
		.rodata 	   21e20	      50 /usr/lib/libultra_d.a(cosf.o)
		.rodata 	   21e70	      50 /usr/lib/libultra_d.a(sinf.o)
		.rodata 	   21ec0	     1a0 /usr/lib/libultra_d.a(sched.o)
		.rodata 	   22060	      e0 /usr/lib/libultra_d.a(synthesizer.o)
		.rodata 	   22140	      10 /usr/lib/libultra_d.a(perspective.o)
		.rodata 	   22150	      30 /usr/lib/libultra_d.a(pirawread.o)
		.rodata 	   22180	      40 /usr/lib/libultra_d.a(rmonmain.o)
		.rodata 	   221c0	     100 /usr/lib/libultra_d.a(xprintf.o)
		.rodata 	   222c0	     3e0 /usr/lib/libultra_d.a(seqplayer.o)
		.rodata 	   226a0	      10 /usr/lib/libultra_d.a(cents2ratio.o)
		.rodata 	   226b0	      80 /usr/lib/libultra_d.a(setintmask.o)
		.rodata 	   22730	      10 /usr/lib/libultra_d.a(libm_vals.o)
		.rodata 	   22740	      50 /usr/lib/libultra_d.a(exceptasm.o)
		.rodata 	   22790	      30 /usr/lib/libultra_d.a(visetmode.o)
		.rodata 	   227c0	      20 /usr/lib/libultra_d.a(visetevent.o)
		.rodata 	   227e0	      30 /usr/lib/libultra_d.a(viswapbuf.o)
		.rodata 	   22810	      f0 /usr/lib/libultra_d.a(drvrNew.o)
		.rodata 	   22900	      30 /usr/lib/libultra_d.a(resample.o)
		.rodata 	   22930	      c0 /usr/lib/libultra_d.a(env.o)
		.rodata 	   229f0	      30 /usr/lib/libultra_d.a(save.o)
		.rodata 	   22a20	      30 /usr/lib/libultra_d.a(sirawdma.o)
		.rodata 	   22a50	      50 /usr/lib/libultra_d.a(sirawread.o)
		.rodata 	   22aa0	      30 /usr/lib/libultra_d.a(sirawwrite.o)
		.rodata 	   22ad0	      20 /usr/lib/libultra_d.a(devmgr.o)
		.rodata 	   22af0	      30 /usr/lib/libultra_d.a(rmonmisc.o)
		.rodata 	   22b20	      50 /usr/lib/libultra_d.a(sprawread.o)
		.rodata 	   22b70	      d0 /usr/lib/libultra_d.a(rmonmem.o)
		.rodata 	   22c40	     1d0 /usr/lib/libultra_d.a(rmonbrk.o)
		.rodata 	   22e10	      60 /usr/lib/libultra_d.a(xldtob.o)
		.rodata 	   22e70	      10 /usr/lib/libultra_d.a(seq.o)
		.rodata 	   22e80	      90 /usr/lib/libultra_d.a(sprawdma.o)
		.rodata 	   22f10	      50 /usr/lib/libultra_d.a(reverb.o)
		.rodata 	   22f60	      30 /usr/lib/libultra_d.a(sprawwrite.o)
		.rodata 	   22f90	      80 /usr/lib/libultra_d.a(rmonregs.o)
		.rodata 	   23010	      a0 /usr/lib/libultra_d.a(rmontask.o)

.data   			   230b0	    14e0
		.data   	   230b0	      10 audio.o
		.data   	   230c0	      10 audiomgr.o
		.data   	   230d0	      30 controller.o
		.data   	   23100	      10 gfx.o
		.data   	   23110	      10 misc.o
		.data   	   23120	      10 simple.o
		.data   	   23130	      10 /usr/lib/libultra_d.a(sl.o)
		.data   	   23140	      10 /usr/lib/libultra_d.a(sched.o)
		.data   	   23150	      10 /usr/lib/libultra_d.a(aisetnextbuf.o)
		.data   	   23160	      10 /usr/lib/libultra_d.a(log.o)
		.data   	   23170	      10 /usr/lib/libultra_d.a(controller.o)
		.data   	   23180	      10 /usr/lib/libultra_d.a(rotate.o)
		.data   	   23190	      20 /usr/lib/libultra_d.a(initialize.o)
		.data   	   231b0	      20 /usr/lib/libultra_d.a(pimgr.o)
		.data   	   231d0	      10 /usr/lib/libultra_d.a(rmonmain.o)
		.data   	   231e0	      10 /usr/lib/libultra_d.a(rdbsend.o)
		.data   	   231f0	      50 /usr/lib/libultra_d.a(xprintf.o)
		.data   	   23240	      70 /usr/lib/libultra_d.a(vi.o)
		.data   	   232b0	      20 /usr/lib/libultra_d.a(thread.o)
		.data   	   232d0	      20 /usr/lib/libultra_d.a(exceptasm.o)
		.data   	   232f0	     d20 /usr/lib/libultra_d.a(vitbl.o)
		.data   	   24010	      20 /usr/lib/libultra_d.a(vimgr.o)
		.data   	   24030	     190 /usr/lib/libultra_d.a(drvrNew.o)
		.data   	   241c0	     140 /usr/lib/libultra_d.a(env.o)
		.data   	   24300	      10 /usr/lib/libultra_d.a(siacs.o)
		.data   	   24310	      10 /usr/lib/libultra_d.a(piacs.o)
		.data   	   24320	      20 /usr/lib/libultra_d.a(error.o)
		.data   	   24340	      30 /usr/lib/libultra_d.a(xlitob.o)
		.data   	   24370	      50 /usr/lib/libultra_d.a(vimodentsclan1.o)
		.data   	   243c0	      50 /usr/lib/libultra_d.a(vimodepallan1.o)
		.data   	   24410	      50 /usr/lib/libultra_d.a(vimodempallan1.o)
		.data   	   24460	      10 /usr/lib/libultra_d.a(kdebugserver.o)
		.data   	   24470	      10 /usr/lib/libultra_d.a(readhost.o)
		.data   	   24480	      10 /usr/lib/libultra_d.a(timerintr.o)
		.data   	   24490	      20 /usr/lib/libultra_d.a(reverb.o)
		.data   	   244b0	      e0 /usr/lib/libultra_d.a(rmoncmds.o)

.bss    			   24590	   9acc0
		.bss    	   24590	   61e70 audio.o
		.bss    	   86400	    2ec0 audiomgr.o
		.bss    	   892c0	      50 controller.o
		.bss    	   89310	      10 gfx.o
		.bss    	   89320	     400 gfxstack.o
		.bss    	   89720	     ba0 gfxyield.o
		.bss    	   8a2c0	      10 misc.o
		.bss    	   8a2d0	   2bf80 simple.o
		.bss    	   b6250	      20 /usr/lib/libultra_d.a(log.o)
		.bss    	   b6270	      c0 /usr/lib/libultra_d.a(seteventmesg.o)
		.bss    	   b6330	      90 /usr/lib/libultra_d.a(controller.o)
		.bss    	   b63c0	    17c0 /usr/lib/libultra_d.a(pimgr.o)
		.bss    	   b7b80	     480 /usr/lib/libultra_d.a(rmonmain.o)
		.bss    	   b8000	    1220 /usr/lib/libultra_d.a(vimgr.o)
		.bss    	   b9220	      40 /usr/lib/libultra_d.a(sptask.o)
		.bss    	   b9260	      20 /usr/lib/libultra_d.a(siacs.o)
		.bss    	   b9280	    1000 /usr/lib/libultra_d.a(leointerrupt.o)
		.bss    	   ba280	      20 /usr/lib/libultra_d.a(piacs.o)
		.bss    	   ba2a0	    4220 /usr/lib/libultra_d.a(rmonmisc.o)
		.bss    	   be4c0	     820 /usr/lib/libultra_d.a(rmonsio.o)
		.bss    	   bece0	     100 /usr/lib/libultra_d.a(rmonmem.o)
		.bss    	   bede0	     110 /usr/lib/libultra_d.a(rmonbrk.o)
		.bss    	   beef0	      50 /usr/lib/libultra_d.a(error.o)
		.bss    	   bef40	      20 /usr/lib/libultra_d.a(initrdb.o)
		.bss    	   bef60	     1c0 /usr/lib/libultra_d.a(kdebugserver.o)
		.bss    	   bf120	      30 /usr/lib/libultra_d.a(readhost.o)
		.bss    	   bf150	      60 /usr/lib/libultra_d.a(timerintr.o)
		.bss    	   bf1b0	      80 /usr/lib/libultra_d.a(leodiskinit.o)
		.bss    	   bf230	      20 /usr/lib/libultra_d.a(rmonregs.o)
