		LINK EDITOR MEMORY MAP


output		input		virtual
section		section		address		size

.text   			      00	    ff50
		.text   	      00	     ec0 audio.o
		.text   	     ec0	     950 audiomgr.o
		.text   	    1810	     2c0 controller.o
		.text   	    1ad0	     730 gfx.o
		.text   	    2200	     180 misc.o
		.text   	    2380	     3a0 simple.o
		.text   	    2720	      40 /usr/lib/libultra_rom.a(heapinit.o)
		.text   	    2760	      60 /usr/lib/libultra_rom.a(heapalloc.o)
		.text   	    27c0	     250 /usr/lib/libultra_rom.a(bnkf.o)
		.text   	    2a10	    1940 /usr/lib/libultra_rom.a(seqplayer.o)
		.text   	    4350	     620 /usr/lib/libultra_rom.a(seq.o)
		.text   	    4970	      40 /usr/lib/libultra_rom.a(seqploop.o)
		.text   	    49b0	      40 /usr/lib/libultra_rom.a(seqpsetseq.o)
		.text   	    49f0	      40 /usr/lib/libultra_rom.a(seqpsetbank.o)
		.text   	    4a30	      30 /usr/lib/libultra_rom.a(seqpplay.o)
		.text   	    4a60	     710 /usr/lib/libultra_rom.a(sndplayer.o)
		.text   	    5170	      a0 /usr/lib/libultra_rom.a(sndpallocate.o)
		.text   	    5210	      20 /usr/lib/libultra_rom.a(sndpsetsound.o)
		.text   	    5230	      20 /usr/lib/libultra_rom.a(sndpgetstate.o)
		.text   	    5250	      60 /usr/lib/libultra_rom.a(sndpsetpitch.o)
		.text   	    52b0	      60 /usr/lib/libultra_rom.a(sndpsetfxmix.o)
		.text   	    5310	      60 /usr/lib/libultra_rom.a(sndpsetpan.o)
		.text   	    5370	      60 /usr/lib/libultra_rom.a(sndpsetvol.o)
		.text   	    53d0	      70 /usr/lib/libultra_rom.a(sndpplay.o)
		.text   	    5440	      50 /usr/lib/libultra_rom.a(sndpstop.o)
		.text   	    5490	      50 /usr/lib/libultra_rom.a(sndpdeallocate.o)
		.text   	    54e0	      10 /usr/lib/libultra_rom.a(sqrtf.o)
		.text   	    54f0	     170 /usr/lib/libultra_rom.a(cosf.o)
		.text   	    5660	     1c0 /usr/lib/libultra_rom.a(sinf.o)
		.text   	    5820	     160 /usr/lib/libultra_rom.a(aisetfreq.o)
		.text   	    5980	      c0 /usr/lib/libultra_rom.a(sl.o)
		.text   	    5a40	      30 /usr/lib/libultra_rom.a(createmesgqueue.o)
		.text   	    5a70	     150 /usr/lib/libultra_rom.a(createthread.o)
		.text   	    5bc0	     150 /usr/lib/libultra_rom.a(startthread.o)
		.text   	    5d10	     940 /usr/lib/libultra_rom.a(sched.o)
		.text   	    6650	     140 /usr/lib/libultra_rom.a(recvmesg.o)
		.text   	    6790	      80 /usr/lib/libultra_rom.a(virtualtophysical.o)
		.text   	    6810	      b0 /usr/lib/libultra_rom.a(aisetnextbuf.o)
		.text   	    68c0	      10 /usr/lib/libultra_rom.a(aigetlen.o)
		.text   	    68d0	     6d0 /usr/lib/libultra_rom.a(synthesizer.o)
		.text   	    6fa0	     150 /usr/lib/libultra_rom.a(sendmesg.o)
		.text   	    70f0	     110 /usr/lib/libultra_rom.a(pidma.o)
		.text   	    7200	      70 /usr/lib/libultra_rom.a(seteventmesg.o)
		.text   	    7270	     3c0 /usr/lib/libultra_rom.a(controller.o)
		.text   	    7630	     260 /usr/lib/libultra_rom.a(contreaddata.o)
		.text   	    7890	     1c0 /usr/lib/libultra_rom.a(visetspecial.o)
		.text   	    7a50	      80 /usr/lib/libultra_rom.a(writebackdcache.o)
		.text   	    7ad0	     290 /usr/lib/libultra_rom.a(perspective.o)
		.text   	    7d60	     330 /usr/lib/libultra_rom.a(lookat.o)
		.text   	    8090	      a0 /usr/lib/libultra_rom.a(scale.o)
		.text   	    8130	      a0 /usr/lib/libultra_rom.a(translate.o)
		.text   	    81d0	     1f0 /usr/lib/libultra_rom.a(rotate.o)
		.text   	    83c0	     230 /usr/lib/libultra_rom.a(initialize.o)
		.text   	    85f0	     180 /usr/lib/libultra_rom.a(pimgr.o)
		.text   	    8770	      e0 /usr/lib/libultra_rom.a(setthreadpri.o)
		.text   	    8850	      b0 /usr/lib/libultra_rom.a(invaldcache.o)
		.text   	    8900	     340 /usr/lib/libultra_rom.a(event.o)
		.text   	    8c40	      50 /usr/lib/libultra_rom.a(synaddplayer.o)
		.text   	    8c90	      80 /usr/lib/libultra_rom.a(synstopvoice.o)
		.text   	    8d10	      b0 /usr/lib/libultra_rom.a(synfreevoice.o)
		.text   	    8dc0	      a0 /usr/lib/libultra_rom.a(synsetvol.o)
		.text   	    8e60	      90 /usr/lib/libultra_rom.a(synsetpitch.o)
		.text   	    8ef0	     230 /usr/lib/libultra_rom.a(synallocvoice.o)
		.text   	    9120	      50 /usr/lib/libultra_rom.a(cents2ratio.o)
		.text   	    9170	      f0 /usr/lib/libultra_rom.a(synstartvoiceparam.o)
		.text   	    9260	      90 /usr/lib/libultra_rom.a(synsetpan.o)
		.text   	    92f0	      a0 /usr/lib/libultra_rom.a(synsetfxmix.o)
		.text   	    9390	      10 /usr/lib/libultra_rom.a(synsetpriority.o)
		.text   	    93a0	      90 /usr/lib/libultra_rom.a(synstartvoice.o)
		.text   	    9430	      60 /usr/lib/libultra_rom.a(setintmask.o)
		.text   	    9490	      e0 /usr/lib/libultra_rom.a(vi.o)
		.text   	    9570	      10 /usr/lib/libultra_rom.a(syndelete.o)
		.text   	    9580	      40 /usr/lib/libultra_rom.a(thread.o)
		.text   	    95c0	     870 /usr/lib/libultra_rom.a(exceptasm.o)
		.text   	    9e30	      40 /usr/lib/libultra_rom.a(interrupt.o)
		.text   	    9e70	     360 /usr/lib/libultra_rom.a(vimgr.o)
		.text   	    a1d0	      70 /usr/lib/libultra_rom.a(visetmode.o)
		.text   	    a240	      70 /usr/lib/libultra_rom.a(viblack.o)
		.text   	    a2b0	      70 /usr/lib/libultra_rom.a(visetevent.o)
		.text   	    a320	      80 /usr/lib/libultra_rom.a(sptaskyielded.o)
		.text   	    a3a0	      40 /usr/lib/libultra_rom.a(vigetcurrframebuf.o)
		.text   	    a3e0	      40 /usr/lib/libultra_rom.a(vigetnextframebuf.o)
		.text   	    a420	      50 /usr/lib/libultra_rom.a(viswapbuf.o)
		.text   	    a470	      30 /usr/lib/libultra_rom.a(writebackdcacheall.o)
		.text   	    a4a0	     2c0 /usr/lib/libultra_rom.a(sptask.o)
		.text   	    a760	      b0 /usr/lib/libultra_rom.a(dpsetnextbuf.o)
		.text   	    a810	      20 /usr/lib/libultra_rom.a(sptaskyield.o)
		.text   	    a830	      c0 /usr/lib/libultra_rom.a(probetlb.o)
		.text   	    a8f0	      30 /usr/lib/libultra_rom.a(ai.o)
		.text   	    a920	     780 /usr/lib/libultra_rom.a(drvrNew.o)
		.text   	    b0a0	      a0 /usr/lib/libultra_rom.a(synallocfx.o)
		.text   	    b140	     150 /usr/lib/libultra_rom.a(mainbus.o)
		.text   	    b290	     b50 /usr/lib/libultra_rom.a(load.o)
		.text   	    bde0	     300 /usr/lib/libultra_rom.a(resample.o)
		.text   	    c0e0	     c60 /usr/lib/libultra_rom.a(env.o)
		.text   	    cd40	     110 /usr/lib/libultra_rom.a(auxbus.o)
		.text   	    ce50	      c0 /usr/lib/libultra_rom.a(save.o)
		.text   	    cf10	     150 /usr/lib/libultra_rom.a(jammesg.o)
		.text   	    d060	      30 /usr/lib/libultra_rom.a(pigetcmdq.o)
		.text   	    d090	      90 /usr/lib/libultra_rom.a(gettime.o)
		.text   	    d120	     2c0 /usr/lib/libultra_rom.a(ll.o)
		.text   	    d3e0	      e0 /usr/lib/libultra_rom.a(settimer.o)
		.text   	    d4c0	      b0 /usr/lib/libultra_rom.a(sirawdma.o)
		.text   	    d570	      c0 /usr/lib/libultra_rom.a(siacs.o)
		.text   	    d630	     270 /usr/lib/libultra_rom.a(mtxutil.o)
		.text   	    d8a0	      90 /usr/lib/libultra_rom.a(normalize.o)
		.text   	    d930	      10 /usr/lib/libultra_rom.a(setsr.o)
		.text   	    d940	      10 /usr/lib/libultra_rom.a(getsr.o)
		.text   	    d950	      10 /usr/lib/libultra_rom.a(setfpccsr.o)
		.text   	    d960	      50 /usr/lib/libultra_rom.a(sirawread.o)
		.text   	    d9b0	      50 /usr/lib/libultra_rom.a(sirawwrite.o)
		.text   	    da00	      80 /usr/lib/libultra_rom.a(invalicache.o)
		.text   	    da80	      60 /usr/lib/libultra_rom.a(maptlbrdb.o)
		.text   	    dae0	      60 /usr/lib/libultra_rom.a(pirawread.o)
		.text   	    db40	      40 /usr/lib/libultra_rom.a(parameters.o)
		.text   	    db80	      a0 /usr/lib/libultra_rom.a(bzero.o)
		.text   	    dc20	      c0 /usr/lib/libultra_rom.a(piacs.o)
		.text   	    dce0	      20 /usr/lib/libultra_rom.a(getthreadpri.o)
		.text   	    dd00	      e0 /usr/lib/libultra_rom.a(pirawdma.o)
		.text   	    dde0	     180 /usr/lib/libultra_rom.a(devmgr.o)
		.text   	    df60	      80 /usr/lib/libultra_rom.a(copy.o)
		.text   	    dfe0	     360 /usr/lib/libultra_rom.a(viswapcontext.o)
		.text   	    e340	     480 /usr/lib/libultra_rom.a(kdebugserver.o)
		.text   	    e7c0	     130 /usr/lib/libultra_rom.a(syncputchars.o)
		.text   	    e8f0	     100 /usr/lib/libultra_rom.a(destroythread.o)
		.text   	    e9f0	     400 /usr/lib/libultra_rom.a(timerintr.o)
		.text   	    edf0	      10 /usr/lib/libultra_rom.a(vigetcurrcontext.o)
		.text   	    ee00	      10 /usr/lib/libultra_rom.a(getcount.o)
		.text   	    ee10	      10 /usr/lib/libultra_rom.a(spgetstat.o)
		.text   	    ee20	     310 /usr/lib/libultra_rom.a(bcopy.o)
		.text   	    f130	      10 /usr/lib/libultra_rom.a(spsetstat.o)
		.text   	    f140	      40 /usr/lib/libultra_rom.a(spsetpc.o)
		.text   	    f180	      90 /usr/lib/libultra_rom.a(sprawdma.o)
		.text   	    f210	      30 /usr/lib/libultra_rom.a(sp.o)
		.text   	    f240	      30 /usr/lib/libultra_rom.a(dp.o)
		.text   	    f270	      20 /usr/lib/libultra_rom.a(filter.o)
		.text   	    f290	     c10 /usr/lib/libultra_rom.a(reverb.o)
		.text   	    fea0	      30 /usr/lib/libultra_rom.a(si.o)
		.text   	    fed0	      10 /usr/lib/libultra_rom.a(getcause.o)
		.text   	    fee0	      60 /usr/lib/libultra_rom.a(atomic.o)
		.text   	    ff40	      10 /usr/lib/libultra_rom.a(setcompare.o)

.rdata  			    ff50	     590
		.rodata 	    ff50	      10 audio.o
		.rodata 	    ff60	      10 controller.o
		.rodata 	    ff70	     240 /usr/lib/libultra_rom.a(seqplayer.o)
		.rodata 	   101b0	      10 /usr/lib/libultra_rom.a(seq.o)
		.rodata 	   101c0	      40 /usr/lib/libultra_rom.a(sndplayer.o)
		.rodata 	   10200	      50 /usr/lib/libultra_rom.a(cosf.o)
		.rodata 	   10250	      50 /usr/lib/libultra_rom.a(sinf.o)
		.rodata 	   102a0	      20 /usr/lib/libultra_rom.a(sched.o)
		.rodata 	   102c0	      10 /usr/lib/libultra_rom.a(synthesizer.o)
		.rodata 	   102d0	      10 /usr/lib/libultra_rom.a(perspective.o)
		.rodata 	   102e0	      10 /usr/lib/libultra_rom.a(rotate.o)
		.rodata 	   102f0	      10 /usr/lib/libultra_rom.a(cents2ratio.o)
		.rodata 	   10300	      80 /usr/lib/libultra_rom.a(setintmask.o)
		.rodata 	   10380	      10 /usr/lib/libultra_rom.a(libm_vals.o)
		.rodata 	   10390	      50 /usr/lib/libultra_rom.a(exceptasm.o)
		.rodata 	   103e0	      30 /usr/lib/libultra_rom.a(drvrNew.o)
		.rodata 	   10410	      40 /usr/lib/libultra_rom.a(resample.o)
		.rodata 	   10450	      60 /usr/lib/libultra_rom.a(env.o)
		.rodata 	   104b0	      30 /usr/lib/libultra_rom.a(reverb.o)

.data   			   104e0	     e40
		.data   	   104e0	      10 audio.o
		.data   	   104f0	      10 audiomgr.o
		.data   	   10500	      30 controller.o
		.data   	   10530	      10 gfx.o
		.data   	   10540	      10 misc.o
		.data   	   10550	      10 /usr/lib/libultra_rom.a(sl.o)
		.data   	   10560	      10 /usr/lib/libultra_rom.a(sched.o)
		.data   	   10570	      10 /usr/lib/libultra_rom.a(aisetnextbuf.o)
		.data   	   10580	      10 /usr/lib/libultra_rom.a(controller.o)
		.data   	   10590	      10 /usr/lib/libultra_rom.a(initialize.o)
		.data   	   105a0	      20 /usr/lib/libultra_rom.a(pimgr.o)
		.data   	   105c0	      70 /usr/lib/libultra_rom.a(vi.o)
		.data   	   10630	      20 /usr/lib/libultra_rom.a(thread.o)
		.data   	   10650	      20 /usr/lib/libultra_rom.a(exceptasm.o)
		.data   	   10670	      20 /usr/lib/libultra_rom.a(vimgr.o)
		.data   	   10690	     8c0 /usr/lib/libultra_rom.a(vitbl.o)
		.data   	   10f50	     190 /usr/lib/libultra_rom.a(drvrNew.o)
		.data   	   110e0	     140 /usr/lib/libultra_rom.a(env.o)
		.data   	   11220	      10 /usr/lib/libultra_rom.a(siacs.o)
		.data   	   11230	      10 /usr/lib/libultra_rom.a(piacs.o)
		.data   	   11240	      50 /usr/lib/libultra_rom.a(vimodentsclan1.o)
		.data   	   11290	      50 /usr/lib/libultra_rom.a(vimodepallan1.o)
		.data   	   112e0	      10 /usr/lib/libultra_rom.a(kdebugserver.o)
		.data   	   112f0	      10 /usr/lib/libultra_rom.a(syncputchars.o)
		.data   	   11300	      10 /usr/lib/libultra_rom.a(timerintr.o)
		.data   	   11310	      10 /usr/lib/libultra_rom.a(reverb.o)

.bss    			   11320	   5a320
		.bss    	   11320	   49770 audio.o
		.bss    	   5aa90	    2840 audiomgr.o
		.bss    	   5d2d0	      50 controller.o
		.bss    	   5d320	      10 gfx.o
		.bss    	   5d330	     400 gfxstack.o
		.bss    	   5d730	     900 gfxyield.o
		.bss    	   5e030	    ad90 simple.o
		.bss    	   68dc0	      80 /usr/lib/libultra_rom.a(seteventmesg.o)
		.bss    	   68e40	      90 /usr/lib/libultra_rom.a(controller.o)
		.bss    	   68ed0	      10 /usr/lib/libultra_rom.a(rotate.o)
		.bss    	   68ee0	      10 /usr/lib/libultra_rom.a(initialize.o)
		.bss    	   68ef0	    11d0 /usr/lib/libultra_rom.a(pimgr.o)
		.bss    	   6a0c0	    1210 /usr/lib/libultra_rom.a(vimgr.o)
		.bss    	   6b2d0	      40 /usr/lib/libultra_rom.a(sptask.o)
		.bss    	   6b310	      20 /usr/lib/libultra_rom.a(siacs.o)
		.bss    	   6b330	      20 /usr/lib/libultra_rom.a(piacs.o)
		.bss    	   6b350	     2b0 /usr/lib/libultra_rom.a(kdebugserver.o)
		.bss    	   6b600	      40 /usr/lib/libultra_rom.a(timerintr.o)
