		LINK EDITOR MEMORY MAP


output		input		virtual
section		section		address		size

.text   			      00	   18510
		.text   	      00	     e80 audio.o
		.text   	     e80	     9d0 audiomgr.o
		.text   	    1850	     460 controller.o
		.text   	    1cb0	     730 gfx.o
		.text   	    23e0	     190 misc.o
		.text   	    2570	     480 simple.o
		.text   	    29f0	      40 /usr/lib/libultra.a(heapinit.o)
		.text   	    2a30	      60 /usr/lib/libultra.a(heapalloc.o)
		.text   	    2a90	     250 /usr/lib/libultra.a(bnkf.o)
		.text   	    2ce0	      b0 /usr/lib/libultra.a(syncprintf.o)
		.text   	    2d90	    1230 /usr/lib/libultra.a(csplayer.o)
		.text   	    3fc0	      30 /usr/lib/libultra.a(cspstop.o)
		.text   	    3ff0	     ac0 /usr/lib/libultra.a(cseq.o)
		.text   	    4ab0	      40 /usr/lib/libultra.a(cspsetseq.o)
		.text   	    4af0	      40 /usr/lib/libultra.a(cspsetbank.o)
		.text   	    4b30	      30 /usr/lib/libultra.a(cspplay.o)
		.text   	    4b60	      a0 /usr/lib/libultra.a(sndpallocate.o)
		.text   	    4c00	      20 /usr/lib/libultra.a(sndpsetsound.o)
		.text   	    4c20	      20 /usr/lib/libultra.a(sndpgetstate.o)
		.text   	    4c40	      60 /usr/lib/libultra.a(sndpsetpitch.o)
		.text   	    4ca0	      60 /usr/lib/libultra.a(sndpsetfxmix.o)
		.text   	    4d00	      60 /usr/lib/libultra.a(sndpsetpan.o)
		.text   	    4d60	      60 /usr/lib/libultra.a(sndpsetvol.o)
		.text   	    4dc0	      70 /usr/lib/libultra.a(sndpplay.o)
		.text   	    4e30	      50 /usr/lib/libultra.a(sndpstop.o)
		.text   	    4e80	      50 /usr/lib/libultra.a(sndpdeallocate.o)
		.text   	    4ed0	      10 /usr/lib/libultra.a(sqrtf.o)
		.text   	    4ee0	     170 /usr/lib/libultra.a(cosf.o)
		.text   	    5050	     1c0 /usr/lib/libultra.a(sinf.o)
		.text   	    5210	     160 /usr/lib/libultra.a(aisetfreq.o)
		.text   	    5370	      c0 /usr/lib/libultra.a(sl.o)
		.text   	    5430	      30 /usr/lib/libultra.a(createmesgqueue.o)
		.text   	    5460	     150 /usr/lib/libultra.a(createthread.o)
		.text   	    55b0	     150 /usr/lib/libultra.a(startthread.o)
		.text   	    5700	     9e0 /usr/lib/libultra.a(sched.o)
		.text   	    60e0	     140 /usr/lib/libultra.a(recvmesg.o)
		.text   	    6220	      80 /usr/lib/libultra.a(virtualtophysical.o)
		.text   	    62a0	      b0 /usr/lib/libultra.a(aisetnextbuf.o)
		.text   	    6350	      10 /usr/lib/libultra.a(aigetlen.o)
		.text   	    6360	     6e0 /usr/lib/libultra.a(synthesizer.o)
		.text   	    6a40	     150 /usr/lib/libultra.a(sendmesg.o)
		.text   	    6b90	     110 /usr/lib/libultra.a(pidma.o)
		.text   	    6ca0	     450 /usr/lib/libultra.a(log.o)
		.text   	    70f0	      70 /usr/lib/libultra.a(seteventmesg.o)
		.text   	    7160	     3c0 /usr/lib/libultra.a(controller.o)
		.text   	    7520	     260 /usr/lib/libultra.a(contreaddata.o)
		.text   	    7780	     1c0 /usr/lib/libultra.a(visetspecial.o)
		.text   	    7940	      80 /usr/lib/libultra.a(writebackdcache.o)
		.text   	    79c0	     290 /usr/lib/libultra.a(perspective.o)
		.text   	    7c50	     330 /usr/lib/libultra.a(lookat.o)
		.text   	    7f80	      a0 /usr/lib/libultra.a(scale.o)
		.text   	    8020	      a0 /usr/lib/libultra.a(translate.o)
		.text   	    80c0	     1f0 /usr/lib/libultra.a(rotate.o)
		.text   	    82b0	     2a0 /usr/lib/libultra.a(initialize.o)
		.text   	    8550	      60 /usr/lib/libultra.a(pirawread.o)
		.text   	    85b0	     2e0 /usr/lib/libultra.a(pimgr.o)
		.text   	    8890	     400 /usr/lib/libultra.a(rmonmain.o)
		.text   	    8c90	      e0 /usr/lib/libultra.a(setthreadpri.o)
		.text   	    8d70	      b0 /usr/lib/libultra.a(invaldcache.o)
		.text   	    8e20	     2c0 /usr/lib/libultra.a(rdbsend.o)
		.text   	    90e0	     cc0 /usr/lib/libultra.a(xprintf.o)
		.text   	    9da0	    1940 /usr/lib/libultra.a(seqplayer.o)
		.text   	    b6e0	     340 /usr/lib/libultra.a(event.o)
		.text   	    ba20	      50 /usr/lib/libultra.a(synaddplayer.o)
		.text   	    ba70	      80 /usr/lib/libultra.a(synstopvoice.o)
		.text   	    baf0	      b0 /usr/lib/libultra.a(synfreevoice.o)
		.text   	    bba0	      a0 /usr/lib/libultra.a(synsetvol.o)
		.text   	    bc40	      90 /usr/lib/libultra.a(synsetpitch.o)
		.text   	    bcd0	     230 /usr/lib/libultra.a(synallocvoice.o)
		.text   	    bf00	      50 /usr/lib/libultra.a(cents2ratio.o)
		.text   	    bf50	      f0 /usr/lib/libultra.a(synstartvoiceparam.o)
		.text   	    c040	      90 /usr/lib/libultra.a(synsetpan.o)
		.text   	    c0d0	      a0 /usr/lib/libultra.a(synsetfxmix.o)
		.text   	    c170	      a0 /usr/lib/libultra.a(setintmask.o)
		.text   	    c210	     150 /usr/lib/libultra.a(vi.o)
		.text   	    c360	      10 /usr/lib/libultra.a(syndelete.o)
		.text   	    c370	      40 /usr/lib/libultra.a(thread.o)
		.text   	    c3b0	     ca0 /usr/lib/libultra.a(exceptasm.o)
		.text   	    d050	      40 /usr/lib/libultra.a(interrupt.o)
		.text   	    d090	     360 /usr/lib/libultra.a(vimgr.o)
		.text   	    d3f0	      70 /usr/lib/libultra.a(visetmode.o)
		.text   	    d460	      70 /usr/lib/libultra.a(viblack.o)
		.text   	    d4d0	      70 /usr/lib/libultra.a(visetevent.o)
		.text   	    d540	      80 /usr/lib/libultra.a(sptaskyielded.o)
		.text   	    d5c0	      90 /usr/lib/libultra.a(gettime.o)
		.text   	    d650	      40 /usr/lib/libultra.a(vigetcurrframebuf.o)
		.text   	    d690	      40 /usr/lib/libultra.a(vigetnextframebuf.o)
		.text   	    d6d0	      50 /usr/lib/libultra.a(viswapbuf.o)
		.text   	    d720	      30 /usr/lib/libultra.a(writebackdcacheall.o)
		.text   	    d750	     2c0 /usr/lib/libultra.a(sptask.o)
		.text   	    da10	      b0 /usr/lib/libultra.a(dpsetnextbuf.o)
		.text   	    dac0	      20 /usr/lib/libultra.a(sptaskyield.o)
		.text   	    dae0	      c0 /usr/lib/libultra.a(probetlb.o)
		.text   	    dba0	      30 /usr/lib/libultra.a(ai.o)
		.text   	    dbd0	     7a0 /usr/lib/libultra.a(drvrNew.o)
		.text   	    e370	      a0 /usr/lib/libultra.a(synallocfx.o)
		.text   	    e410	     150 /usr/lib/libultra.a(mainbus.o)
		.text   	    e560	     b50 /usr/lib/libultra.a(load.o)
		.text   	    f0b0	     300 /usr/lib/libultra.a(resample.o)
		.text   	    f3b0	     c60 /usr/lib/libultra.a(env.o)
		.text   	   10010	     110 /usr/lib/libultra.a(auxbus.o)
		.text   	   10120	      c0 /usr/lib/libultra.a(save.o)
		.text   	   101e0	     150 /usr/lib/libultra.a(jammesg.o)
		.text   	   10330	      30 /usr/lib/libultra.a(pigetcmdq.o)
		.text   	   10360	      10 /usr/lib/libultra.a(getcount.o)
		.text   	   10370	     2c0 /usr/lib/libultra.a(ll.o)
		.text   	   10630	      e0 /usr/lib/libultra.a(settimer.o)
		.text   	   10710	      b0 /usr/lib/libultra.a(sirawdma.o)
		.text   	   107c0	      c0 /usr/lib/libultra.a(siacs.o)
		.text   	   10880	     270 /usr/lib/libultra.a(mtxutil.o)
		.text   	   10af0	      90 /usr/lib/libultra.a(normalize.o)
		.text   	   10b80	      10 /usr/lib/libultra.a(setsr.o)
		.text   	   10b90	      10 /usr/lib/libultra.a(getsr.o)
		.text   	   10ba0	      10 /usr/lib/libultra.a(setfpccsr.o)
		.text   	   10bb0	      50 /usr/lib/libultra.a(sirawread.o)
		.text   	   10c00	      50 /usr/lib/libultra.a(sirawwrite.o)
		.text   	   10c50	      80 /usr/lib/libultra.a(invalicache.o)
		.text   	   10cd0	      60 /usr/lib/libultra.a(maptlbrdb.o)
		.text   	   10d30	      40 /usr/lib/libultra.a(parameters.o)
		.text   	   10d70	      a0 /usr/lib/libultra.a(bzero.o)
		.text   	   10e10	      50 /usr/lib/libultra.a(sethwinterrupt.o)
		.text   	   10e60	     8c0 /usr/lib/libultra.a(leointerrupt.o)
		.text   	   11720	      c0 /usr/lib/libultra.a(piacs.o)
		.text   	   117e0	      20 /usr/lib/libultra.a(getthreadpri.o)
		.text   	   11800	      e0 /usr/lib/libultra.a(pirawdma.o)
		.text   	   118e0	      e0 /usr/lib/libultra.a(epirawdma.o)
		.text   	   119c0	     3b0 /usr/lib/libultra.a(devmgr.o)
		.text   	   11d70	     200 /usr/lib/libultra.a(rmonsio.o)
		.text   	   11f70	      50 /usr/lib/libultra.a(sprawread.o)
		.text   	   11fc0	     910 /usr/lib/libultra.a(rmonmem.o)
		.text   	   128d0	     190 /usr/lib/libultra.a(rmonmisc.o)
		.text   	   12a60	     ae0 /usr/lib/libultra.a(rmonbrk.o)
		.text   	   13540	      90 /usr/lib/libultra.a(initrdb.o)
		.text   	   135d0	      a0 /usr/lib/libultra.a(string.o)
		.text   	   13670	     2a0 /usr/lib/libultra.a(xlitob.o)
		.text   	   13910	     ac0 /usr/lib/libultra.a(xldtob.o)
		.text   	   143d0	     620 /usr/lib/libultra.a(seq.o)
		.text   	   149f0	      10 /usr/lib/libultra.a(synsetpriority.o)
		.text   	   14a00	      80 /usr/lib/libultra.a(copy.o)
		.text   	   14a80	     360 /usr/lib/libultra.a(viswapcontext.o)
		.text   	   14de0	     310 /usr/lib/libultra.a(kdebugserver.o)
		.text   	   150f0	      d0 /usr/lib/libultra.a(readhost.o)
		.text   	   151c0	     100 /usr/lib/libultra.a(destroythread.o)
		.text   	   152c0	     4d0 /usr/lib/libultra.a(timerintr.o)
		.text   	   15790	      10 /usr/lib/libultra.a(vigetcurrcontext.o)
		.text   	   157a0	      10 /usr/lib/libultra.a(spgetstat.o)
		.text   	   157b0	     310 /usr/lib/libultra.a(bcopy.o)
		.text   	   15ac0	      10 /usr/lib/libultra.a(spsetstat.o)
		.text   	   15ad0	      40 /usr/lib/libultra.a(spsetpc.o)
		.text   	   15b10	      90 /usr/lib/libultra.a(sprawdma.o)
		.text   	   15ba0	      30 /usr/lib/libultra.a(sp.o)
		.text   	   15bd0	      30 /usr/lib/libultra.a(dp.o)
		.text   	   15c00	      20 /usr/lib/libultra.a(filter.o)
		.text   	   15c20	     c50 /usr/lib/libultra.a(reverb.o)
		.text   	   16870	      30 /usr/lib/libultra.a(si.o)
		.text   	   168a0	      f0 /usr/lib/libultra.a(leodiskinit.o)
		.text   	   16990	      60 /usr/lib/libultra.a(resetglobalintmask.o)
		.text   	   169f0	      50 /usr/lib/libultra.a(epirawwrite.o)
		.text   	   16a40	      50 /usr/lib/libultra.a(yieldthread.o)
		.text   	   16a90	      a0 /usr/lib/libultra.a(rmoncmds.o)
		.text   	   16b30	      50 /usr/lib/libultra.a(sprawwrite.o)
		.text   	   16b80	     c00 /usr/lib/libultra.a(rmonregs.o)
		.text   	   17780	     a70 /usr/lib/libultra.a(rmontask.o)
		.text   	   181f0	      10 /usr/lib/libultra.a(getactivequeue.o)
		.text   	   18200	     190 /usr/lib/libultra.a(ldiv.o)
		.text   	   18390	      10 /usr/lib/libultra.a(getcause.o)
		.text   	   183a0	      10 /usr/lib/libultra.a(setcompare.o)
		.text   	   183b0	      a0 /usr/lib/libultra.a(rmonrcp.o)
		.text   	   18450	      c0 /usr/lib/libultra.a(stopthread.o)

.rdata  			   18510	     e50
		.rodata 	   18510	      90 audio.o
		.rodata 	   185a0	      30 audiomgr.o
		.rodata 	   185d0	      70 controller.o
		.rodata 	   18640	     240 /usr/lib/libultra.a(csplayer.o)
		.rodata 	   18880	      10 /usr/lib/libultra.a(cseq.o)
		.rodata 	   18890	      50 /usr/lib/libultra.a(cosf.o)
		.rodata 	   188e0	      50 /usr/lib/libultra.a(sinf.o)
		.rodata 	   18930	      20 /usr/lib/libultra.a(sched.o)
		.rodata 	   18950	      10 /usr/lib/libultra.a(synthesizer.o)
		.rodata 	   18960	      10 /usr/lib/libultra.a(perspective.o)
		.rodata 	   18970	      10 /usr/lib/libultra.a(rotate.o)
		.rodata 	   18980	      40 /usr/lib/libultra.a(rmonmain.o)
		.rodata 	   189c0	     100 /usr/lib/libultra.a(xprintf.o)
		.rodata 	   18ac0	     240 /usr/lib/libultra.a(seqplayer.o)
		.rodata 	   18d00	      10 /usr/lib/libultra.a(cents2ratio.o)
		.rodata 	   18d10	      80 /usr/lib/libultra.a(setintmask.o)
		.rodata 	   18d90	      10 /usr/lib/libultra.a(libm_vals.o)
		.rodata 	   18da0	      50 /usr/lib/libultra.a(exceptasm.o)
		.rodata 	   18df0	      20 /usr/lib/libultra.a(drvrNew.o)
		.rodata 	   18e10	      40 /usr/lib/libultra.a(resample.o)
		.rodata 	   18e50	      60 /usr/lib/libultra.a(env.o)
		.rodata 	   18eb0	      20 /usr/lib/libultra.a(devmgr.o)
		.rodata 	   18ed0	      d0 /usr/lib/libultra.a(rmonmem.o)
		.rodata 	   18fa0	      30 /usr/lib/libultra.a(rmonmisc.o)
		.rodata 	   18fd0	     1d0 /usr/lib/libultra.a(rmonbrk.o)
		.rodata 	   191a0	      60 /usr/lib/libultra.a(xldtob.o)
		.rodata 	   19200	      10 /usr/lib/libultra.a(seq.o)
		.rodata 	   19210	      30 /usr/lib/libultra.a(reverb.o)
		.rodata 	   19240	      80 /usr/lib/libultra.a(rmonregs.o)
		.rodata 	   192c0	      a0 /usr/lib/libultra.a(rmontask.o)

.data   			   19360	    1490
		.data   	   19360	      10 audio.o
		.data   	   19370	      10 audiomgr.o
		.data   	   19380	      30 controller.o
		.data   	   193b0	      10 gfx.o
		.data   	   193c0	      10 misc.o
		.data   	   193d0	      10 simple.o
		.data   	   193e0	      10 /usr/lib/libultra.a(sl.o)
		.data   	   193f0	      10 /usr/lib/libultra.a(sched.o)
		.data   	   19400	      10 /usr/lib/libultra.a(aisetnextbuf.o)
		.data   	   19410	      10 /usr/lib/libultra.a(log.o)
		.data   	   19420	      10 /usr/lib/libultra.a(controller.o)
		.data   	   19430	      20 /usr/lib/libultra.a(initialize.o)
		.data   	   19450	      20 /usr/lib/libultra.a(pimgr.o)
		.data   	   19470	      10 /usr/lib/libultra.a(rmonmain.o)
		.data   	   19480	      10 /usr/lib/libultra.a(rdbsend.o)
		.data   	   19490	      50 /usr/lib/libultra.a(xprintf.o)
		.data   	   194e0	      70 /usr/lib/libultra.a(vi.o)
		.data   	   19550	      20 /usr/lib/libultra.a(thread.o)
		.data   	   19570	      20 /usr/lib/libultra.a(exceptasm.o)
		.data   	   19590	      20 /usr/lib/libultra.a(vimgr.o)
		.data   	   195b0	     d20 /usr/lib/libultra.a(vitbl.o)
		.data   	   1a2d0	     190 /usr/lib/libultra.a(drvrNew.o)
		.data   	   1a460	     140 /usr/lib/libultra.a(env.o)
		.data   	   1a5a0	      10 /usr/lib/libultra.a(siacs.o)
		.data   	   1a5b0	      10 /usr/lib/libultra.a(piacs.o)
		.data   	   1a5c0	      30 /usr/lib/libultra.a(xlitob.o)
		.data   	   1a5f0	      50 /usr/lib/libultra.a(vimodepallan1.o)
		.data   	   1a640	      50 /usr/lib/libultra.a(vimodempallan1.o)
		.data   	   1a690	      50 /usr/lib/libultra.a(vimodentsclan1.o)
		.data   	   1a6e0	      10 /usr/lib/libultra.a(kdebugserver.o)
		.data   	   1a6f0	      10 /usr/lib/libultra.a(readhost.o)
		.data   	   1a700	      10 /usr/lib/libultra.a(timerintr.o)
		.data   	   1a710	      e0 /usr/lib/libultra.a(rmoncmds.o)

.bss    			   1a7f0	   9ac80
		.bss    	   1a7f0	   61e70 audio.o
		.bss    	   7c660	    2ec0 audiomgr.o
		.bss    	   7f520	      50 controller.o
		.bss    	   7f570	      10 gfx.o
		.bss    	   7f580	     400 gfxstack.o
		.bss    	   7f980	     ba0 gfxyield.o
		.bss    	   80520	      10 misc.o
		.bss    	   80530	   2bf80 simple.o
		.bss    	   ac4b0	      20 /usr/lib/libultra.a(log.o)
		.bss    	   ac4d0	      c0 /usr/lib/libultra.a(seteventmesg.o)
		.bss    	   ac590	      90 /usr/lib/libultra.a(controller.o)
		.bss    	   ac620	      10 /usr/lib/libultra.a(rotate.o)
		.bss    	   ac630	    17c0 /usr/lib/libultra.a(pimgr.o)
		.bss    	   addf0	     480 /usr/lib/libultra.a(rmonmain.o)
		.bss    	   ae270	    1220 /usr/lib/libultra.a(vimgr.o)
		.bss    	   af490	      40 /usr/lib/libultra.a(sptask.o)
		.bss    	   af4d0	      20 /usr/lib/libultra.a(siacs.o)
		.bss    	   af4f0	    1000 /usr/lib/libultra.a(leointerrupt.o)
		.bss    	   b04f0	      20 /usr/lib/libultra.a(piacs.o)
		.bss    	   b0510	     820 /usr/lib/libultra.a(rmonsio.o)
		.bss    	   b0d30	     100 /usr/lib/libultra.a(rmonmem.o)
		.bss    	   b0e30	    4220 /usr/lib/libultra.a(rmonmisc.o)
		.bss    	   b5050	     110 /usr/lib/libultra.a(rmonbrk.o)
		.bss    	   b5160	      20 /usr/lib/libultra.a(initrdb.o)
		.bss    	   b5180	     1c0 /usr/lib/libultra.a(kdebugserver.o)
		.bss    	   b5340	      30 /usr/lib/libultra.a(readhost.o)
		.bss    	   b5370	      60 /usr/lib/libultra.a(timerintr.o)
		.bss    	   b53d0	      80 /usr/lib/libultra.a(leodiskinit.o)
		.bss    	   b5450	      20 /usr/lib/libultra.a(rmonregs.o)
