		LINK EDITOR MEMORY MAP


output		input		virtual
section		section		address		size

.text   			      00	   1f520
		.text   	      00	    17c0 audio.o
		.text   	    17c0	     e40 audiomgr.o
		.text   	    2600	     5c0 controller.o
		.text   	    2bc0	     b50 gfx.o
		.text   	    3710	     2a0 misc.o
		.text   	    39b0	     4c0 simple.o
		.text   	    3e70	      60 /usr/lib/libultra_d.a(heapinit.o)
		.text   	    3ed0	     150 /usr/lib/libultra_d.a(heapalloc.o)
		.text   	    4020	     470 /usr/lib/libultra_d.a(bnkf.o)
		.text   	    4490	    24f0 /usr/lib/libultra_d.a(seqplayer.o)
		.text   	    6980	     a40 /usr/lib/libultra_d.a(seq.o)
		.text   	    73c0	      70 /usr/lib/libultra_d.a(seqploop.o)
		.text   	    7430	      50 /usr/lib/libultra_d.a(seqpsetseq.o)
		.text   	    7480	      50 /usr/lib/libultra_d.a(seqpsetbank.o)
		.text   	    74d0	      40 /usr/lib/libultra_d.a(seqpplay.o)
		.text   	    7510	     9f0 /usr/lib/libultra_d.a(sndplayer.o)
		.text   	    7f00	      50 /usr/lib/libultra_d.a(assert.o)
		.text   	    7f50	     170 /usr/lib/libultra_d.a(sndpallocate.o)
		.text   	    80c0	      80 /usr/lib/libultra_d.a(sndpsetsound.o)
		.text   	    8140	      40 /usr/lib/libultra_d.a(sndpgetstate.o)
		.text   	    8180	      c0 /usr/lib/libultra_d.a(sndpsetpitch.o)
		.text   	    8240	      c0 /usr/lib/libultra_d.a(sndpsetfxmix.o)
		.text   	    8300	      c0 /usr/lib/libultra_d.a(sndpsetpan.o)
		.text   	    83c0	      c0 /usr/lib/libultra_d.a(sndpsetvol.o)
		.text   	    8480	      b0 /usr/lib/libultra_d.a(sndpplay.o)
		.text   	    8530	      70 /usr/lib/libultra_d.a(sndpstop.o)
		.text   	    85a0	      b0 /usr/lib/libultra_d.a(sndpdeallocate.o)
		.text   	    8650	      10 /usr/lib/libultra_d.a(sqrtf.o)
		.text   	    8660	     240 /usr/lib/libultra_d.a(cosf.o)
		.text   	    88a0	     280 /usr/lib/libultra_d.a(sinf.o)
		.text   	    8b20	     2d0 /usr/lib/libultra_d.a(aisetfreq.o)
		.text   	    8df0	     110 /usr/lib/libultra_d.a(sl.o)
		.text   	    8f00	      a0 /usr/lib/libultra_d.a(createmesgqueue.o)
		.text   	    8fa0	     1b0 /usr/lib/libultra_d.a(createthread.o)
		.text   	    9150	     1a0 /usr/lib/libultra_d.a(startthread.o)
		.text   	    92f0	    1010 /usr/lib/libultra_d.a(sched.o)
		.text   	    a300	     190 /usr/lib/libultra_d.a(recvmesg.o)
		.text   	    a490	      c0 /usr/lib/libultra_d.a(virtualtophysical.o)
		.text   	    a550	     110 /usr/lib/libultra_d.a(aisetnextbuf.o)
		.text   	    a660	      20 /usr/lib/libultra_d.a(aigetlen.o)
		.text   	    a680	     930 /usr/lib/libultra_d.a(synthesizer.o)
		.text   	    afb0	     190 /usr/lib/libultra_d.a(sendmesg.o)
		.text   	    b140	      f0 /usr/lib/libultra_d.a(syncprintf.o)
		.text   	    b230	     240 /usr/lib/libultra_d.a(pidma.o)
		.text   	    b470	     4c0 /usr/lib/libultra_d.a(log.o)
		.text   	    b930	      a0 /usr/lib/libultra_d.a(seteventmesg.o)
		.text   	    b9d0	     400 /usr/lib/libultra_d.a(controller.o)
		.text   	    bdd0	     290 /usr/lib/libultra_d.a(contreaddata.o)
		.text   	    c060	     220 /usr/lib/libultra_d.a(visetspecial.o)
		.text   	    c280	      80 /usr/lib/libultra_d.a(writebackdcache.o)
		.text   	    c300	     300 /usr/lib/libultra_d.a(perspective.o)
		.text   	    c600	     470 /usr/lib/libultra_d.a(lookat.o)
		.text   	    ca70	      c0 /usr/lib/libultra_d.a(scale.o)
		.text   	    cb30	      b0 /usr/lib/libultra_d.a(translate.o)
		.text   	    cbe0	     270 /usr/lib/libultra_d.a(rotate.o)
		.text   	    ce50	     2c0 /usr/lib/libultra_d.a(initialize.o)
		.text   	    d110	      e0 /usr/lib/libultra_d.a(pirawread.o)
		.text   	    d1f0	     330 /usr/lib/libultra_d.a(pimgr.o)
		.text   	    d520	     440 /usr/lib/libultra_d.a(rmonmain.o)
		.text   	    d960	     130 /usr/lib/libultra_d.a(setthreadpri.o)
		.text   	    da90	      b0 /usr/lib/libultra_d.a(invaldcache.o)
		.text   	    db40	      20 /usr/lib/libultra_d.a(errorasm.o)
		.text   	    db60	     420 /usr/lib/libultra_d.a(event.o)
		.text   	    df80	      70 /usr/lib/libultra_d.a(synaddplayer.o)
		.text   	    dff0	      d0 /usr/lib/libultra_d.a(synstopvoice.o)
		.text   	    e0c0	     100 /usr/lib/libultra_d.a(synfreevoice.o)
		.text   	    e1c0	      f0 /usr/lib/libultra_d.a(synsetvol.o)
		.text   	    e2b0	      e0 /usr/lib/libultra_d.a(synsetpitch.o)
		.text   	    e390	     360 /usr/lib/libultra_d.a(synallocvoice.o)
		.text   	    e6f0	      a0 /usr/lib/libultra_d.a(cents2ratio.o)
		.text   	    e790	     150 /usr/lib/libultra_d.a(synstartvoiceparam.o)
		.text   	    e8e0	      e0 /usr/lib/libultra_d.a(synsetpan.o)
		.text   	    e9c0	     100 /usr/lib/libultra_d.a(synsetfxmix.o)
		.text   	    eac0	      20 /usr/lib/libultra_d.a(synsetpriority.o)
		.text   	    eae0	      f0 /usr/lib/libultra_d.a(synstartvoice.o)
		.text   	    ebd0	      a0 /usr/lib/libultra_d.a(setintmask.o)
		.text   	    ec70	      10 /usr/lib/libultra_d.a(assertbreak.o)
		.text   	    ec80	     170 /usr/lib/libultra_d.a(vi.o)
		.text   	    edf0	      20 /usr/lib/libultra_d.a(syndelete.o)
		.text   	    ee10	      50 /usr/lib/libultra_d.a(thread.o)
		.text   	    ee60	     db0 /usr/lib/libultra_d.a(exceptasm.o)
		.text   	    fc10	      40 /usr/lib/libultra_d.a(interrupt.o)
		.text   	    fc50	     400 /usr/lib/libultra_d.a(vimgr.o)
		.text   	   10050	      d0 /usr/lib/libultra_d.a(visetmode.o)
		.text   	   10120	      80 /usr/lib/libultra_d.a(viblack.o)
		.text   	   101a0	      d0 /usr/lib/libultra_d.a(visetevent.o)
		.text   	   10270	      90 /usr/lib/libultra_d.a(sptaskyielded.o)
		.text   	   10300	      d0 /usr/lib/libultra_d.a(gettime.o)
		.text   	   103d0	      80 /usr/lib/libultra_d.a(vigetcurrframebuf.o)
		.text   	   10450	      80 /usr/lib/libultra_d.a(vigetnextframebuf.o)
		.text   	   104d0	      e0 /usr/lib/libultra_d.a(viswapbuf.o)
		.text   	   105b0	      30 /usr/lib/libultra_d.a(writebackdcacheall.o)
		.text   	   105e0	     3e0 /usr/lib/libultra_d.a(sptask.o)
		.text   	   109c0	     130 /usr/lib/libultra_d.a(dpsetnextbuf.o)
		.text   	   10af0	      30 /usr/lib/libultra_d.a(sptaskyield.o)
		.text   	   10b20	      c0 /usr/lib/libultra_d.a(probetlb.o)
		.text   	   10be0	      50 /usr/lib/libultra_d.a(ai.o)
		.text   	   10c30	     aa0 /usr/lib/libultra_d.a(drvrNew.o)
		.text   	   116d0	     100 /usr/lib/libultra_d.a(synallocfx.o)
		.text   	   117d0	     230 /usr/lib/libultra_d.a(mainbus.o)
		.text   	   11a00	    11e0 /usr/lib/libultra_d.a(load.o)
		.text   	   12be0	     460 /usr/lib/libultra_d.a(resample.o)
		.text   	   13040	    1300 /usr/lib/libultra_d.a(env.o)
		.text   	   14340	     1a0 /usr/lib/libultra_d.a(auxbus.o)
		.text   	   144e0	     1e0 /usr/lib/libultra_d.a(save.o)
		.text   	   146c0	     310 /usr/lib/libultra_d.a(rdbsend.o)
		.text   	   149d0	    1260 /usr/lib/libultra_d.a(xprintf.o)
		.text   	   15c30	     190 /usr/lib/libultra_d.a(jammesg.o)
		.text   	   15dc0	      40 /usr/lib/libultra_d.a(pigetcmdq.o)
		.text   	   15e00	      10 /usr/lib/libultra_d.a(getcount.o)
		.text   	   15e10	     370 /usr/lib/libultra_d.a(ll.o)
		.text   	   16180	     110 /usr/lib/libultra_d.a(settimer.o)
		.text   	   16290	      f0 /usr/lib/libultra_d.a(sirawdma.o)
		.text   	   16380	      e0 /usr/lib/libultra_d.a(siacs.o)
		.text   	   16460	     340 /usr/lib/libultra_d.a(mtxutil.o)
		.text   	   167a0	      b0 /usr/lib/libultra_d.a(normalize.o)
		.text   	   16850	      40 /usr/lib/libultra_d.a(parameters.o)
		.text   	   16890	      10 /usr/lib/libultra_d.a(setsr.o)
		.text   	   168a0	      10 /usr/lib/libultra_d.a(getsr.o)
		.text   	   168b0	      10 /usr/lib/libultra_d.a(setfpccsr.o)
		.text   	   168c0	      c0 /usr/lib/libultra_d.a(sirawread.o)
		.text   	   16980	      90 /usr/lib/libultra_d.a(sirawwrite.o)
		.text   	   16a10	      80 /usr/lib/libultra_d.a(invalicache.o)
		.text   	   16a90	      60 /usr/lib/libultra_d.a(maptlbrdb.o)
		.text   	   16af0	      c0 /usr/lib/libultra_d.a(bzero.o)
		.text   	   16bb0	      60 /usr/lib/libultra_d.a(sethwinterrupt.o)
		.text   	   16c10	     990 /usr/lib/libultra_d.a(leointerrupt.o)
		.text   	   175a0	      e0 /usr/lib/libultra_d.a(piacs.o)
		.text   	   17680	      30 /usr/lib/libultra_d.a(getthreadpri.o)
		.text   	   176b0	     1e0 /usr/lib/libultra_d.a(pirawdma.o)
		.text   	   17890	     1e0 /usr/lib/libultra_d.a(epirawdma.o)
		.text   	   17a70	     3d0 /usr/lib/libultra_d.a(devmgr.o)
		.text   	   17e40	     1b0 /usr/lib/libultra_d.a(rmonmisc.o)
		.text   	   17ff0	     250 /usr/lib/libultra_d.a(rmonsio.o)
		.text   	   18240	      c0 /usr/lib/libultra_d.a(sprawread.o)
		.text   	   18300	     9e0 /usr/lib/libultra_d.a(rmonmem.o)
		.text   	   18ce0	     c80 /usr/lib/libultra_d.a(rmonbrk.o)
		.text   	   19960	      60 /usr/lib/libultra_d.a(error.o)
		.text   	   199c0	      60 /usr/lib/libultra_d.a(copy.o)
		.text   	   19a20	     380 /usr/lib/libultra_d.a(viswapcontext.o)
		.text   	   19da0	     360 /usr/lib/libultra_d.a(kdebugserver.o)
		.text   	   1a100	      f0 /usr/lib/libultra_d.a(readhost.o)
		.text   	   1a1f0	      b0 /usr/lib/libultra_d.a(initrdb.o)
		.text   	   1a2a0	     120 /usr/lib/libultra_d.a(destroythread.o)
		.text   	   1a3c0	     5b0 /usr/lib/libultra_d.a(timerintr.o)
		.text   	   1a970	      20 /usr/lib/libultra_d.a(vigetcurrcontext.o)
		.text   	   1a990	      20 /usr/lib/libultra_d.a(spgetstat.o)
		.text   	   1a9b0	     360 /usr/lib/libultra_d.a(bcopy.o)
		.text   	   1ad10	      20 /usr/lib/libultra_d.a(spsetstat.o)
		.text   	   1ad30	      40 /usr/lib/libultra_d.a(spsetpc.o)
		.text   	   1ad70	     130 /usr/lib/libultra_d.a(sprawdma.o)
		.text   	   1aea0	      40 /usr/lib/libultra_d.a(sp.o)
		.text   	   1aee0	      40 /usr/lib/libultra_d.a(dp.o)
		.text   	   1af20	      30 /usr/lib/libultra_d.a(filter.o)
		.text   	   1af50	    1290 /usr/lib/libultra_d.a(reverb.o)
		.text   	   1c1e0	     100 /usr/lib/libultra_d.a(string.o)
		.text   	   1c2e0	     330 /usr/lib/libultra_d.a(xlitob.o)
		.text   	   1c610	     ed0 /usr/lib/libultra_d.a(xldtob.o)
		.text   	   1d4e0	      40 /usr/lib/libultra_d.a(si.o)
		.text   	   1d520	     110 /usr/lib/libultra_d.a(leodiskinit.o)
		.text   	   1d630	      70 /usr/lib/libultra_d.a(resetglobalintmask.o)
		.text   	   1d6a0	      b0 /usr/lib/libultra_d.a(epirawwrite.o)
		.text   	   1d750	      60 /usr/lib/libultra_d.a(yieldthread.o)
		.text   	   1d7b0	      c0 /usr/lib/libultra_d.a(rmoncmds.o)
		.text   	   1d870	      90 /usr/lib/libultra_d.a(sprawwrite.o)
		.text   	   1d900	     cf0 /usr/lib/libultra_d.a(rmonregs.o)
		.text   	   1e5f0	     b70 /usr/lib/libultra_d.a(rmontask.o)
		.text   	   1f160	      20 /usr/lib/libultra_d.a(getactivequeue.o)
		.text   	   1f180	      10 /usr/lib/libultra_d.a(getcause.o)
		.text   	   1f190	      10 /usr/lib/libultra_d.a(setcompare.o)
		.text   	   1f1a0	     1f0 /usr/lib/libultra_d.a(ldiv.o)
		.text   	   1f390	      b0 /usr/lib/libultra_d.a(rmonrcp.o)
		.text   	   1f440	      e0 /usr/lib/libultra_d.a(stopthread.o)

.rdata  			   1f520	    16c0
		.rodata 	   1f520	     180 audio.o
		.rodata 	   1f6a0	      c0 audiomgr.o
		.rodata 	   1f760	      b0 controller.o
		.rodata 	   1f810	      80 gfx.o
		.rodata 	   1f890	      10 /usr/lib/libultra_d.a(heapalloc.o)
		.rodata 	   1f8a0	     3e0 /usr/lib/libultra_d.a(seqplayer.o)
		.rodata 	   1fc80	      10 /usr/lib/libultra_d.a(seq.o)
		.rodata 	   1fc90	      90 /usr/lib/libultra_d.a(sndplayer.o)
		.rodata 	   1fd20	      20 /usr/lib/libultra_d.a(assert.o)
		.rodata 	   1fd40	      50 /usr/lib/libultra_d.a(cosf.o)
		.rodata 	   1fd90	      50 /usr/lib/libultra_d.a(sinf.o)
		.rodata 	   1fde0	     1a0 /usr/lib/libultra_d.a(sched.o)
		.rodata 	   1ff80	      e0 /usr/lib/libultra_d.a(synthesizer.o)
		.rodata 	   20060	      10 /usr/lib/libultra_d.a(perspective.o)
		.rodata 	   20070	      30 /usr/lib/libultra_d.a(pirawread.o)
		.rodata 	   200a0	      40 /usr/lib/libultra_d.a(rmonmain.o)
		.rodata 	   200e0	      10 /usr/lib/libultra_d.a(cents2ratio.o)
		.rodata 	   200f0	      80 /usr/lib/libultra_d.a(setintmask.o)
		.rodata 	   20170	      10 /usr/lib/libultra_d.a(libm_vals.o)
		.rodata 	   20180	      50 /usr/lib/libultra_d.a(exceptasm.o)
		.rodata 	   201d0	      30 /usr/lib/libultra_d.a(visetmode.o)
		.rodata 	   20200	      20 /usr/lib/libultra_d.a(visetevent.o)
		.rodata 	   20220	      30 /usr/lib/libultra_d.a(viswapbuf.o)
		.rodata 	   20250	      f0 /usr/lib/libultra_d.a(drvrNew.o)
		.rodata 	   20340	      30 /usr/lib/libultra_d.a(resample.o)
		.rodata 	   20370	      c0 /usr/lib/libultra_d.a(env.o)
		.rodata 	   20430	      30 /usr/lib/libultra_d.a(save.o)
		.rodata 	   20460	     100 /usr/lib/libultra_d.a(xprintf.o)
		.rodata 	   20560	      30 /usr/lib/libultra_d.a(sirawdma.o)
		.rodata 	   20590	      50 /usr/lib/libultra_d.a(sirawread.o)
		.rodata 	   205e0	      30 /usr/lib/libultra_d.a(sirawwrite.o)
		.rodata 	   20610	      20 /usr/lib/libultra_d.a(devmgr.o)
		.rodata 	   20630	      30 /usr/lib/libultra_d.a(rmonmisc.o)
		.rodata 	   20660	      50 /usr/lib/libultra_d.a(sprawread.o)
		.rodata 	   206b0	      d0 /usr/lib/libultra_d.a(rmonmem.o)
		.rodata 	   20780	     1d0 /usr/lib/libultra_d.a(rmonbrk.o)
		.rodata 	   20950	      90 /usr/lib/libultra_d.a(sprawdma.o)
		.rodata 	   209e0	      50 /usr/lib/libultra_d.a(reverb.o)
		.rodata 	   20a30	      60 /usr/lib/libultra_d.a(xldtob.o)
		.rodata 	   20a90	      30 /usr/lib/libultra_d.a(sprawwrite.o)
		.rodata 	   20ac0	      80 /usr/lib/libultra_d.a(rmonregs.o)
		.rodata 	   20b40	      a0 /usr/lib/libultra_d.a(rmontask.o)

.data   			   20be0	    14e0
		.data   	   20be0	      10 audio.o
		.data   	   20bf0	      10 audiomgr.o
		.data   	   20c00	      30 controller.o
		.data   	   20c30	      10 gfx.o
		.data   	   20c40	      10 misc.o
		.data   	   20c50	      10 simple.o
		.data   	   20c60	      10 /usr/lib/libultra_d.a(sl.o)
		.data   	   20c70	      10 /usr/lib/libultra_d.a(sched.o)
		.data   	   20c80	      10 /usr/lib/libultra_d.a(aisetnextbuf.o)
		.data   	   20c90	      10 /usr/lib/libultra_d.a(log.o)
		.data   	   20ca0	      10 /usr/lib/libultra_d.a(controller.o)
		.data   	   20cb0	      10 /usr/lib/libultra_d.a(rotate.o)
		.data   	   20cc0	      20 /usr/lib/libultra_d.a(initialize.o)
		.data   	   20ce0	      20 /usr/lib/libultra_d.a(pimgr.o)
		.data   	   20d00	      10 /usr/lib/libultra_d.a(rmonmain.o)
		.data   	   20d10	      70 /usr/lib/libultra_d.a(vi.o)
		.data   	   20d80	      20 /usr/lib/libultra_d.a(thread.o)
		.data   	   20da0	      20 /usr/lib/libultra_d.a(exceptasm.o)
		.data   	   20dc0	     d20 /usr/lib/libultra_d.a(vitbl.o)
		.data   	   21ae0	      20 /usr/lib/libultra_d.a(vimgr.o)
		.data   	   21b00	     190 /usr/lib/libultra_d.a(drvrNew.o)
		.data   	   21c90	     140 /usr/lib/libultra_d.a(env.o)
		.data   	   21dd0	      10 /usr/lib/libultra_d.a(rdbsend.o)
		.data   	   21de0	      50 /usr/lib/libultra_d.a(xprintf.o)
		.data   	   21e30	      10 /usr/lib/libultra_d.a(siacs.o)
		.data   	   21e40	      10 /usr/lib/libultra_d.a(piacs.o)
		.data   	   21e50	      20 /usr/lib/libultra_d.a(error.o)
		.data   	   21e70	      50 /usr/lib/libultra_d.a(vimodentsclan1.o)
		.data   	   21ec0	      50 /usr/lib/libultra_d.a(vimodepallan1.o)
		.data   	   21f10	      50 /usr/lib/libultra_d.a(vimodempallan1.o)
		.data   	   21f60	      10 /usr/lib/libultra_d.a(kdebugserver.o)
		.data   	   21f70	      10 /usr/lib/libultra_d.a(readhost.o)
		.data   	   21f80	      10 /usr/lib/libultra_d.a(timerintr.o)
		.data   	   21f90	      20 /usr/lib/libultra_d.a(reverb.o)
		.data   	   21fb0	      30 /usr/lib/libultra_d.a(xlitob.o)
		.data   	   21fe0	      e0 /usr/lib/libultra_d.a(rmoncmds.o)

.bss    			   220c0	   81fb0
		.bss    	   220c0	   49770 audio.o
		.bss    	   6b830	    28c0 audiomgr.o
		.bss    	   6e0f0	      50 controller.o
		.bss    	   6e140	      10 gfx.o
		.bss    	   6e150	     400 gfxstack.o
		.bss    	   6e550	     ba0 gfxyield.o
		.bss    	   6f0f0	   2bf80 simple.o
		.bss    	   9b070	      20 /usr/lib/libultra_d.a(log.o)
		.bss    	   9b090	      c0 /usr/lib/libultra_d.a(seteventmesg.o)
		.bss    	   9b150	      90 /usr/lib/libultra_d.a(controller.o)
		.bss    	   9b1e0	    17c0 /usr/lib/libultra_d.a(pimgr.o)
		.bss    	   9c9a0	     480 /usr/lib/libultra_d.a(rmonmain.o)
		.bss    	   9ce20	    1220 /usr/lib/libultra_d.a(vimgr.o)
		.bss    	   9e040	      40 /usr/lib/libultra_d.a(sptask.o)
		.bss    	   9e080	      20 /usr/lib/libultra_d.a(siacs.o)
		.bss    	   9e0a0	    1000 /usr/lib/libultra_d.a(leointerrupt.o)
		.bss    	   9f0a0	      20 /usr/lib/libultra_d.a(piacs.o)
		.bss    	   9f0c0	    4220 /usr/lib/libultra_d.a(rmonmisc.o)
		.bss    	   a32e0	     820 /usr/lib/libultra_d.a(rmonsio.o)
		.bss    	   a3b00	     100 /usr/lib/libultra_d.a(rmonmem.o)
		.bss    	   a3c00	     110 /usr/lib/libultra_d.a(rmonbrk.o)
		.bss    	   a3d10	      50 /usr/lib/libultra_d.a(error.o)
		.bss    	   a3d60	     1c0 /usr/lib/libultra_d.a(kdebugserver.o)
		.bss    	   a3f20	      30 /usr/lib/libultra_d.a(readhost.o)
		.bss    	   a3f50	      20 /usr/lib/libultra_d.a(initrdb.o)
		.bss    	   a3f70	      60 /usr/lib/libultra_d.a(timerintr.o)
		.bss    	   a3fd0	      80 /usr/lib/libultra_d.a(leodiskinit.o)
		.bss    	   a4050	      20 /usr/lib/libultra_d.a(rmonregs.o)
