		LINK EDITOR MEMORY MAP


output		input		virtual
section		section		address		size

.text   			      00	   11e30
		.text   	      00	     e30 audio.o
		.text   	     e30	     950 audiomgr.o
		.text   	    1780	     2c0 controller.o
		.text   	    1a40	     730 gfx.o
		.text   	    2170	     190 misc.o
		.text   	    2300	     3a0 simple.o
		.text   	    26a0	      40 /usr/lib/libultra_rom.a(heapinit.o)
		.text   	    26e0	      60 /usr/lib/libultra_rom.a(heapalloc.o)
		.text   	    2740	     250 /usr/lib/libultra_rom.a(bnkf.o)
		.text   	    2990	    1230 /usr/lib/libultra_rom.a(csplayer.o)
		.text   	    3bc0	      30 /usr/lib/libultra_rom.a(cspstop.o)
		.text   	    3bf0	     ac0 /usr/lib/libultra_rom.a(cseq.o)
		.text   	    46b0	      40 /usr/lib/libultra_rom.a(cspsetseq.o)
		.text   	    46f0	      40 /usr/lib/libultra_rom.a(cspsetbank.o)
		.text   	    4730	      30 /usr/lib/libultra_rom.a(cspplay.o)
		.text   	    4760	      a0 /usr/lib/libultra_rom.a(sndpallocate.o)
		.text   	    4800	      20 /usr/lib/libultra_rom.a(sndpsetsound.o)
		.text   	    4820	      20 /usr/lib/libultra_rom.a(sndpgetstate.o)
		.text   	    4840	      60 /usr/lib/libultra_rom.a(sndpsetpitch.o)
		.text   	    48a0	      60 /usr/lib/libultra_rom.a(sndpsetfxmix.o)
		.text   	    4900	      60 /usr/lib/libultra_rom.a(sndpsetpan.o)
		.text   	    4960	      60 /usr/lib/libultra_rom.a(sndpsetvol.o)
		.text   	    49c0	      70 /usr/lib/libultra_rom.a(sndpplay.o)
		.text   	    4a30	      50 /usr/lib/libultra_rom.a(sndpstop.o)
		.text   	    4a80	      50 /usr/lib/libultra_rom.a(sndpdeallocate.o)
		.text   	    4ad0	      10 /usr/lib/libultra_rom.a(sqrtf.o)
		.text   	    4ae0	     170 /usr/lib/libultra_rom.a(cosf.o)
		.text   	    4c50	     1c0 /usr/lib/libultra_rom.a(sinf.o)
		.text   	    4e10	     160 /usr/lib/libultra_rom.a(aisetfreq.o)
		.text   	    4f70	      c0 /usr/lib/libultra_rom.a(sl.o)
		.text   	    5030	      30 /usr/lib/libultra_rom.a(createmesgqueue.o)
		.text   	    5060	     150 /usr/lib/libultra_rom.a(createthread.o)
		.text   	    51b0	     150 /usr/lib/libultra_rom.a(startthread.o)
		.text   	    5300	     940 /usr/lib/libultra_rom.a(sched.o)
		.text   	    5c40	     140 /usr/lib/libultra_rom.a(recvmesg.o)
		.text   	    5d80	      80 /usr/lib/libultra_rom.a(virtualtophysical.o)
		.text   	    5e00	      b0 /usr/lib/libultra_rom.a(aisetnextbuf.o)
		.text   	    5eb0	      10 /usr/lib/libultra_rom.a(aigetlen.o)
		.text   	    5ec0	     6e0 /usr/lib/libultra_rom.a(synthesizer.o)
		.text   	    65a0	     150 /usr/lib/libultra_rom.a(sendmesg.o)
		.text   	    66f0	     110 /usr/lib/libultra_rom.a(pidma.o)
		.text   	    6800	      70 /usr/lib/libultra_rom.a(seteventmesg.o)
		.text   	    6870	     3c0 /usr/lib/libultra_rom.a(controller.o)
		.text   	    6c30	     260 /usr/lib/libultra_rom.a(contreaddata.o)
		.text   	    6e90	     1c0 /usr/lib/libultra_rom.a(visetspecial.o)
		.text   	    7050	      80 /usr/lib/libultra_rom.a(writebackdcache.o)
		.text   	    70d0	     290 /usr/lib/libultra_rom.a(perspective.o)
		.text   	    7360	     330 /usr/lib/libultra_rom.a(lookat.o)
		.text   	    7690	      a0 /usr/lib/libultra_rom.a(scale.o)
		.text   	    7730	      a0 /usr/lib/libultra_rom.a(translate.o)
		.text   	    77d0	     1f0 /usr/lib/libultra_rom.a(rotate.o)
		.text   	    79c0	     2a0 /usr/lib/libultra_rom.a(initialize.o)
		.text   	    7c60	     190 /usr/lib/libultra_rom.a(pimgr.o)
		.text   	    7df0	      e0 /usr/lib/libultra_rom.a(setthreadpri.o)
		.text   	    7ed0	      b0 /usr/lib/libultra_rom.a(invaldcache.o)
		.text   	    7f80	    1940 /usr/lib/libultra_rom.a(seqplayer.o)
		.text   	    98c0	     340 /usr/lib/libultra_rom.a(event.o)
		.text   	    9c00	      50 /usr/lib/libultra_rom.a(synaddplayer.o)
		.text   	    9c50	      80 /usr/lib/libultra_rom.a(synstopvoice.o)
		.text   	    9cd0	      b0 /usr/lib/libultra_rom.a(synfreevoice.o)
		.text   	    9d80	      a0 /usr/lib/libultra_rom.a(synsetvol.o)
		.text   	    9e20	      90 /usr/lib/libultra_rom.a(synsetpitch.o)
		.text   	    9eb0	     230 /usr/lib/libultra_rom.a(synallocvoice.o)
		.text   	    a0e0	      50 /usr/lib/libultra_rom.a(cents2ratio.o)
		.text   	    a130	      f0 /usr/lib/libultra_rom.a(synstartvoiceparam.o)
		.text   	    a220	      90 /usr/lib/libultra_rom.a(synsetpan.o)
		.text   	    a2b0	      a0 /usr/lib/libultra_rom.a(synsetfxmix.o)
		.text   	    a350	      a0 /usr/lib/libultra_rom.a(setintmask.o)
		.text   	    a3f0	     150 /usr/lib/libultra_rom.a(vi.o)
		.text   	    a540	      10 /usr/lib/libultra_rom.a(syndelete.o)
		.text   	    a550	      40 /usr/lib/libultra_rom.a(thread.o)
		.text   	    a590	     900 /usr/lib/libultra_rom.a(exceptasm.o)
		.text   	    ae90	      40 /usr/lib/libultra_rom.a(interrupt.o)
		.text   	    aed0	     360 /usr/lib/libultra_rom.a(vimgr.o)
		.text   	    b230	      70 /usr/lib/libultra_rom.a(visetmode.o)
		.text   	    b2a0	      70 /usr/lib/libultra_rom.a(viblack.o)
		.text   	    b310	      70 /usr/lib/libultra_rom.a(visetevent.o)
		.text   	    b380	      80 /usr/lib/libultra_rom.a(sptaskyielded.o)
		.text   	    b400	      40 /usr/lib/libultra_rom.a(vigetcurrframebuf.o)
		.text   	    b440	      40 /usr/lib/libultra_rom.a(vigetnextframebuf.o)
		.text   	    b480	      50 /usr/lib/libultra_rom.a(viswapbuf.o)
		.text   	    b4d0	      30 /usr/lib/libultra_rom.a(writebackdcacheall.o)
		.text   	    b500	     2c0 /usr/lib/libultra_rom.a(sptask.o)
		.text   	    b7c0	      b0 /usr/lib/libultra_rom.a(dpsetnextbuf.o)
		.text   	    b870	      20 /usr/lib/libultra_rom.a(sptaskyield.o)
		.text   	    b890	      c0 /usr/lib/libultra_rom.a(probetlb.o)
		.text   	    b950	      30 /usr/lib/libultra_rom.a(ai.o)
		.text   	    b980	     7a0 /usr/lib/libultra_rom.a(drvrNew.o)
		.text   	    c120	      a0 /usr/lib/libultra_rom.a(synallocfx.o)
		.text   	    c1c0	     150 /usr/lib/libultra_rom.a(mainbus.o)
		.text   	    c310	     b50 /usr/lib/libultra_rom.a(load.o)
		.text   	    ce60	     300 /usr/lib/libultra_rom.a(resample.o)
		.text   	    d160	     c60 /usr/lib/libultra_rom.a(env.o)
		.text   	    ddc0	     110 /usr/lib/libultra_rom.a(auxbus.o)
		.text   	    ded0	      c0 /usr/lib/libultra_rom.a(save.o)
		.text   	    df90	     150 /usr/lib/libultra_rom.a(jammesg.o)
		.text   	    e0e0	      30 /usr/lib/libultra_rom.a(pigetcmdq.o)
		.text   	    e110	      90 /usr/lib/libultra_rom.a(gettime.o)
		.text   	    e1a0	     2c0 /usr/lib/libultra_rom.a(ll.o)
		.text   	    e460	      e0 /usr/lib/libultra_rom.a(settimer.o)
		.text   	    e540	      b0 /usr/lib/libultra_rom.a(sirawdma.o)
		.text   	    e5f0	      c0 /usr/lib/libultra_rom.a(siacs.o)
		.text   	    e6b0	     270 /usr/lib/libultra_rom.a(mtxutil.o)
		.text   	    e920	      90 /usr/lib/libultra_rom.a(normalize.o)
		.text   	    e9b0	      10 /usr/lib/libultra_rom.a(setsr.o)
		.text   	    e9c0	      10 /usr/lib/libultra_rom.a(getsr.o)
		.text   	    e9d0	      10 /usr/lib/libultra_rom.a(setfpccsr.o)
		.text   	    e9e0	      50 /usr/lib/libultra_rom.a(sirawread.o)
		.text   	    ea30	      50 /usr/lib/libultra_rom.a(sirawwrite.o)
		.text   	    ea80	      80 /usr/lib/libultra_rom.a(invalicache.o)
		.text   	    eb00	      60 /usr/lib/libultra_rom.a(maptlbrdb.o)
		.text   	    eb60	      60 /usr/lib/libultra_rom.a(pirawread.o)
		.text   	    ebc0	      40 /usr/lib/libultra_rom.a(parameters.o)
		.text   	    ec00	      a0 /usr/lib/libultra_rom.a(bzero.o)
		.text   	    eca0	      50 /usr/lib/libultra_rom.a(sethwinterrupt.o)
		.text   	    ecf0	     8c0 /usr/lib/libultra_rom.a(leointerrupt.o)
		.text   	    f5b0	      c0 /usr/lib/libultra_rom.a(piacs.o)
		.text   	    f670	      20 /usr/lib/libultra_rom.a(getthreadpri.o)
		.text   	    f690	      e0 /usr/lib/libultra_rom.a(pirawdma.o)
		.text   	    f770	      e0 /usr/lib/libultra_rom.a(epirawdma.o)
		.text   	    f850	     3b0 /usr/lib/libultra_rom.a(devmgr.o)
		.text   	    fc00	     620 /usr/lib/libultra_rom.a(seq.o)
		.text   	   10220	      10 /usr/lib/libultra_rom.a(synsetpriority.o)
		.text   	   10230	      80 /usr/lib/libultra_rom.a(copy.o)
		.text   	   102b0	     360 /usr/lib/libultra_rom.a(viswapcontext.o)
		.text   	   10610	     100 /usr/lib/libultra_rom.a(destroythread.o)
		.text   	   10710	     400 /usr/lib/libultra_rom.a(timerintr.o)
		.text   	   10b10	      10 /usr/lib/libultra_rom.a(vigetcurrcontext.o)
		.text   	   10b20	      10 /usr/lib/libultra_rom.a(getcount.o)
		.text   	   10b30	      10 /usr/lib/libultra_rom.a(spgetstat.o)
		.text   	   10b40	     310 /usr/lib/libultra_rom.a(bcopy.o)
		.text   	   10e50	      10 /usr/lib/libultra_rom.a(spsetstat.o)
		.text   	   10e60	      40 /usr/lib/libultra_rom.a(spsetpc.o)
		.text   	   10ea0	      90 /usr/lib/libultra_rom.a(sprawdma.o)
		.text   	   10f30	      30 /usr/lib/libultra_rom.a(sp.o)
		.text   	   10f60	      30 /usr/lib/libultra_rom.a(dp.o)
		.text   	   10f90	      20 /usr/lib/libultra_rom.a(filter.o)
		.text   	   10fb0	     c50 /usr/lib/libultra_rom.a(reverb.o)
		.text   	   11c00	      30 /usr/lib/libultra_rom.a(si.o)
		.text   	   11c30	      f0 /usr/lib/libultra_rom.a(leodiskinit.o)
		.text   	   11d20	      60 /usr/lib/libultra_rom.a(resetglobalintmask.o)
		.text   	   11d80	      50 /usr/lib/libultra_rom.a(epirawwrite.o)
		.text   	   11dd0	      50 /usr/lib/libultra_rom.a(yieldthread.o)
		.text   	   11e20	      10 /usr/lib/libultra_rom.a(setcompare.o)

.rdata  			   11e30	     7b0
		.rodata 	   11e30	      10 audio.o
		.rodata 	   11e40	      10 controller.o
		.rodata 	   11e50	     240 /usr/lib/libultra_rom.a(csplayer.o)
		.rodata 	   12090	      10 /usr/lib/libultra_rom.a(cseq.o)
		.rodata 	   120a0	      50 /usr/lib/libultra_rom.a(cosf.o)
		.rodata 	   120f0	      50 /usr/lib/libultra_rom.a(sinf.o)
		.rodata 	   12140	      20 /usr/lib/libultra_rom.a(sched.o)
		.rodata 	   12160	      10 /usr/lib/libultra_rom.a(synthesizer.o)
		.rodata 	   12170	      10 /usr/lib/libultra_rom.a(perspective.o)
		.rodata 	   12180	      10 /usr/lib/libultra_rom.a(rotate.o)
		.rodata 	   12190	     240 /usr/lib/libultra_rom.a(seqplayer.o)
		.rodata 	   123d0	      10 /usr/lib/libultra_rom.a(cents2ratio.o)
		.rodata 	   123e0	      80 /usr/lib/libultra_rom.a(setintmask.o)
		.rodata 	   12460	      10 /usr/lib/libultra_rom.a(libm_vals.o)
		.rodata 	   12470	      50 /usr/lib/libultra_rom.a(exceptasm.o)
		.rodata 	   124c0	      20 /usr/lib/libultra_rom.a(drvrNew.o)
		.rodata 	   124e0	      40 /usr/lib/libultra_rom.a(resample.o)
		.rodata 	   12520	      60 /usr/lib/libultra_rom.a(env.o)
		.rodata 	   12580	      20 /usr/lib/libultra_rom.a(devmgr.o)
		.rodata 	   125a0	      10 /usr/lib/libultra_rom.a(seq.o)
		.rodata 	   125b0	      30 /usr/lib/libultra_rom.a(reverb.o)

.data   			   125e0	    12d0
		.data   	   125e0	      10 audio.o
		.data   	   125f0	      10 audiomgr.o
		.data   	   12600	      30 controller.o
		.data   	   12630	      10 gfx.o
		.data   	   12640	      10 misc.o
		.data   	   12650	      10 /usr/lib/libultra_rom.a(sl.o)
		.data   	   12660	      10 /usr/lib/libultra_rom.a(sched.o)
		.data   	   12670	      10 /usr/lib/libultra_rom.a(aisetnextbuf.o)
		.data   	   12680	      10 /usr/lib/libultra_rom.a(controller.o)
		.data   	   12690	      20 /usr/lib/libultra_rom.a(initialize.o)
		.data   	   126b0	      20 /usr/lib/libultra_rom.a(pimgr.o)
		.data   	   126d0	      70 /usr/lib/libultra_rom.a(vi.o)
		.data   	   12740	      20 /usr/lib/libultra_rom.a(thread.o)
		.data   	   12760	      20 /usr/lib/libultra_rom.a(exceptasm.o)
		.data   	   12780	      20 /usr/lib/libultra_rom.a(vimgr.o)
		.data   	   127a0	     d20 /usr/lib/libultra_rom.a(vitbl.o)
		.data   	   134c0	     190 /usr/lib/libultra_rom.a(drvrNew.o)
		.data   	   13650	     140 /usr/lib/libultra_rom.a(env.o)
		.data   	   13790	      10 /usr/lib/libultra_rom.a(siacs.o)
		.data   	   137a0	      10 /usr/lib/libultra_rom.a(piacs.o)
		.data   	   137b0	      50 /usr/lib/libultra_rom.a(vimodepallan1.o)
		.data   	   13800	      50 /usr/lib/libultra_rom.a(vimodempallan1.o)
		.data   	   13850	      50 /usr/lib/libultra_rom.a(vimodentsclan1.o)
		.data   	   138a0	      10 /usr/lib/libultra_rom.a(timerintr.o)

.bss    			   138b0	   742e0
		.bss    	   138b0	   61e70 audio.o
		.bss    	   75720	    2ec0 audiomgr.o
		.bss    	   785e0	      50 controller.o
		.bss    	   78630	      10 gfx.o
		.bss    	   78640	     400 gfxstack.o
		.bss    	   78a40	     ba0 gfxyield.o
		.bss    	   795e0	      10 misc.o
		.bss    	   795f0	    ad90 simple.o
		.bss    	   84380	      80 /usr/lib/libultra_rom.a(seteventmesg.o)
		.bss    	   84400	      90 /usr/lib/libultra_rom.a(controller.o)
		.bss    	   84490	      10 /usr/lib/libultra_rom.a(rotate.o)
		.bss    	   844a0	      10 /usr/lib/libultra_rom.a(initialize.o)
		.bss    	   844b0	    11d0 /usr/lib/libultra_rom.a(pimgr.o)
		.bss    	   85680	    1220 /usr/lib/libultra_rom.a(vimgr.o)
		.bss    	   868a0	      40 /usr/lib/libultra_rom.a(sptask.o)
		.bss    	   868e0	      20 /usr/lib/libultra_rom.a(siacs.o)
		.bss    	   86900	    1000 /usr/lib/libultra_rom.a(leointerrupt.o)
		.bss    	   87900	      20 /usr/lib/libultra_rom.a(piacs.o)
		.bss    	   87920	     1b0 /usr/lib/libultra_rom.a(kdebugserver.o)
		.bss    	   87ad0	      40 /usr/lib/libultra_rom.a(timerintr.o)
		.bss    	   87b10	      80 /usr/lib/libultra_rom.a(leodiskinit.o)
