		LINK EDITOR MEMORY MAP


output		input		virtual
section		section		address		size

.text   			      00	    e7f0
		.text   	      00	     260 audio.o
		.text   	     260	     960 audiomgr.o
		.text   	     bc0	     2c0 controller.o
		.text   	     e80	     730 gfx.o
		.text   	    15b0	     180 misc.o
		.text   	    1730	     3a0 simple.o
		.text   	    1ad0	      40 /usr/lib/libultra_rom.a(heapinit.o)
		.text   	    1b10	      60 /usr/lib/libultra_rom.a(heapalloc.o)
		.text   	    1b70	     250 /usr/lib/libultra_rom.a(bnkf.o)
		.text   	    1dc0	    1940 /usr/lib/libultra_rom.a(seqplayer.o)
		.text   	    3700	     620 /usr/lib/libultra_rom.a(seq.o)
		.text   	    3d20	      40 /usr/lib/libultra_rom.a(seqploop.o)
		.text   	    3d60	      40 /usr/lib/libultra_rom.a(seqpsetseq.o)
		.text   	    3da0	      40 /usr/lib/libultra_rom.a(seqpsetbank.o)
		.text   	    3de0	      30 /usr/lib/libultra_rom.a(seqpplay.o)
		.text   	    3e10	     160 /usr/lib/libultra_rom.a(aisetfreq.o)
		.text   	    3f70	      c0 /usr/lib/libultra_rom.a(sl.o)
		.text   	    4030	      30 /usr/lib/libultra_rom.a(createmesgqueue.o)
		.text   	    4060	     150 /usr/lib/libultra_rom.a(createthread.o)
		.text   	    41b0	     150 /usr/lib/libultra_rom.a(startthread.o)
		.text   	    4300	     940 /usr/lib/libultra_rom.a(sched.o)
		.text   	    4c40	     140 /usr/lib/libultra_rom.a(recvmesg.o)
		.text   	    4d80	      80 /usr/lib/libultra_rom.a(virtualtophysical.o)
		.text   	    4e00	      b0 /usr/lib/libultra_rom.a(aisetnextbuf.o)
		.text   	    4eb0	      10 /usr/lib/libultra_rom.a(aigetlen.o)
		.text   	    4ec0	     6d0 /usr/lib/libultra_rom.a(synthesizer.o)
		.text   	    5590	     150 /usr/lib/libultra_rom.a(sendmesg.o)
		.text   	    56e0	     110 /usr/lib/libultra_rom.a(pidma.o)
		.text   	    57f0	      70 /usr/lib/libultra_rom.a(seteventmesg.o)
		.text   	    5860	     3c0 /usr/lib/libultra_rom.a(controller.o)
		.text   	    5c20	     260 /usr/lib/libultra_rom.a(contreaddata.o)
		.text   	    5e80	     1c0 /usr/lib/libultra_rom.a(visetspecial.o)
		.text   	    6040	      80 /usr/lib/libultra_rom.a(writebackdcache.o)
		.text   	    60c0	     290 /usr/lib/libultra_rom.a(perspective.o)
		.text   	    6350	     330 /usr/lib/libultra_rom.a(lookat.o)
		.text   	    6680	      a0 /usr/lib/libultra_rom.a(scale.o)
		.text   	    6720	      a0 /usr/lib/libultra_rom.a(translate.o)
		.text   	    67c0	     1f0 /usr/lib/libultra_rom.a(rotate.o)
		.text   	    69b0	     230 /usr/lib/libultra_rom.a(initialize.o)
		.text   	    6be0	     180 /usr/lib/libultra_rom.a(pimgr.o)
		.text   	    6d60	      e0 /usr/lib/libultra_rom.a(setthreadpri.o)
		.text   	    6e40	      b0 /usr/lib/libultra_rom.a(invaldcache.o)
		.text   	    6ef0	     340 /usr/lib/libultra_rom.a(event.o)
		.text   	    7230	      50 /usr/lib/libultra_rom.a(synaddplayer.o)
		.text   	    7280	      80 /usr/lib/libultra_rom.a(synstopvoice.o)
		.text   	    7300	      b0 /usr/lib/libultra_rom.a(synfreevoice.o)
		.text   	    73b0	      a0 /usr/lib/libultra_rom.a(synsetvol.o)
		.text   	    7450	      90 /usr/lib/libultra_rom.a(synsetpitch.o)
		.text   	    74e0	     230 /usr/lib/libultra_rom.a(synallocvoice.o)
		.text   	    7710	      50 /usr/lib/libultra_rom.a(cents2ratio.o)
		.text   	    7760	      f0 /usr/lib/libultra_rom.a(synstartvoiceparam.o)
		.text   	    7850	      90 /usr/lib/libultra_rom.a(synsetpan.o)
		.text   	    78e0	      a0 /usr/lib/libultra_rom.a(synsetfxmix.o)
		.text   	    7980	      10 /usr/lib/libultra_rom.a(synsetpriority.o)
		.text   	    7990	      e0 /usr/lib/libultra_rom.a(vi.o)
		.text   	    7a70	      10 /usr/lib/libultra_rom.a(syndelete.o)
		.text   	    7a80	      40 /usr/lib/libultra_rom.a(thread.o)
		.text   	    7ac0	     870 /usr/lib/libultra_rom.a(exceptasm.o)
		.text   	    8330	      40 /usr/lib/libultra_rom.a(interrupt.o)
		.text   	    8370	     360 /usr/lib/libultra_rom.a(vimgr.o)
		.text   	    86d0	      70 /usr/lib/libultra_rom.a(visetmode.o)
		.text   	    8740	      70 /usr/lib/libultra_rom.a(viblack.o)
		.text   	    87b0	      70 /usr/lib/libultra_rom.a(visetevent.o)
		.text   	    8820	      60 /usr/lib/libultra_rom.a(setintmask.o)
		.text   	    8880	      80 /usr/lib/libultra_rom.a(sptaskyielded.o)
		.text   	    8900	      40 /usr/lib/libultra_rom.a(vigetcurrframebuf.o)
		.text   	    8940	      40 /usr/lib/libultra_rom.a(vigetnextframebuf.o)
		.text   	    8980	      50 /usr/lib/libultra_rom.a(viswapbuf.o)
		.text   	    89d0	      30 /usr/lib/libultra_rom.a(writebackdcacheall.o)
		.text   	    8a00	     2c0 /usr/lib/libultra_rom.a(sptask.o)
		.text   	    8cc0	      b0 /usr/lib/libultra_rom.a(dpsetnextbuf.o)
		.text   	    8d70	      20 /usr/lib/libultra_rom.a(sptaskyield.o)
		.text   	    8d90	      c0 /usr/lib/libultra_rom.a(probetlb.o)
		.text   	    8e50	      30 /usr/lib/libultra_rom.a(ai.o)
		.text   	    8e80	     780 /usr/lib/libultra_rom.a(drvrNew.o)
		.text   	    9600	      a0 /usr/lib/libultra_rom.a(synallocfx.o)
		.text   	    96a0	     150 /usr/lib/libultra_rom.a(mainbus.o)
		.text   	    97f0	     b50 /usr/lib/libultra_rom.a(load.o)
		.text   	    a340	     300 /usr/lib/libultra_rom.a(resample.o)
		.text   	    a640	     c60 /usr/lib/libultra_rom.a(env.o)
		.text   	    b2a0	     110 /usr/lib/libultra_rom.a(auxbus.o)
		.text   	    b3b0	      c0 /usr/lib/libultra_rom.a(save.o)
		.text   	    b470	     150 /usr/lib/libultra_rom.a(jammesg.o)
		.text   	    b5c0	      30 /usr/lib/libultra_rom.a(pigetcmdq.o)
		.text   	    b5f0	      90 /usr/lib/libultra_rom.a(gettime.o)
		.text   	    b680	     2c0 /usr/lib/libultra_rom.a(ll.o)
		.text   	    b940	      e0 /usr/lib/libultra_rom.a(settimer.o)
		.text   	    ba20	      b0 /usr/lib/libultra_rom.a(sirawdma.o)
		.text   	    bad0	      c0 /usr/lib/libultra_rom.a(siacs.o)
		.text   	    bb90	     270 /usr/lib/libultra_rom.a(mtxutil.o)
		.text   	    be00	     170 /usr/lib/libultra_rom.a(cosf.o)
		.text   	    bf70	     1c0 /usr/lib/libultra_rom.a(sinf.o)
		.text   	    c130	      10 /usr/lib/libultra_rom.a(sqrtf.o)
		.text   	    c140	      90 /usr/lib/libultra_rom.a(normalize.o)
		.text   	    c1d0	      10 /usr/lib/libultra_rom.a(setsr.o)
		.text   	    c1e0	      10 /usr/lib/libultra_rom.a(getsr.o)
		.text   	    c1f0	      10 /usr/lib/libultra_rom.a(setfpccsr.o)
		.text   	    c200	      50 /usr/lib/libultra_rom.a(sirawread.o)
		.text   	    c250	      50 /usr/lib/libultra_rom.a(sirawwrite.o)
		.text   	    c2a0	      80 /usr/lib/libultra_rom.a(invalicache.o)
		.text   	    c320	      60 /usr/lib/libultra_rom.a(maptlbrdb.o)
		.text   	    c380	      60 /usr/lib/libultra_rom.a(pirawread.o)
		.text   	    c3e0	      40 /usr/lib/libultra_rom.a(parameters.o)
		.text   	    c420	      a0 /usr/lib/libultra_rom.a(bzero.o)
		.text   	    c4c0	      c0 /usr/lib/libultra_rom.a(piacs.o)
		.text   	    c580	      20 /usr/lib/libultra_rom.a(getthreadpri.o)
		.text   	    c5a0	      e0 /usr/lib/libultra_rom.a(pirawdma.o)
		.text   	    c680	     180 /usr/lib/libultra_rom.a(devmgr.o)
		.text   	    c800	      80 /usr/lib/libultra_rom.a(copy.o)
		.text   	    c880	     360 /usr/lib/libultra_rom.a(viswapcontext.o)
		.text   	    cbe0	     480 /usr/lib/libultra_rom.a(kdebugserver.o)
		.text   	    d060	     130 /usr/lib/libultra_rom.a(syncputchars.o)
		.text   	    d190	     100 /usr/lib/libultra_rom.a(destroythread.o)
		.text   	    d290	     400 /usr/lib/libultra_rom.a(timerintr.o)
		.text   	    d690	      10 /usr/lib/libultra_rom.a(vigetcurrcontext.o)
		.text   	    d6a0	      10 /usr/lib/libultra_rom.a(getcount.o)
		.text   	    d6b0	      10 /usr/lib/libultra_rom.a(spgetstat.o)
		.text   	    d6c0	     310 /usr/lib/libultra_rom.a(bcopy.o)
		.text   	    d9d0	      10 /usr/lib/libultra_rom.a(spsetstat.o)
		.text   	    d9e0	      40 /usr/lib/libultra_rom.a(spsetpc.o)
		.text   	    da20	      90 /usr/lib/libultra_rom.a(sprawdma.o)
		.text   	    dab0	      30 /usr/lib/libultra_rom.a(sp.o)
		.text   	    dae0	      30 /usr/lib/libultra_rom.a(dp.o)
		.text   	    db10	      20 /usr/lib/libultra_rom.a(filter.o)
		.text   	    db30	     c10 /usr/lib/libultra_rom.a(reverb.o)
		.text   	    e740	      30 /usr/lib/libultra_rom.a(si.o)
		.text   	    e770	      10 /usr/lib/libultra_rom.a(getcause.o)
		.text   	    e780	      60 /usr/lib/libultra_rom.a(atomic.o)
		.text   	    e7e0	      10 /usr/lib/libultra_rom.a(setcompare.o)

.rdata  			    e7f0	     540
		.rodata 	    e7f0	      10 controller.o
		.rodata 	    e800	     240 /usr/lib/libultra_rom.a(seqplayer.o)
		.rodata 	    ea40	      10 /usr/lib/libultra_rom.a(seq.o)
		.rodata 	    ea50	      20 /usr/lib/libultra_rom.a(sched.o)
		.rodata 	    ea70	      10 /usr/lib/libultra_rom.a(synthesizer.o)
		.rodata 	    ea80	      10 /usr/lib/libultra_rom.a(perspective.o)
		.rodata 	    ea90	      10 /usr/lib/libultra_rom.a(rotate.o)
		.rodata 	    eaa0	      10 /usr/lib/libultra_rom.a(cents2ratio.o)
		.rodata 	    eab0	      50 /usr/lib/libultra_rom.a(exceptasm.o)
		.rodata 	    eb00	      80 /usr/lib/libultra_rom.a(setintmask.o)
		.rodata 	    eb80	      30 /usr/lib/libultra_rom.a(drvrNew.o)
		.rodata 	    ebb0	      40 /usr/lib/libultra_rom.a(resample.o)
		.rodata 	    ebf0	      60 /usr/lib/libultra_rom.a(env.o)
		.rodata 	    ec50	      50 /usr/lib/libultra_rom.a(cosf.o)
		.rodata 	    eca0	      50 /usr/lib/libultra_rom.a(sinf.o)
		.rodata 	    ecf0	      30 /usr/lib/libultra_rom.a(reverb.o)
		.rodata 	    ed20	      10 /usr/lib/libultra_rom.a(libm_vals.o)

.data   			    ed30	     e20
		.data   	    ed30	      10 audiomgr.o
		.data   	    ed40	      20 controller.o
		.data   	    ed60	      10 gfx.o
		.data   	    ed70	      10 misc.o
		.data   	    ed80	      10 /usr/lib/libultra_rom.a(sl.o)
		.data   	    ed90	      10 /usr/lib/libultra_rom.a(sched.o)
		.data   	    eda0	      10 /usr/lib/libultra_rom.a(aisetnextbuf.o)
		.data   	    edb0	      10 /usr/lib/libultra_rom.a(controller.o)
		.data   	    edc0	      10 /usr/lib/libultra_rom.a(initialize.o)
		.data   	    edd0	      20 /usr/lib/libultra_rom.a(pimgr.o)
		.data   	    edf0	      70 /usr/lib/libultra_rom.a(vi.o)
		.data   	    ee60	      20 /usr/lib/libultra_rom.a(thread.o)
		.data   	    ee80	      20 /usr/lib/libultra_rom.a(exceptasm.o)
		.data   	    eea0	      20 /usr/lib/libultra_rom.a(vimgr.o)
		.data   	    eec0	     8c0 /usr/lib/libultra_rom.a(vitbl.o)
		.data   	    f780	     190 /usr/lib/libultra_rom.a(drvrNew.o)
		.data   	    f910	     140 /usr/lib/libultra_rom.a(env.o)
		.data   	    fa50	      10 /usr/lib/libultra_rom.a(siacs.o)
		.data   	    fa60	      10 /usr/lib/libultra_rom.a(piacs.o)
		.data   	    fa70	      50 /usr/lib/libultra_rom.a(vimodentsclan1.o)
		.data   	    fac0	      50 /usr/lib/libultra_rom.a(vimodepallan1.o)
		.data   	    fb10	      10 /usr/lib/libultra_rom.a(kdebugserver.o)
		.data   	    fb20	      10 /usr/lib/libultra_rom.a(syncputchars.o)
		.data   	    fb30	      10 /usr/lib/libultra_rom.a(timerintr.o)
		.data   	    fb40	      10 /usr/lib/libultra_rom.a(reverb.o)

.bss    			    fb50	   59f30
		.bss    	    fb50	   49420 audio.o
		.bss    	   58f70	    27a0 audiomgr.o
		.bss    	   5b710	      50 controller.o
		.bss    	   5b760	      10 gfx.o
		.bss    	   5b770	     400 gfxstack.o
		.bss    	   5bb70	     900 gfxyield.o
		.bss    	   5c470	    ad90 simple.o
		.bss    	   67200	      80 /usr/lib/libultra_rom.a(seteventmesg.o)
		.bss    	   67280	      90 /usr/lib/libultra_rom.a(controller.o)
		.bss    	   67310	      10 /usr/lib/libultra_rom.a(rotate.o)
		.bss    	   67320	      10 /usr/lib/libultra_rom.a(initialize.o)
		.bss    	   67330	    11d0 /usr/lib/libultra_rom.a(pimgr.o)
		.bss    	   68500	    1210 /usr/lib/libultra_rom.a(vimgr.o)
		.bss    	   69710	      40 /usr/lib/libultra_rom.a(sptask.o)
		.bss    	   69750	      20 /usr/lib/libultra_rom.a(siacs.o)
		.bss    	   69770	      20 /usr/lib/libultra_rom.a(piacs.o)
		.bss    	   69790	     2b0 /usr/lib/libultra_rom.a(kdebugserver.o)
		.bss    	   69a40	      40 /usr/lib/libultra_rom.a(timerintr.o)
