		LINK EDITOR MEMORY MAP


output		input		virtual
section		section		address		size

.text   			      00	   21180
		.text   	      00	    17d0 audio.o
		.text   	    17d0	     e60 audiomgr.o
		.text   	    2630	     550 controller.o
		.text   	    2b80	     b50 gfx.o
		.text   	    36d0	     2a0 misc.o
		.text   	    3970	     4c0 simple.o
		.text   	    3e30	      60 /usr/lib/libultra_d.a(heapinit.o)
		.text   	    3e90	     150 /usr/lib/libultra_d.a(heapalloc.o)
		.text   	    3fe0	     470 /usr/lib/libultra_d.a(bnkf.o)
		.text   	    4450	    1b40 /usr/lib/libultra_d.a(csplayer.o)
		.text   	    5f90	     9f0 /usr/lib/libultra_d.a(sndplayer.o)
		.text   	    6980	      50 /usr/lib/libultra_d.a(assert.o)
		.text   	    69d0	      40 /usr/lib/libultra_d.a(cspstop.o)
		.text   	    6a10	     f10 /usr/lib/libultra_d.a(cseq.o)
		.text   	    7920	      50 /usr/lib/libultra_d.a(cspsetseq.o)
		.text   	    7970	      50 /usr/lib/libultra_d.a(cspsetbank.o)
		.text   	    79c0	      40 /usr/lib/libultra_d.a(cspplay.o)
		.text   	    7a00	      30 /usr/lib/libultra_d.a(getthreadpri.o)
		.text   	    7a30	     130 /usr/lib/libultra_d.a(setthreadpri.o)
		.text   	    7b60	     170 /usr/lib/libultra_d.a(sndpallocate.o)
		.text   	    7cd0	      80 /usr/lib/libultra_d.a(sndpsetsound.o)
		.text   	    7d50	      40 /usr/lib/libultra_d.a(sndpgetstate.o)
		.text   	    7d90	      c0 /usr/lib/libultra_d.a(sndpsetpitch.o)
		.text   	    7e50	      c0 /usr/lib/libultra_d.a(sndpsetfxmix.o)
		.text   	    7f10	      c0 /usr/lib/libultra_d.a(sndpsetpan.o)
		.text   	    7fd0	      c0 /usr/lib/libultra_d.a(sndpsetvol.o)
		.text   	    8090	      b0 /usr/lib/libultra_d.a(sndpplay.o)
		.text   	    8140	     120 /usr/lib/libultra_d.a(syncprintf.o)
		.text   	    8260	      70 /usr/lib/libultra_d.a(sndpstop.o)
		.text   	    82d0	      b0 /usr/lib/libultra_d.a(sndpdeallocate.o)
		.text   	    8380	      10 /usr/lib/libultra_d.a(sqrtf.o)
		.text   	    8390	     240 /usr/lib/libultra_d.a(cosf.o)
		.text   	    85d0	     280 /usr/lib/libultra_d.a(sinf.o)
		.text   	    8850	     260 /usr/lib/libultra_d.a(aisetfreq.o)
		.text   	    8ab0	     110 /usr/lib/libultra_d.a(sl.o)
		.text   	    8bc0	      a0 /usr/lib/libultra_d.a(createmesgqueue.o)
		.text   	    8c60	     1b0 /usr/lib/libultra_d.a(createthread.o)
		.text   	    8e10	     1a0 /usr/lib/libultra_d.a(startthread.o)
		.text   	    8fb0	     f50 /usr/lib/libultra_d.a(sched.o)
		.text   	    9f00	     190 /usr/lib/libultra_d.a(recvmesg.o)
		.text   	    a090	      c0 /usr/lib/libultra_d.a(virtualtophysical.o)
		.text   	    a150	     110 /usr/lib/libultra_d.a(aisetnextbuf.o)
		.text   	    a260	      20 /usr/lib/libultra_d.a(aigetlen.o)
		.text   	    a280	     920 /usr/lib/libultra_d.a(synthesizer.o)
		.text   	    aba0	     190 /usr/lib/libultra_d.a(sendmesg.o)
		.text   	    ad30	     230 /usr/lib/libultra_d.a(pidma.o)
		.text   	    af60	     460 /usr/lib/libultra_d.a(log.o)
		.text   	    b3c0	      a0 /usr/lib/libultra_d.a(seteventmesg.o)
		.text   	    b460	     410 /usr/lib/libultra_d.a(controller.o)
		.text   	    b870	     290 /usr/lib/libultra_d.a(contreaddata.o)
		.text   	    bb00	     220 /usr/lib/libultra_d.a(visetspecial.o)
		.text   	    bd20	      80 /usr/lib/libultra_d.a(writebackdcache.o)
		.text   	    bda0	     300 /usr/lib/libultra_d.a(perspective.o)
		.text   	    c0a0	     470 /usr/lib/libultra_d.a(lookat.o)
		.text   	    c510	      c0 /usr/lib/libultra_d.a(scale.o)
		.text   	    c5d0	      b0 /usr/lib/libultra_d.a(translate.o)
		.text   	    c680	     270 /usr/lib/libultra_d.a(rotate.o)
		.text   	    c8f0	     240 /usr/lib/libultra_d.a(initialize.o)
		.text   	    cb30	      e0 /usr/lib/libultra_d.a(pirawread.o)
		.text   	    cc10	     1e0 /usr/lib/libultra_d.a(pimgr.o)
		.text   	    cdf0	     800 /usr/lib/libultra_d.a(rmonmain.o)
		.text   	    d5f0	      b0 /usr/lib/libultra_d.a(invaldcache.o)
		.text   	    d6a0	      20 /usr/lib/libultra_d.a(errorasm.o)
		.text   	    d6c0	    24f0 /usr/lib/libultra_d.a(seqplayer.o)
		.text   	    fbb0	     420 /usr/lib/libultra_d.a(event.o)
		.text   	    ffd0	      70 /usr/lib/libultra_d.a(synaddplayer.o)
		.text   	   10040	      d0 /usr/lib/libultra_d.a(synstopvoice.o)
		.text   	   10110	     100 /usr/lib/libultra_d.a(synfreevoice.o)
		.text   	   10210	      f0 /usr/lib/libultra_d.a(synsetvol.o)
		.text   	   10300	      e0 /usr/lib/libultra_d.a(synsetpitch.o)
		.text   	   103e0	     360 /usr/lib/libultra_d.a(synallocvoice.o)
		.text   	   10740	      a0 /usr/lib/libultra_d.a(cents2ratio.o)
		.text   	   107e0	     150 /usr/lib/libultra_d.a(synstartvoiceparam.o)
		.text   	   10930	      e0 /usr/lib/libultra_d.a(synsetpan.o)
		.text   	   10a10	     100 /usr/lib/libultra_d.a(synsetfxmix.o)
		.text   	   10b10	      60 /usr/lib/libultra_d.a(setintmask.o)
		.text   	   10b70	      f0 /usr/lib/libultra_d.a(synstartvoice.o)
		.text   	   10c60	     300 /usr/lib/libultra_d.a(rmonprint.o)
		.text   	   10f60	      10 /usr/lib/libultra_d.a(assertbreak.o)
		.text   	   10f70	      50 /usr/lib/libultra_d.a(thread.o)
		.text   	   10fc0	      40 /usr/lib/libultra_d.a(interrupt.o)
		.text   	   11000	     940 /usr/lib/libultra_d.a(exceptasm.o)
		.text   	   11940	     140 /usr/lib/libultra_d.a(syncputchars.o)
		.text   	   11a80	    1260 /usr/lib/libultra_d.a(xprintf.o)
		.text   	   12ce0	     100 /usr/lib/libultra_d.a(vi.o)
		.text   	   12de0	      20 /usr/lib/libultra_d.a(syndelete.o)
		.text   	   12e00	     400 /usr/lib/libultra_d.a(vimgr.o)
		.text   	   13200	      d0 /usr/lib/libultra_d.a(visetmode.o)
		.text   	   132d0	      80 /usr/lib/libultra_d.a(viblack.o)
		.text   	   13350	      d0 /usr/lib/libultra_d.a(visetevent.o)
		.text   	   13420	      90 /usr/lib/libultra_d.a(sptaskyielded.o)
		.text   	   134b0	      80 /usr/lib/libultra_d.a(vigetcurrframebuf.o)
		.text   	   13530	      80 /usr/lib/libultra_d.a(vigetnextframebuf.o)
		.text   	   135b0	      e0 /usr/lib/libultra_d.a(viswapbuf.o)
		.text   	   13690	      30 /usr/lib/libultra_d.a(writebackdcacheall.o)
		.text   	   136c0	     3e0 /usr/lib/libultra_d.a(sptask.o)
		.text   	   13aa0	     130 /usr/lib/libultra_d.a(dpsetnextbuf.o)
		.text   	   13bd0	      30 /usr/lib/libultra_d.a(sptaskyield.o)
		.text   	   13c00	      c0 /usr/lib/libultra_d.a(probetlb.o)
		.text   	   13cc0	      50 /usr/lib/libultra_d.a(ai.o)
		.text   	   13d10	     a80 /usr/lib/libultra_d.a(drvrNew.o)
		.text   	   14790	     100 /usr/lib/libultra_d.a(synallocfx.o)
		.text   	   14890	     230 /usr/lib/libultra_d.a(mainbus.o)
		.text   	   14ac0	    11e0 /usr/lib/libultra_d.a(load.o)
		.text   	   15ca0	     460 /usr/lib/libultra_d.a(resample.o)
		.text   	   16100	    1300 /usr/lib/libultra_d.a(env.o)
		.text   	   17400	     1a0 /usr/lib/libultra_d.a(auxbus.o)
		.text   	   175a0	     1e0 /usr/lib/libultra_d.a(save.o)
		.text   	   17780	     190 /usr/lib/libultra_d.a(jammesg.o)
		.text   	   17910	      40 /usr/lib/libultra_d.a(pigetcmdq.o)
		.text   	   17950	     880 /usr/lib/libultra_d.a(rmonsio.o)
		.text   	   181d0	      10 /usr/lib/libultra_d.a(getcount.o)
		.text   	   181e0	      e0 /usr/lib/libultra_d.a(piacs.o)
		.text   	   182c0	      b0 /usr/lib/libultra_d.a(pirawwrite.o)
		.text   	   18370	      40 /usr/lib/libultra_d.a(giointerrupt.o)
		.text   	   183b0	      d0 /usr/lib/libultra_d.a(gettime.o)
		.text   	   18480	     370 /usr/lib/libultra_d.a(ll.o)
		.text   	   187f0	     110 /usr/lib/libultra_d.a(settimer.o)
		.text   	   18900	      f0 /usr/lib/libultra_d.a(sirawdma.o)
		.text   	   189f0	      e0 /usr/lib/libultra_d.a(siacs.o)
		.text   	   18ad0	     340 /usr/lib/libultra_d.a(mtxutil.o)
		.text   	   18e10	      b0 /usr/lib/libultra_d.a(normalize.o)
		.text   	   18ec0	      40 /usr/lib/libultra_d.a(parameters.o)
		.text   	   18f00	      10 /usr/lib/libultra_d.a(setsr.o)
		.text   	   18f10	      10 /usr/lib/libultra_d.a(getsr.o)
		.text   	   18f20	      10 /usr/lib/libultra_d.a(setfpccsr.o)
		.text   	   18f30	      c0 /usr/lib/libultra_d.a(sirawread.o)
		.text   	   18ff0	      90 /usr/lib/libultra_d.a(sirawwrite.o)
		.text   	   19080	      80 /usr/lib/libultra_d.a(invalicache.o)
		.text   	   19100	      60 /usr/lib/libultra_d.a(maptlbrdb.o)
		.text   	   19160	      c0 /usr/lib/libultra_d.a(bzero.o)
		.text   	   19220	     1e0 /usr/lib/libultra_d.a(pirawdma.o)
		.text   	   19400	     190 /usr/lib/libultra_d.a(devmgr.o)
		.text   	   19590	     1b0 /usr/lib/libultra_d.a(rmonmisc.o)
		.text   	   19740	      c0 /usr/lib/libultra_d.a(sprawread.o)
		.text   	   19800	     940 /usr/lib/libultra_d.a(rmonmem.o)
		.text   	   1a140	      c0 /usr/lib/libultra_d.a(rmoncmds.o)
		.text   	   1a200	     c90 /usr/lib/libultra_d.a(rmonbrk.o)
		.text   	   1ae90	      60 /usr/lib/libultra_d.a(error.o)
		.text   	   1aef0	     a40 /usr/lib/libultra_d.a(seq.o)
		.text   	   1b930	      20 /usr/lib/libultra_d.a(synsetpriority.o)
		.text   	   1b950	      60 /usr/lib/libultra_d.a(copy.o)
		.text   	   1b9b0	     520 /usr/lib/libultra_d.a(kdebugserver.o)
		.text   	   1bed0	     120 /usr/lib/libultra_d.a(destroythread.o)
		.text   	   1bff0	      70 /usr/lib/libultra_d.a(atomic.o)
		.text   	   1c060	      10 /usr/lib/libultra_d.a(getcause.o)
		.text   	   1c070	     100 /usr/lib/libultra_d.a(string.o)
		.text   	   1c170	     330 /usr/lib/libultra_d.a(xlitob.o)
		.text   	   1c4a0	     ed0 /usr/lib/libultra_d.a(xldtob.o)
		.text   	   1d370	     380 /usr/lib/libultra_d.a(viswapcontext.o)
		.text   	   1d6f0	     5b0 /usr/lib/libultra_d.a(timerintr.o)
		.text   	   1dca0	      20 /usr/lib/libultra_d.a(vigetcurrcontext.o)
		.text   	   1dcc0	      20 /usr/lib/libultra_d.a(spgetstat.o)
		.text   	   1dce0	     360 /usr/lib/libultra_d.a(bcopy.o)
		.text   	   1e040	      20 /usr/lib/libultra_d.a(spsetstat.o)
		.text   	   1e060	      40 /usr/lib/libultra_d.a(spsetpc.o)
		.text   	   1e0a0	     130 /usr/lib/libultra_d.a(sprawdma.o)
		.text   	   1e1d0	      40 /usr/lib/libultra_d.a(sp.o)
		.text   	   1e210	      40 /usr/lib/libultra_d.a(dp.o)
		.text   	   1e250	      30 /usr/lib/libultra_d.a(filter.o)
		.text   	   1e280	    1210 /usr/lib/libultra_d.a(reverb.o)
		.text   	   1f490	      30 /usr/lib/libultra_d.a(getthreadid.o)
		.text   	   1f4c0	      70 /usr/lib/libultra_d.a(giorawinterrupt.o)
		.text   	   1f530	      e0 /usr/lib/libultra_d.a(stopthread.o)
		.text   	   1f610	      40 /usr/lib/libultra_d.a(si.o)
		.text   	   1f650	      90 /usr/lib/libultra_d.a(sprawwrite.o)
		.text   	   1f6e0	     b70 /usr/lib/libultra_d.a(rmontask.o)
		.text   	   20250	     c60 /usr/lib/libultra_d.a(rmonregs.o)
		.text   	   20eb0	      20 /usr/lib/libultra_d.a(getactivequeue.o)
		.text   	   20ed0	     1f0 /usr/lib/libultra_d.a(ldiv.o)
		.text   	   210c0	      10 /usr/lib/libultra_d.a(setcompare.o)
		.text   	   210d0	      b0 /usr/lib/libultra_d.a(rmonrcp.o)

.rdata  			   21180	    1a70
		.rodata 	   21180	     1b0 audio.o
		.rodata 	   21330	      d0 audiomgr.o
		.rodata 	   21400	      80 controller.o
		.rodata 	   21480	      80 gfx.o
		.rodata 	   21500	      10 /usr/lib/libultra_d.a(heapalloc.o)
		.rodata 	   21510	     330 /usr/lib/libultra_d.a(csplayer.o)
		.rodata 	   21840	      90 /usr/lib/libultra_d.a(sndplayer.o)
		.rodata 	   218d0	      20 /usr/lib/libultra_d.a(assert.o)
		.rodata 	   218f0	      10 /usr/lib/libultra_d.a(cseq.o)
		.rodata 	   21900	      50 /usr/lib/libultra_d.a(cosf.o)
		.rodata 	   21950	      50 /usr/lib/libultra_d.a(sinf.o)
		.rodata 	   219a0	     1a0 /usr/lib/libultra_d.a(sched.o)
		.rodata 	   21b40	      e0 /usr/lib/libultra_d.a(synthesizer.o)
		.rodata 	   21c20	      10 /usr/lib/libultra_d.a(perspective.o)
		.rodata 	   21c30	      30 /usr/lib/libultra_d.a(pirawread.o)
		.rodata 	   21c60	      60 /usr/lib/libultra_d.a(rmonmain.o)
		.rodata 	   21cc0	     3e0 /usr/lib/libultra_d.a(seqplayer.o)
		.rodata 	   220a0	      10 /usr/lib/libultra_d.a(cents2ratio.o)
		.rodata 	   220b0	      80 /usr/lib/libultra_d.a(setintmask.o)
		.rodata 	   22130	      50 /usr/lib/libultra_d.a(exceptasm.o)
		.rodata 	   22180	     100 /usr/lib/libultra_d.a(xprintf.o)
		.rodata 	   22280	      10 /usr/lib/libultra_d.a(libm_vals.o)
		.rodata 	   22290	      30 /usr/lib/libultra_d.a(visetmode.o)
		.rodata 	   222c0	      20 /usr/lib/libultra_d.a(visetevent.o)
		.rodata 	   222e0	      30 /usr/lib/libultra_d.a(viswapbuf.o)
		.rodata 	   22310	      f0 /usr/lib/libultra_d.a(drvrNew.o)
		.rodata 	   22400	      30 /usr/lib/libultra_d.a(resample.o)
		.rodata 	   22430	      c0 /usr/lib/libultra_d.a(env.o)
		.rodata 	   224f0	      30 /usr/lib/libultra_d.a(save.o)
		.rodata 	   22520	      60 /usr/lib/libultra_d.a(rmonsio.o)
		.rodata 	   22580	      30 /usr/lib/libultra_d.a(sirawdma.o)
		.rodata 	   225b0	      50 /usr/lib/libultra_d.a(sirawread.o)
		.rodata 	   22600	      30 /usr/lib/libultra_d.a(sirawwrite.o)
		.rodata 	   22630	      30 /usr/lib/libultra_d.a(rmonmisc.o)
		.rodata 	   22660	      50 /usr/lib/libultra_d.a(sprawread.o)
		.rodata 	   226b0	      d0 /usr/lib/libultra_d.a(rmonmem.o)
		.rodata 	   22780	     1d0 /usr/lib/libultra_d.a(rmonbrk.o)
		.rodata 	   22950	      10 /usr/lib/libultra_d.a(seq.o)
		.rodata 	   22960	      60 /usr/lib/libultra_d.a(xldtob.o)
		.rodata 	   229c0	      90 /usr/lib/libultra_d.a(sprawdma.o)
		.rodata 	   22a50	      50 /usr/lib/libultra_d.a(reverb.o)
		.rodata 	   22aa0	      30 /usr/lib/libultra_d.a(sprawwrite.o)
		.rodata 	   22ad0	      a0 /usr/lib/libultra_d.a(rmontask.o)
		.rodata 	   22b70	      80 /usr/lib/libultra_d.a(rmonregs.o)

.data   			   22bf0	    1020
		.data   	   22bf0	      10 audio.o
		.data   	   22c00	      10 audiomgr.o
		.data   	   22c10	      30 controller.o
		.data   	   22c40	      10 gfx.o
		.data   	   22c50	      10 misc.o
		.data   	   22c60	      10 simple.o
		.data   	   22c70	      10 /usr/lib/libultra_d.a(sl.o)
		.data   	   22c80	      10 /usr/lib/libultra_d.a(sched.o)
		.data   	   22c90	      10 /usr/lib/libultra_d.a(aisetnextbuf.o)
		.data   	   22ca0	      10 /usr/lib/libultra_d.a(controller.o)
		.data   	   22cb0	      10 /usr/lib/libultra_d.a(rotate.o)
		.data   	   22cc0	      10 /usr/lib/libultra_d.a(initialize.o)
		.data   	   22cd0	      20 /usr/lib/libultra_d.a(pimgr.o)
		.data   	   22cf0	      10 /usr/lib/libultra_d.a(rmonmain.o)
		.data   	   22d00	      10 /usr/lib/libultra_d.a(rmonprint.o)
		.data   	   22d10	      20 /usr/lib/libultra_d.a(thread.o)
		.data   	   22d30	      20 /usr/lib/libultra_d.a(exceptasm.o)
		.data   	   22d50	      10 /usr/lib/libultra_d.a(syncputchars.o)
		.data   	   22d60	      50 /usr/lib/libultra_d.a(xprintf.o)
		.data   	   22db0	      70 /usr/lib/libultra_d.a(vi.o)
		.data   	   22e20	     8c0 /usr/lib/libultra_d.a(vitbl.o)
		.data   	   236e0	      20 /usr/lib/libultra_d.a(vimgr.o)
		.data   	   23700	     190 /usr/lib/libultra_d.a(drvrNew.o)
		.data   	   23890	     140 /usr/lib/libultra_d.a(env.o)
		.data   	   239d0	      10 /usr/lib/libultra_d.a(rmonsio.o)
		.data   	   239e0	      10 /usr/lib/libultra_d.a(piacs.o)
		.data   	   239f0	      10 /usr/lib/libultra_d.a(siacs.o)
		.data   	   23a00	      e0 /usr/lib/libultra_d.a(rmoncmds.o)
		.data   	   23ae0	      20 /usr/lib/libultra_d.a(error.o)
		.data   	   23b00	      10 /usr/lib/libultra_d.a(kdebugserver.o)
		.data   	   23b10	      30 /usr/lib/libultra_d.a(xlitob.o)
		.data   	   23b40	      50 /usr/lib/libultra_d.a(vimodentsclan1.o)
		.data   	   23b90	      50 /usr/lib/libultra_d.a(vimodepallan1.o)
		.data   	   23be0	      10 /usr/lib/libultra_d.a(timerintr.o)
		.data   	   23bf0	      20 /usr/lib/libultra_d.a(reverb.o)

.bss    			   23c10	   9abd0
		.bss    	   23c10	   61e50 audio.o
		.bss    	   85a60	    2dc0 audiomgr.o
		.bss    	   88820	      50 controller.o
		.bss    	   88870	      10 gfx.o
		.bss    	   88880	     400 gfxstack.o
		.bss    	   88c80	     900 gfxyield.o
		.bss    	   89580	   2bf50 simple.o
		.bss    	   b54d0	      80 /usr/lib/libultra_d.a(seteventmesg.o)
		.bss    	   b5550	      90 /usr/lib/libultra_d.a(controller.o)
		.bss    	   b55e0	    11d0 /usr/lib/libultra_d.a(pimgr.o)
		.bss    	   b67b0	    14a0 /usr/lib/libultra_d.a(rmonmain.o)
		.bss    	   b7c50	      10 /usr/lib/libultra_d.a(rmonprint.o)
		.bss    	   b7c60	    1210 /usr/lib/libultra_d.a(vimgr.o)
		.bss    	   b8e70	      40 /usr/lib/libultra_d.a(sptask.o)
		.bss    	   b8eb0	    1140 /usr/lib/libultra_d.a(rmonsio.o)
		.bss    	   b9ff0	      20 /usr/lib/libultra_d.a(piacs.o)
		.bss    	   ba010	      20 /usr/lib/libultra_d.a(siacs.o)
		.bss    	   ba030	    4220 /usr/lib/libultra_d.a(rmonmisc.o)
		.bss    	   be250	     100 /usr/lib/libultra_d.a(rmonmem.o)
		.bss    	   be350	     110 /usr/lib/libultra_d.a(rmonbrk.o)
		.bss    	   be460	      50 /usr/lib/libultra_d.a(error.o)
		.bss    	   be4b0	     2b0 /usr/lib/libultra_d.a(kdebugserver.o)
		.bss    	   be760	      60 /usr/lib/libultra_d.a(timerintr.o)
		.bss    	   be7c0	      20 /usr/lib/libultra_d.a(rmonregs.o)
