		LINK EDITOR MEMORY MAP


output		input		virtual
section		section		address		size

.text   			      00	   11bc0
		.text   	      00	     e50 audio.o
		.text   	     e50	     950 audiomgr.o
		.text   	    17a0	     2c0 controller.o
		.text   	    1a60	     730 gfx.o
		.text   	    2190	     180 misc.o
		.text   	    2310	     3a0 simple.o
		.text   	    26b0	      40 /usr/lib/libultra_rom.a(heapinit.o)
		.text   	    26f0	      60 /usr/lib/libultra_rom.a(heapalloc.o)
		.text   	    2750	     250 /usr/lib/libultra_rom.a(bnkf.o)
		.text   	    29a0	    1230 /usr/lib/libultra_rom.a(csplayer.o)
		.text   	    3bd0	     710 /usr/lib/libultra_rom.a(sndplayer.o)
		.text   	    42e0	      30 /usr/lib/libultra_rom.a(cspstop.o)
		.text   	    4310	     ac0 /usr/lib/libultra_rom.a(cseq.o)
		.text   	    4dd0	      40 /usr/lib/libultra_rom.a(cspsetseq.o)
		.text   	    4e10	      40 /usr/lib/libultra_rom.a(cspsetbank.o)
		.text   	    4e50	      30 /usr/lib/libultra_rom.a(cspplay.o)
		.text   	    4e80	      20 /usr/lib/libultra_rom.a(getthreadpri.o)
		.text   	    4ea0	      e0 /usr/lib/libultra_rom.a(setthreadpri.o)
		.text   	    4f80	      a0 /usr/lib/libultra_rom.a(sndpallocate.o)
		.text   	    5020	      20 /usr/lib/libultra_rom.a(sndpsetsound.o)
		.text   	    5040	      20 /usr/lib/libultra_rom.a(sndpgetstate.o)
		.text   	    5060	      60 /usr/lib/libultra_rom.a(sndpsetpitch.o)
		.text   	    50c0	      60 /usr/lib/libultra_rom.a(sndpsetfxmix.o)
		.text   	    5120	      60 /usr/lib/libultra_rom.a(sndpsetpan.o)
		.text   	    5180	      60 /usr/lib/libultra_rom.a(sndpsetvol.o)
		.text   	    51e0	      70 /usr/lib/libultra_rom.a(sndpplay.o)
		.text   	    5250	      50 /usr/lib/libultra_rom.a(sndpstop.o)
		.text   	    52a0	      50 /usr/lib/libultra_rom.a(sndpdeallocate.o)
		.text   	    52f0	      10 /usr/lib/libultra_rom.a(sqrtf.o)
		.text   	    5300	     170 /usr/lib/libultra_rom.a(cosf.o)
		.text   	    5470	     1c0 /usr/lib/libultra_rom.a(sinf.o)
		.text   	    5630	     160 /usr/lib/libultra_rom.a(aisetfreq.o)
		.text   	    5790	      c0 /usr/lib/libultra_rom.a(sl.o)
		.text   	    5850	      30 /usr/lib/libultra_rom.a(createmesgqueue.o)
		.text   	    5880	     150 /usr/lib/libultra_rom.a(createthread.o)
		.text   	    59d0	     150 /usr/lib/libultra_rom.a(startthread.o)
		.text   	    5b20	     940 /usr/lib/libultra_rom.a(sched.o)
		.text   	    6460	     140 /usr/lib/libultra_rom.a(recvmesg.o)
		.text   	    65a0	      80 /usr/lib/libultra_rom.a(virtualtophysical.o)
		.text   	    6620	      b0 /usr/lib/libultra_rom.a(aisetnextbuf.o)
		.text   	    66d0	      10 /usr/lib/libultra_rom.a(aigetlen.o)
		.text   	    66e0	     6d0 /usr/lib/libultra_rom.a(synthesizer.o)
		.text   	    6db0	     150 /usr/lib/libultra_rom.a(sendmesg.o)
		.text   	    6f00	     110 /usr/lib/libultra_rom.a(pidma.o)
		.text   	    7010	      70 /usr/lib/libultra_rom.a(seteventmesg.o)
		.text   	    7080	     3c0 /usr/lib/libultra_rom.a(controller.o)
		.text   	    7440	     260 /usr/lib/libultra_rom.a(contreaddata.o)
		.text   	    76a0	     1c0 /usr/lib/libultra_rom.a(visetspecial.o)
		.text   	    7860	      80 /usr/lib/libultra_rom.a(writebackdcache.o)
		.text   	    78e0	     290 /usr/lib/libultra_rom.a(perspective.o)
		.text   	    7b70	     330 /usr/lib/libultra_rom.a(lookat.o)
		.text   	    7ea0	      a0 /usr/lib/libultra_rom.a(scale.o)
		.text   	    7f40	      a0 /usr/lib/libultra_rom.a(translate.o)
		.text   	    7fe0	     1f0 /usr/lib/libultra_rom.a(rotate.o)
		.text   	    81d0	     230 /usr/lib/libultra_rom.a(initialize.o)
		.text   	    8400	     180 /usr/lib/libultra_rom.a(pimgr.o)
		.text   	    8580	      b0 /usr/lib/libultra_rom.a(invaldcache.o)
		.text   	    8630	    1940 /usr/lib/libultra_rom.a(seqplayer.o)
		.text   	    9f70	     340 /usr/lib/libultra_rom.a(event.o)
		.text   	    a2b0	      50 /usr/lib/libultra_rom.a(synaddplayer.o)
		.text   	    a300	      80 /usr/lib/libultra_rom.a(synstopvoice.o)
		.text   	    a380	      b0 /usr/lib/libultra_rom.a(synfreevoice.o)
		.text   	    a430	      a0 /usr/lib/libultra_rom.a(synsetvol.o)
		.text   	    a4d0	      90 /usr/lib/libultra_rom.a(synsetpitch.o)
		.text   	    a560	     230 /usr/lib/libultra_rom.a(synallocvoice.o)
		.text   	    a790	      50 /usr/lib/libultra_rom.a(cents2ratio.o)
		.text   	    a7e0	      f0 /usr/lib/libultra_rom.a(synstartvoiceparam.o)
		.text   	    a8d0	      90 /usr/lib/libultra_rom.a(synsetpan.o)
		.text   	    a960	      a0 /usr/lib/libultra_rom.a(synsetfxmix.o)
		.text   	    aa00	      60 /usr/lib/libultra_rom.a(setintmask.o)
		.text   	    aa60	      90 /usr/lib/libultra_rom.a(synstartvoice.o)
		.text   	    aaf0	      40 /usr/lib/libultra_rom.a(thread.o)
		.text   	    ab30	      40 /usr/lib/libultra_rom.a(interrupt.o)
		.text   	    ab70	     870 /usr/lib/libultra_rom.a(exceptasm.o)
		.text   	    b3e0	      e0 /usr/lib/libultra_rom.a(vi.o)
		.text   	    b4c0	      10 /usr/lib/libultra_rom.a(syndelete.o)
		.text   	    b4d0	     360 /usr/lib/libultra_rom.a(vimgr.o)
		.text   	    b830	      70 /usr/lib/libultra_rom.a(visetmode.o)
		.text   	    b8a0	      70 /usr/lib/libultra_rom.a(viblack.o)
		.text   	    b910	      70 /usr/lib/libultra_rom.a(visetevent.o)
		.text   	    b980	      80 /usr/lib/libultra_rom.a(sptaskyielded.o)
		.text   	    ba00	      40 /usr/lib/libultra_rom.a(vigetcurrframebuf.o)
		.text   	    ba40	      40 /usr/lib/libultra_rom.a(vigetnextframebuf.o)
		.text   	    ba80	      50 /usr/lib/libultra_rom.a(viswapbuf.o)
		.text   	    bad0	      30 /usr/lib/libultra_rom.a(writebackdcacheall.o)
		.text   	    bb00	     2c0 /usr/lib/libultra_rom.a(sptask.o)
		.text   	    bdc0	      b0 /usr/lib/libultra_rom.a(dpsetnextbuf.o)
		.text   	    be70	      20 /usr/lib/libultra_rom.a(sptaskyield.o)
		.text   	    be90	      c0 /usr/lib/libultra_rom.a(probetlb.o)
		.text   	    bf50	      30 /usr/lib/libultra_rom.a(ai.o)
		.text   	    bf80	     780 /usr/lib/libultra_rom.a(drvrNew.o)
		.text   	    c700	      a0 /usr/lib/libultra_rom.a(synallocfx.o)
		.text   	    c7a0	     150 /usr/lib/libultra_rom.a(mainbus.o)
		.text   	    c8f0	     b50 /usr/lib/libultra_rom.a(load.o)
		.text   	    d440	     300 /usr/lib/libultra_rom.a(resample.o)
		.text   	    d740	     c60 /usr/lib/libultra_rom.a(env.o)
		.text   	    e3a0	     110 /usr/lib/libultra_rom.a(auxbus.o)
		.text   	    e4b0	      c0 /usr/lib/libultra_rom.a(save.o)
		.text   	    e570	     150 /usr/lib/libultra_rom.a(jammesg.o)
		.text   	    e6c0	      30 /usr/lib/libultra_rom.a(pigetcmdq.o)
		.text   	    e6f0	      90 /usr/lib/libultra_rom.a(gettime.o)
		.text   	    e780	     2c0 /usr/lib/libultra_rom.a(ll.o)
		.text   	    ea40	      e0 /usr/lib/libultra_rom.a(settimer.o)
		.text   	    eb20	      b0 /usr/lib/libultra_rom.a(sirawdma.o)
		.text   	    ebd0	      c0 /usr/lib/libultra_rom.a(siacs.o)
		.text   	    ec90	     270 /usr/lib/libultra_rom.a(mtxutil.o)
		.text   	    ef00	      90 /usr/lib/libultra_rom.a(normalize.o)
		.text   	    ef90	      10 /usr/lib/libultra_rom.a(setsr.o)
		.text   	    efa0	      10 /usr/lib/libultra_rom.a(getsr.o)
		.text   	    efb0	      10 /usr/lib/libultra_rom.a(setfpccsr.o)
		.text   	    efc0	      50 /usr/lib/libultra_rom.a(sirawread.o)
		.text   	    f010	      50 /usr/lib/libultra_rom.a(sirawwrite.o)
		.text   	    f060	      80 /usr/lib/libultra_rom.a(invalicache.o)
		.text   	    f0e0	      60 /usr/lib/libultra_rom.a(maptlbrdb.o)
		.text   	    f140	      60 /usr/lib/libultra_rom.a(pirawread.o)
		.text   	    f1a0	      40 /usr/lib/libultra_rom.a(parameters.o)
		.text   	    f1e0	      a0 /usr/lib/libultra_rom.a(bzero.o)
		.text   	    f280	      c0 /usr/lib/libultra_rom.a(piacs.o)
		.text   	    f340	      e0 /usr/lib/libultra_rom.a(pirawdma.o)
		.text   	    f420	     180 /usr/lib/libultra_rom.a(devmgr.o)
		.text   	    f5a0	     620 /usr/lib/libultra_rom.a(seq.o)
		.text   	    fbc0	      10 /usr/lib/libultra_rom.a(synsetpriority.o)
		.text   	    fbd0	      80 /usr/lib/libultra_rom.a(copy.o)
		.text   	    fc50	     480 /usr/lib/libultra_rom.a(kdebugserver.o)
		.text   	   100d0	     130 /usr/lib/libultra_rom.a(syncputchars.o)
		.text   	   10200	     100 /usr/lib/libultra_rom.a(destroythread.o)
		.text   	   10300	     360 /usr/lib/libultra_rom.a(viswapcontext.o)
		.text   	   10660	     400 /usr/lib/libultra_rom.a(timerintr.o)
		.text   	   10a60	      10 /usr/lib/libultra_rom.a(vigetcurrcontext.o)
		.text   	   10a70	      10 /usr/lib/libultra_rom.a(getcount.o)
		.text   	   10a80	      10 /usr/lib/libultra_rom.a(spgetstat.o)
		.text   	   10a90	     310 /usr/lib/libultra_rom.a(bcopy.o)
		.text   	   10da0	      10 /usr/lib/libultra_rom.a(spsetstat.o)
		.text   	   10db0	      40 /usr/lib/libultra_rom.a(spsetpc.o)
		.text   	   10df0	      90 /usr/lib/libultra_rom.a(sprawdma.o)
		.text   	   10e80	      30 /usr/lib/libultra_rom.a(sp.o)
		.text   	   10eb0	      30 /usr/lib/libultra_rom.a(dp.o)
		.text   	   10ee0	      20 /usr/lib/libultra_rom.a(filter.o)
		.text   	   10f00	     c10 /usr/lib/libultra_rom.a(reverb.o)
		.text   	   11b10	      30 /usr/lib/libultra_rom.a(si.o)
		.text   	   11b40	      10 /usr/lib/libultra_rom.a(getcause.o)
		.text   	   11b50	      60 /usr/lib/libultra_rom.a(atomic.o)
		.text   	   11bb0	      10 /usr/lib/libultra_rom.a(setcompare.o)

.rdata  			   11bc0	     7e0
		.rodata 	   11bc0	      10 audio.o
		.rodata 	   11bd0	      10 controller.o
		.rodata 	   11be0	     240 /usr/lib/libultra_rom.a(csplayer.o)
		.rodata 	   11e20	      40 /usr/lib/libultra_rom.a(sndplayer.o)
		.rodata 	   11e60	      10 /usr/lib/libultra_rom.a(cseq.o)
		.rodata 	   11e70	      50 /usr/lib/libultra_rom.a(cosf.o)
		.rodata 	   11ec0	      50 /usr/lib/libultra_rom.a(sinf.o)
		.rodata 	   11f10	      20 /usr/lib/libultra_rom.a(sched.o)
		.rodata 	   11f30	      10 /usr/lib/libultra_rom.a(synthesizer.o)
		.rodata 	   11f40	      10 /usr/lib/libultra_rom.a(perspective.o)
		.rodata 	   11f50	      10 /usr/lib/libultra_rom.a(rotate.o)
		.rodata 	   11f60	     240 /usr/lib/libultra_rom.a(seqplayer.o)
		.rodata 	   121a0	      10 /usr/lib/libultra_rom.a(cents2ratio.o)
		.rodata 	   121b0	      80 /usr/lib/libultra_rom.a(setintmask.o)
		.rodata 	   12230	      50 /usr/lib/libultra_rom.a(exceptasm.o)
		.rodata 	   12280	      10 /usr/lib/libultra_rom.a(libm_vals.o)
		.rodata 	   12290	      30 /usr/lib/libultra_rom.a(drvrNew.o)
		.rodata 	   122c0	      40 /usr/lib/libultra_rom.a(resample.o)
		.rodata 	   12300	      60 /usr/lib/libultra_rom.a(env.o)
		.rodata 	   12360	      10 /usr/lib/libultra_rom.a(seq.o)
		.rodata 	   12370	      30 /usr/lib/libultra_rom.a(reverb.o)

.data   			   123a0	     e40
		.data   	   123a0	      10 audio.o
		.data   	   123b0	      10 audiomgr.o
		.data   	   123c0	      30 controller.o
		.data   	   123f0	      10 gfx.o
		.data   	   12400	      10 misc.o
		.data   	   12410	      10 /usr/lib/libultra_rom.a(sl.o)
		.data   	   12420	      10 /usr/lib/libultra_rom.a(sched.o)
		.data   	   12430	      10 /usr/lib/libultra_rom.a(aisetnextbuf.o)
		.data   	   12440	      10 /usr/lib/libultra_rom.a(controller.o)
		.data   	   12450	      10 /usr/lib/libultra_rom.a(initialize.o)
		.data   	   12460	      20 /usr/lib/libultra_rom.a(pimgr.o)
		.data   	   12480	      20 /usr/lib/libultra_rom.a(thread.o)
		.data   	   124a0	      20 /usr/lib/libultra_rom.a(exceptasm.o)
		.data   	   124c0	      70 /usr/lib/libultra_rom.a(vi.o)
		.data   	   12530	      20 /usr/lib/libultra_rom.a(vimgr.o)
		.data   	   12550	     8c0 /usr/lib/libultra_rom.a(vitbl.o)
		.data   	   12e10	     190 /usr/lib/libultra_rom.a(drvrNew.o)
		.data   	   12fa0	     140 /usr/lib/libultra_rom.a(env.o)
		.data   	   130e0	      10 /usr/lib/libultra_rom.a(siacs.o)
		.data   	   130f0	      10 /usr/lib/libultra_rom.a(piacs.o)
		.data   	   13100	      10 /usr/lib/libultra_rom.a(kdebugserver.o)
		.data   	   13110	      10 /usr/lib/libultra_rom.a(syncputchars.o)
		.data   	   13120	      50 /usr/lib/libultra_rom.a(vimodentsclan1.o)
		.data   	   13170	      50 /usr/lib/libultra_rom.a(vimodepallan1.o)
		.data   	   131c0	      10 /usr/lib/libultra_rom.a(timerintr.o)
		.data   	   131d0	      10 /usr/lib/libultra_rom.a(reverb.o)

.bss    			   131e0	   72f80
		.bss    	   131e0	   61e50 audio.o
		.bss    	   75030	    2dc0 audiomgr.o
		.bss    	   77df0	      50 controller.o
		.bss    	   77e40	      10 gfx.o
		.bss    	   77e50	     400 gfxstack.o
		.bss    	   78250	     900 gfxyield.o
		.bss    	   78b50	    ad90 simple.o
		.bss    	   838e0	      80 /usr/lib/libultra_rom.a(seteventmesg.o)
		.bss    	   83960	      90 /usr/lib/libultra_rom.a(controller.o)
		.bss    	   839f0	      10 /usr/lib/libultra_rom.a(rotate.o)
		.bss    	   83a00	      10 /usr/lib/libultra_rom.a(initialize.o)
		.bss    	   83a10	    11d0 /usr/lib/libultra_rom.a(pimgr.o)
		.bss    	   84be0	    1210 /usr/lib/libultra_rom.a(vimgr.o)
		.bss    	   85df0	      40 /usr/lib/libultra_rom.a(sptask.o)
		.bss    	   85e30	      20 /usr/lib/libultra_rom.a(siacs.o)
		.bss    	   85e50	      20 /usr/lib/libultra_rom.a(piacs.o)
		.bss    	   85e70	     2b0 /usr/lib/libultra_rom.a(kdebugserver.o)
		.bss    	   86120	      40 /usr/lib/libultra_rom.a(timerintr.o)
