		LINK EDITOR MEMORY MAP


output		input		virtual
section		section		address		size

.text   			      00	   1c040
		.text   	      00	     2c0 audio.o
		.text   	     2c0	     e70 audiomgr.o
		.text   	    1130	     510 controller.o
		.text   	    1640	     b50 gfx.o
		.text   	    2190	     2a0 misc.o
		.text   	    2430	     4c0 simple.o
		.text   	    28f0	      60 /usr/lib/libultra_d.a(heapinit.o)
		.text   	    2950	     150 /usr/lib/libultra_d.a(heapalloc.o)
		.text   	    2aa0	     470 /usr/lib/libultra_d.a(bnkf.o)
		.text   	    2f10	    24f0 /usr/lib/libultra_d.a(seqplayer.o)
		.text   	    5400	     a40 /usr/lib/libultra_d.a(seq.o)
		.text   	    5e40	      70 /usr/lib/libultra_d.a(seqploop.o)
		.text   	    5eb0	      50 /usr/lib/libultra_d.a(seqpsetseq.o)
		.text   	    5f00	      50 /usr/lib/libultra_d.a(seqpsetbank.o)
		.text   	    5f50	      40 /usr/lib/libultra_d.a(seqpplay.o)
		.text   	    5f90	     260 /usr/lib/libultra_d.a(aisetfreq.o)
		.text   	    61f0	     110 /usr/lib/libultra_d.a(sl.o)
		.text   	    6300	      a0 /usr/lib/libultra_d.a(createmesgqueue.o)
		.text   	    63a0	     1b0 /usr/lib/libultra_d.a(createthread.o)
		.text   	    6550	     1a0 /usr/lib/libultra_d.a(startthread.o)
		.text   	    66f0	     f50 /usr/lib/libultra_d.a(sched.o)
		.text   	    7640	     190 /usr/lib/libultra_d.a(recvmesg.o)
		.text   	    77d0	      c0 /usr/lib/libultra_d.a(virtualtophysical.o)
		.text   	    7890	     110 /usr/lib/libultra_d.a(aisetnextbuf.o)
		.text   	    79a0	      20 /usr/lib/libultra_d.a(aigetlen.o)
		.text   	    79c0	     920 /usr/lib/libultra_d.a(synthesizer.o)
		.text   	    82e0	      50 /usr/lib/libultra_d.a(assert.o)
		.text   	    8330	     190 /usr/lib/libultra_d.a(sendmesg.o)
		.text   	    84c0	     120 /usr/lib/libultra_d.a(syncprintf.o)
		.text   	    85e0	     230 /usr/lib/libultra_d.a(pidma.o)
		.text   	    8810	     460 /usr/lib/libultra_d.a(log.o)
		.text   	    8c70	      a0 /usr/lib/libultra_d.a(seteventmesg.o)
		.text   	    8d10	     410 /usr/lib/libultra_d.a(controller.o)
		.text   	    9120	     290 /usr/lib/libultra_d.a(contreaddata.o)
		.text   	    93b0	     220 /usr/lib/libultra_d.a(visetspecial.o)
		.text   	    95d0	      80 /usr/lib/libultra_d.a(writebackdcache.o)
		.text   	    9650	     300 /usr/lib/libultra_d.a(perspective.o)
		.text   	    9950	     470 /usr/lib/libultra_d.a(lookat.o)
		.text   	    9dc0	      c0 /usr/lib/libultra_d.a(scale.o)
		.text   	    9e80	      b0 /usr/lib/libultra_d.a(translate.o)
		.text   	    9f30	     270 /usr/lib/libultra_d.a(rotate.o)
		.text   	    a1a0	     240 /usr/lib/libultra_d.a(initialize.o)
		.text   	    a3e0	      e0 /usr/lib/libultra_d.a(pirawread.o)
		.text   	    a4c0	     1e0 /usr/lib/libultra_d.a(pimgr.o)
		.text   	    a6a0	     800 /usr/lib/libultra_d.a(rmonmain.o)
		.text   	    aea0	     130 /usr/lib/libultra_d.a(setthreadpri.o)
		.text   	    afd0	      b0 /usr/lib/libultra_d.a(invaldcache.o)
		.text   	    b080	      20 /usr/lib/libultra_d.a(errorasm.o)
		.text   	    b0a0	     420 /usr/lib/libultra_d.a(event.o)
		.text   	    b4c0	      70 /usr/lib/libultra_d.a(synaddplayer.o)
		.text   	    b530	      d0 /usr/lib/libultra_d.a(synstopvoice.o)
		.text   	    b600	     100 /usr/lib/libultra_d.a(synfreevoice.o)
		.text   	    b700	      f0 /usr/lib/libultra_d.a(synsetvol.o)
		.text   	    b7f0	      e0 /usr/lib/libultra_d.a(synsetpitch.o)
		.text   	    b8d0	     360 /usr/lib/libultra_d.a(synallocvoice.o)
		.text   	    bc30	      a0 /usr/lib/libultra_d.a(cents2ratio.o)
		.text   	    bcd0	     150 /usr/lib/libultra_d.a(synstartvoiceparam.o)
		.text   	    be20	      e0 /usr/lib/libultra_d.a(synsetpan.o)
		.text   	    bf00	     100 /usr/lib/libultra_d.a(synsetfxmix.o)
		.text   	    c000	      20 /usr/lib/libultra_d.a(synsetpriority.o)
		.text   	    c020	     100 /usr/lib/libultra_d.a(vi.o)
		.text   	    c120	      20 /usr/lib/libultra_d.a(syndelete.o)
		.text   	    c140	      50 /usr/lib/libultra_d.a(thread.o)
		.text   	    c190	     940 /usr/lib/libultra_d.a(exceptasm.o)
		.text   	    cad0	      40 /usr/lib/libultra_d.a(interrupt.o)
		.text   	    cb10	     400 /usr/lib/libultra_d.a(vimgr.o)
		.text   	    cf10	      d0 /usr/lib/libultra_d.a(visetmode.o)
		.text   	    cfe0	      80 /usr/lib/libultra_d.a(viblack.o)
		.text   	    d060	      d0 /usr/lib/libultra_d.a(visetevent.o)
		.text   	    d130	      60 /usr/lib/libultra_d.a(setintmask.o)
		.text   	    d190	      90 /usr/lib/libultra_d.a(sptaskyielded.o)
		.text   	    d220	      80 /usr/lib/libultra_d.a(vigetcurrframebuf.o)
		.text   	    d2a0	      80 /usr/lib/libultra_d.a(vigetnextframebuf.o)
		.text   	    d320	      e0 /usr/lib/libultra_d.a(viswapbuf.o)
		.text   	    d400	      30 /usr/lib/libultra_d.a(writebackdcacheall.o)
		.text   	    d430	     3e0 /usr/lib/libultra_d.a(sptask.o)
		.text   	    d810	     130 /usr/lib/libultra_d.a(dpsetnextbuf.o)
		.text   	    d940	      30 /usr/lib/libultra_d.a(sptaskyield.o)
		.text   	    d970	      c0 /usr/lib/libultra_d.a(probetlb.o)
		.text   	    da30	      50 /usr/lib/libultra_d.a(ai.o)
		.text   	    da80	     a80 /usr/lib/libultra_d.a(drvrNew.o)
		.text   	    e500	     100 /usr/lib/libultra_d.a(synallocfx.o)
		.text   	    e600	     230 /usr/lib/libultra_d.a(mainbus.o)
		.text   	    e830	    11e0 /usr/lib/libultra_d.a(load.o)
		.text   	    fa10	     460 /usr/lib/libultra_d.a(resample.o)
		.text   	    fe70	    1300 /usr/lib/libultra_d.a(env.o)
		.text   	   11170	     1a0 /usr/lib/libultra_d.a(auxbus.o)
		.text   	   11310	     1e0 /usr/lib/libultra_d.a(save.o)
		.text   	   114f0	     300 /usr/lib/libultra_d.a(rmonprint.o)
		.text   	   117f0	      10 /usr/lib/libultra_d.a(assertbreak.o)
		.text   	   11800	     140 /usr/lib/libultra_d.a(syncputchars.o)
		.text   	   11940	    1260 /usr/lib/libultra_d.a(xprintf.o)
		.text   	   12ba0	     190 /usr/lib/libultra_d.a(jammesg.o)
		.text   	   12d30	      40 /usr/lib/libultra_d.a(pigetcmdq.o)
		.text   	   12d70	     880 /usr/lib/libultra_d.a(rmonsio.o)
		.text   	   135f0	      10 /usr/lib/libultra_d.a(getcount.o)
		.text   	   13600	      e0 /usr/lib/libultra_d.a(piacs.o)
		.text   	   136e0	      b0 /usr/lib/libultra_d.a(pirawwrite.o)
		.text   	   13790	      40 /usr/lib/libultra_d.a(giointerrupt.o)
		.text   	   137d0	      d0 /usr/lib/libultra_d.a(gettime.o)
		.text   	   138a0	     370 /usr/lib/libultra_d.a(ll.o)
		.text   	   13c10	     110 /usr/lib/libultra_d.a(settimer.o)
		.text   	   13d20	      f0 /usr/lib/libultra_d.a(sirawdma.o)
		.text   	   13e10	      e0 /usr/lib/libultra_d.a(siacs.o)
		.text   	   13ef0	     340 /usr/lib/libultra_d.a(mtxutil.o)
		.text   	   14230	     240 /usr/lib/libultra_d.a(cosf.o)
		.text   	   14470	     280 /usr/lib/libultra_d.a(sinf.o)
		.text   	   146f0	      10 /usr/lib/libultra_d.a(sqrtf.o)
		.text   	   14700	      b0 /usr/lib/libultra_d.a(normalize.o)
		.text   	   147b0	      40 /usr/lib/libultra_d.a(parameters.o)
		.text   	   147f0	      10 /usr/lib/libultra_d.a(setsr.o)
		.text   	   14800	      10 /usr/lib/libultra_d.a(getsr.o)
		.text   	   14810	      10 /usr/lib/libultra_d.a(setfpccsr.o)
		.text   	   14820	      c0 /usr/lib/libultra_d.a(sirawread.o)
		.text   	   148e0	      90 /usr/lib/libultra_d.a(sirawwrite.o)
		.text   	   14970	      80 /usr/lib/libultra_d.a(invalicache.o)
		.text   	   149f0	      60 /usr/lib/libultra_d.a(maptlbrdb.o)
		.text   	   14a50	      c0 /usr/lib/libultra_d.a(bzero.o)
		.text   	   14b10	      30 /usr/lib/libultra_d.a(getthreadpri.o)
		.text   	   14b40	     1e0 /usr/lib/libultra_d.a(pirawdma.o)
		.text   	   14d20	     190 /usr/lib/libultra_d.a(devmgr.o)
		.text   	   14eb0	     1b0 /usr/lib/libultra_d.a(rmonmisc.o)
		.text   	   15060	      c0 /usr/lib/libultra_d.a(sprawread.o)
		.text   	   15120	     940 /usr/lib/libultra_d.a(rmonmem.o)
		.text   	   15a60	      c0 /usr/lib/libultra_d.a(rmoncmds.o)
		.text   	   15b20	     c90 /usr/lib/libultra_d.a(rmonbrk.o)
		.text   	   167b0	      60 /usr/lib/libultra_d.a(error.o)
		.text   	   16810	      60 /usr/lib/libultra_d.a(copy.o)
		.text   	   16870	     380 /usr/lib/libultra_d.a(viswapcontext.o)
		.text   	   16bf0	     520 /usr/lib/libultra_d.a(kdebugserver.o)
		.text   	   17110	     120 /usr/lib/libultra_d.a(destroythread.o)
		.text   	   17230	     5b0 /usr/lib/libultra_d.a(timerintr.o)
		.text   	   177e0	      20 /usr/lib/libultra_d.a(vigetcurrcontext.o)
		.text   	   17800	      20 /usr/lib/libultra_d.a(spgetstat.o)
		.text   	   17820	     360 /usr/lib/libultra_d.a(bcopy.o)
		.text   	   17b80	      20 /usr/lib/libultra_d.a(spsetstat.o)
		.text   	   17ba0	      40 /usr/lib/libultra_d.a(spsetpc.o)
		.text   	   17be0	     130 /usr/lib/libultra_d.a(sprawdma.o)
		.text   	   17d10	      40 /usr/lib/libultra_d.a(sp.o)
		.text   	   17d50	      40 /usr/lib/libultra_d.a(dp.o)
		.text   	   17d90	      30 /usr/lib/libultra_d.a(filter.o)
		.text   	   17dc0	    1210 /usr/lib/libultra_d.a(reverb.o)
		.text   	   18fd0	      70 /usr/lib/libultra_d.a(atomic.o)
		.text   	   19040	      10 /usr/lib/libultra_d.a(getcause.o)
		.text   	   19050	     100 /usr/lib/libultra_d.a(string.o)
		.text   	   19150	     330 /usr/lib/libultra_d.a(xlitob.o)
		.text   	   19480	     ed0 /usr/lib/libultra_d.a(xldtob.o)
		.text   	   1a350	      30 /usr/lib/libultra_d.a(getthreadid.o)
		.text   	   1a380	      70 /usr/lib/libultra_d.a(giorawinterrupt.o)
		.text   	   1a3f0	      e0 /usr/lib/libultra_d.a(stopthread.o)
		.text   	   1a4d0	      40 /usr/lib/libultra_d.a(si.o)
		.text   	   1a510	      90 /usr/lib/libultra_d.a(sprawwrite.o)
		.text   	   1a5a0	     b70 /usr/lib/libultra_d.a(rmontask.o)
		.text   	   1b110	     c60 /usr/lib/libultra_d.a(rmonregs.o)
		.text   	   1bd70	      20 /usr/lib/libultra_d.a(getactivequeue.o)
		.text   	   1bd90	      10 /usr/lib/libultra_d.a(setcompare.o)
		.text   	   1bda0	     1f0 /usr/lib/libultra_d.a(ldiv.o)
		.text   	   1bf90	      b0 /usr/lib/libultra_d.a(rmonrcp.o)

.rdata  			   1c040	    15a0
		.rodata 	   1c040	      30 audio.o
		.rodata 	   1c070	      c0 audiomgr.o
		.rodata 	   1c130	     110 controller.o
		.rodata 	   1c240	      80 gfx.o
		.rodata 	   1c2c0	      10 /usr/lib/libultra_d.a(heapalloc.o)
		.rodata 	   1c2d0	     3e0 /usr/lib/libultra_d.a(seqplayer.o)
		.rodata 	   1c6b0	      10 /usr/lib/libultra_d.a(seq.o)
		.rodata 	   1c6c0	     1a0 /usr/lib/libultra_d.a(sched.o)
		.rodata 	   1c860	      e0 /usr/lib/libultra_d.a(synthesizer.o)
		.rodata 	   1c940	      20 /usr/lib/libultra_d.a(assert.o)
		.rodata 	   1c960	      10 /usr/lib/libultra_d.a(perspective.o)
		.rodata 	   1c970	      30 /usr/lib/libultra_d.a(pirawread.o)
		.rodata 	   1c9a0	      60 /usr/lib/libultra_d.a(rmonmain.o)
		.rodata 	   1ca00	      10 /usr/lib/libultra_d.a(cents2ratio.o)
		.rodata 	   1ca10	      50 /usr/lib/libultra_d.a(exceptasm.o)
		.rodata 	   1ca60	      30 /usr/lib/libultra_d.a(visetmode.o)
		.rodata 	   1ca90	      20 /usr/lib/libultra_d.a(visetevent.o)
		.rodata 	   1cab0	      80 /usr/lib/libultra_d.a(setintmask.o)
		.rodata 	   1cb30	      30 /usr/lib/libultra_d.a(viswapbuf.o)
		.rodata 	   1cb60	      f0 /usr/lib/libultra_d.a(drvrNew.o)
		.rodata 	   1cc50	      30 /usr/lib/libultra_d.a(resample.o)
		.rodata 	   1cc80	      c0 /usr/lib/libultra_d.a(env.o)
		.rodata 	   1cd40	      30 /usr/lib/libultra_d.a(save.o)
		.rodata 	   1cd70	     100 /usr/lib/libultra_d.a(xprintf.o)
		.rodata 	   1ce70	      60 /usr/lib/libultra_d.a(rmonsio.o)
		.rodata 	   1ced0	      30 /usr/lib/libultra_d.a(sirawdma.o)
		.rodata 	   1cf00	      50 /usr/lib/libultra_d.a(cosf.o)
		.rodata 	   1cf50	      50 /usr/lib/libultra_d.a(sinf.o)
		.rodata 	   1cfa0	      50 /usr/lib/libultra_d.a(sirawread.o)
		.rodata 	   1cff0	      30 /usr/lib/libultra_d.a(sirawwrite.o)
		.rodata 	   1d020	      30 /usr/lib/libultra_d.a(rmonmisc.o)
		.rodata 	   1d050	      50 /usr/lib/libultra_d.a(sprawread.o)
		.rodata 	   1d0a0	      d0 /usr/lib/libultra_d.a(rmonmem.o)
		.rodata 	   1d170	     1d0 /usr/lib/libultra_d.a(rmonbrk.o)
		.rodata 	   1d340	      90 /usr/lib/libultra_d.a(sprawdma.o)
		.rodata 	   1d3d0	      50 /usr/lib/libultra_d.a(reverb.o)
		.rodata 	   1d420	      60 /usr/lib/libultra_d.a(xldtob.o)
		.rodata 	   1d480	      10 /usr/lib/libultra_d.a(libm_vals.o)
		.rodata 	   1d490	      30 /usr/lib/libultra_d.a(sprawwrite.o)
		.rodata 	   1d4c0	      a0 /usr/lib/libultra_d.a(rmontask.o)
		.rodata 	   1d560	      80 /usr/lib/libultra_d.a(rmonregs.o)

.data   			   1d5e0	    1000
		.data   	   1d5e0	      10 audiomgr.o
		.data   	   1d5f0	      20 controller.o
		.data   	   1d610	      10 gfx.o
		.data   	   1d620	      10 misc.o
		.data   	   1d630	      10 simple.o
		.data   	   1d640	      10 /usr/lib/libultra_d.a(sl.o)
		.data   	   1d650	      10 /usr/lib/libultra_d.a(sched.o)
		.data   	   1d660	      10 /usr/lib/libultra_d.a(aisetnextbuf.o)
		.data   	   1d670	      10 /usr/lib/libultra_d.a(controller.o)
		.data   	   1d680	      10 /usr/lib/libultra_d.a(rotate.o)
		.data   	   1d690	      10 /usr/lib/libultra_d.a(initialize.o)
		.data   	   1d6a0	      20 /usr/lib/libultra_d.a(pimgr.o)
		.data   	   1d6c0	      10 /usr/lib/libultra_d.a(rmonmain.o)
		.data   	   1d6d0	      70 /usr/lib/libultra_d.a(vi.o)
		.data   	   1d740	      20 /usr/lib/libultra_d.a(thread.o)
		.data   	   1d760	      20 /usr/lib/libultra_d.a(exceptasm.o)
		.data   	   1d780	     8c0 /usr/lib/libultra_d.a(vitbl.o)
		.data   	   1e040	      20 /usr/lib/libultra_d.a(vimgr.o)
		.data   	   1e060	     190 /usr/lib/libultra_d.a(drvrNew.o)
		.data   	   1e1f0	     140 /usr/lib/libultra_d.a(env.o)
		.data   	   1e330	      10 /usr/lib/libultra_d.a(rmonprint.o)
		.data   	   1e340	      10 /usr/lib/libultra_d.a(syncputchars.o)
		.data   	   1e350	      50 /usr/lib/libultra_d.a(xprintf.o)
		.data   	   1e3a0	      10 /usr/lib/libultra_d.a(rmonsio.o)
		.data   	   1e3b0	      10 /usr/lib/libultra_d.a(piacs.o)
		.data   	   1e3c0	      10 /usr/lib/libultra_d.a(siacs.o)
		.data   	   1e3d0	      e0 /usr/lib/libultra_d.a(rmoncmds.o)
		.data   	   1e4b0	      20 /usr/lib/libultra_d.a(error.o)
		.data   	   1e4d0	      50 /usr/lib/libultra_d.a(vimodentsclan1.o)
		.data   	   1e520	      50 /usr/lib/libultra_d.a(vimodepallan1.o)
		.data   	   1e570	      10 /usr/lib/libultra_d.a(kdebugserver.o)
		.data   	   1e580	      10 /usr/lib/libultra_d.a(timerintr.o)
		.data   	   1e590	      20 /usr/lib/libultra_d.a(reverb.o)
		.data   	   1e5b0	      30 /usr/lib/libultra_d.a(xlitob.o)

.bss    			   1e5e0	   81b80
		.bss    	   1e5e0	   49420 audio.o
		.bss    	   67a00	    27a0 audiomgr.o
		.bss    	   6a1a0	      50 controller.o
		.bss    	   6a1f0	      10 gfx.o
		.bss    	   6a200	     400 gfxstack.o
		.bss    	   6a600	     900 gfxyield.o
		.bss    	   6af00	   2bf50 simple.o
		.bss    	   96e50	      80 /usr/lib/libultra_d.a(seteventmesg.o)
		.bss    	   96ed0	      90 /usr/lib/libultra_d.a(controller.o)
		.bss    	   96f60	    11d0 /usr/lib/libultra_d.a(pimgr.o)
		.bss    	   98130	    14a0 /usr/lib/libultra_d.a(rmonmain.o)
		.bss    	   995d0	    1210 /usr/lib/libultra_d.a(vimgr.o)
		.bss    	   9a7e0	      40 /usr/lib/libultra_d.a(sptask.o)
		.bss    	   9a820	      10 /usr/lib/libultra_d.a(rmonprint.o)
		.bss    	   9a830	    1140 /usr/lib/libultra_d.a(rmonsio.o)
		.bss    	   9b970	      20 /usr/lib/libultra_d.a(piacs.o)
		.bss    	   9b990	      20 /usr/lib/libultra_d.a(siacs.o)
		.bss    	   9b9b0	    4220 /usr/lib/libultra_d.a(rmonmisc.o)
		.bss    	   9fbd0	     100 /usr/lib/libultra_d.a(rmonmem.o)
		.bss    	   9fcd0	     110 /usr/lib/libultra_d.a(rmonbrk.o)
		.bss    	   9fde0	      50 /usr/lib/libultra_d.a(error.o)
		.bss    	   9fe30	     2b0 /usr/lib/libultra_d.a(kdebugserver.o)
		.bss    	   a00e0	      60 /usr/lib/libultra_d.a(timerintr.o)
		.bss    	   a0140	      20 /usr/lib/libultra_d.a(rmonregs.o)
