		LINK EDITOR MEMORY MAP


output		input		virtual
section		section		address		size

.text   			      00	   152a0
		.text   	      00	     260 audio.o
		.text   	     260	     9e0 audiomgr.o
		.text   	     c40	     3f0 controller.o
		.text   	    1030	     730 gfx.o
		.text   	    1760	     180 misc.o
		.text   	    18e0	     460 simple.o
		.text   	    1d40	      40 /usr/lib/libultra.a(heapinit.o)
		.text   	    1d80	      60 /usr/lib/libultra.a(heapalloc.o)
		.text   	    1de0	     250 /usr/lib/libultra.a(bnkf.o)
		.text   	    2030	    1940 /usr/lib/libultra.a(seqplayer.o)
		.text   	    3970	     620 /usr/lib/libultra.a(seq.o)
		.text   	    3f90	      40 /usr/lib/libultra.a(seqploop.o)
		.text   	    3fd0	      40 /usr/lib/libultra.a(seqpsetseq.o)
		.text   	    4010	      40 /usr/lib/libultra.a(seqpsetbank.o)
		.text   	    4050	      30 /usr/lib/libultra.a(seqpplay.o)
		.text   	    4080	     160 /usr/lib/libultra.a(aisetfreq.o)
		.text   	    41e0	      c0 /usr/lib/libultra.a(sl.o)
		.text   	    42a0	      30 /usr/lib/libultra.a(createmesgqueue.o)
		.text   	    42d0	     150 /usr/lib/libultra.a(createthread.o)
		.text   	    4420	     150 /usr/lib/libultra.a(startthread.o)
		.text   	    4570	     940 /usr/lib/libultra.a(sched.o)
		.text   	    4eb0	     140 /usr/lib/libultra.a(recvmesg.o)
		.text   	    4ff0	      80 /usr/lib/libultra.a(virtualtophysical.o)
		.text   	    5070	      b0 /usr/lib/libultra.a(aisetnextbuf.o)
		.text   	    5120	      10 /usr/lib/libultra.a(aigetlen.o)
		.text   	    5130	     6d0 /usr/lib/libultra.a(synthesizer.o)
		.text   	    5800	     150 /usr/lib/libultra.a(sendmesg.o)
		.text   	    5950	      f0 /usr/lib/libultra.a(syncprintf.o)
		.text   	    5a40	     110 /usr/lib/libultra.a(pidma.o)
		.text   	    5b50	     400 /usr/lib/libultra.a(log.o)
		.text   	    5f50	      70 /usr/lib/libultra.a(seteventmesg.o)
		.text   	    5fc0	     3c0 /usr/lib/libultra.a(controller.o)
		.text   	    6380	     260 /usr/lib/libultra.a(contreaddata.o)
		.text   	    65e0	     1c0 /usr/lib/libultra.a(visetspecial.o)
		.text   	    67a0	      80 /usr/lib/libultra.a(writebackdcache.o)
		.text   	    6820	     290 /usr/lib/libultra.a(perspective.o)
		.text   	    6ab0	     330 /usr/lib/libultra.a(lookat.o)
		.text   	    6de0	      a0 /usr/lib/libultra.a(scale.o)
		.text   	    6e80	      a0 /usr/lib/libultra.a(translate.o)
		.text   	    6f20	     1f0 /usr/lib/libultra.a(rotate.o)
		.text   	    7110	     230 /usr/lib/libultra.a(initialize.o)
		.text   	    7340	      60 /usr/lib/libultra.a(pirawread.o)
		.text   	    73a0	     180 /usr/lib/libultra.a(pimgr.o)
		.text   	    7520	     760 /usr/lib/libultra.a(rmonmain.o)
		.text   	    7c80	      e0 /usr/lib/libultra.a(setthreadpri.o)
		.text   	    7d60	      b0 /usr/lib/libultra.a(invaldcache.o)
		.text   	    7e10	     340 /usr/lib/libultra.a(event.o)
		.text   	    8150	      50 /usr/lib/libultra.a(synaddplayer.o)
		.text   	    81a0	      80 /usr/lib/libultra.a(synstopvoice.o)
		.text   	    8220	      b0 /usr/lib/libultra.a(synfreevoice.o)
		.text   	    82d0	      a0 /usr/lib/libultra.a(synsetvol.o)
		.text   	    8370	      90 /usr/lib/libultra.a(synsetpitch.o)
		.text   	    8400	     230 /usr/lib/libultra.a(synallocvoice.o)
		.text   	    8630	      50 /usr/lib/libultra.a(cents2ratio.o)
		.text   	    8680	      f0 /usr/lib/libultra.a(synstartvoiceparam.o)
		.text   	    8770	      90 /usr/lib/libultra.a(synsetpan.o)
		.text   	    8800	      a0 /usr/lib/libultra.a(synsetfxmix.o)
		.text   	    88a0	      10 /usr/lib/libultra.a(synsetpriority.o)
		.text   	    88b0	      e0 /usr/lib/libultra.a(vi.o)
		.text   	    8990	      10 /usr/lib/libultra.a(syndelete.o)
		.text   	    89a0	      40 /usr/lib/libultra.a(thread.o)
		.text   	    89e0	     870 /usr/lib/libultra.a(exceptasm.o)
		.text   	    9250	      40 /usr/lib/libultra.a(interrupt.o)
		.text   	    9290	     360 /usr/lib/libultra.a(vimgr.o)
		.text   	    95f0	      70 /usr/lib/libultra.a(visetmode.o)
		.text   	    9660	      70 /usr/lib/libultra.a(viblack.o)
		.text   	    96d0	      70 /usr/lib/libultra.a(visetevent.o)
		.text   	    9740	      60 /usr/lib/libultra.a(setintmask.o)
		.text   	    97a0	      80 /usr/lib/libultra.a(sptaskyielded.o)
		.text   	    9820	      40 /usr/lib/libultra.a(vigetcurrframebuf.o)
		.text   	    9860	      40 /usr/lib/libultra.a(vigetnextframebuf.o)
		.text   	    98a0	      50 /usr/lib/libultra.a(viswapbuf.o)
		.text   	    98f0	      30 /usr/lib/libultra.a(writebackdcacheall.o)
		.text   	    9920	     2c0 /usr/lib/libultra.a(sptask.o)
		.text   	    9be0	      b0 /usr/lib/libultra.a(dpsetnextbuf.o)
		.text   	    9c90	      20 /usr/lib/libultra.a(sptaskyield.o)
		.text   	    9cb0	      c0 /usr/lib/libultra.a(probetlb.o)
		.text   	    9d70	      30 /usr/lib/libultra.a(ai.o)
		.text   	    9da0	     780 /usr/lib/libultra.a(drvrNew.o)
		.text   	    a520	      a0 /usr/lib/libultra.a(synallocfx.o)
		.text   	    a5c0	     150 /usr/lib/libultra.a(mainbus.o)
		.text   	    a710	     b50 /usr/lib/libultra.a(load.o)
		.text   	    b260	     300 /usr/lib/libultra.a(resample.o)
		.text   	    b560	     c60 /usr/lib/libultra.a(env.o)
		.text   	    c1c0	     110 /usr/lib/libultra.a(auxbus.o)
		.text   	    c2d0	      c0 /usr/lib/libultra.a(save.o)
		.text   	    c390	     130 /usr/lib/libultra.a(syncputchars.o)
		.text   	    c4c0	    1190 /usr/lib/libultra.a(xprintf.o)
		.text   	    d650	     150 /usr/lib/libultra.a(jammesg.o)
		.text   	    d7a0	      30 /usr/lib/libultra.a(pigetcmdq.o)
		.text   	    d7d0	      10 /usr/lib/libultra.a(getcount.o)
		.text   	    d7e0	      c0 /usr/lib/libultra.a(piacs.o)
		.text   	    d8a0	      50 /usr/lib/libultra.a(pirawwrite.o)
		.text   	    d8f0	      30 /usr/lib/libultra.a(giointerrupt.o)
		.text   	    d920	     7d0 /usr/lib/libultra.a(rmonsio.o)
		.text   	    e0f0	      90 /usr/lib/libultra.a(gettime.o)
		.text   	    e180	     2c0 /usr/lib/libultra.a(ll.o)
		.text   	    e440	      e0 /usr/lib/libultra.a(settimer.o)
		.text   	    e520	      b0 /usr/lib/libultra.a(sirawdma.o)
		.text   	    e5d0	      c0 /usr/lib/libultra.a(siacs.o)
		.text   	    e690	     270 /usr/lib/libultra.a(mtxutil.o)
		.text   	    e900	     170 /usr/lib/libultra.a(cosf.o)
		.text   	    ea70	     1c0 /usr/lib/libultra.a(sinf.o)
		.text   	    ec30	      10 /usr/lib/libultra.a(sqrtf.o)
		.text   	    ec40	      90 /usr/lib/libultra.a(normalize.o)
		.text   	    ecd0	      10 /usr/lib/libultra.a(setsr.o)
		.text   	    ece0	      10 /usr/lib/libultra.a(getsr.o)
		.text   	    ecf0	      10 /usr/lib/libultra.a(setfpccsr.o)
		.text   	    ed00	      50 /usr/lib/libultra.a(sirawread.o)
		.text   	    ed50	      50 /usr/lib/libultra.a(sirawwrite.o)
		.text   	    eda0	      80 /usr/lib/libultra.a(invalicache.o)
		.text   	    ee20	      60 /usr/lib/libultra.a(maptlbrdb.o)
		.text   	    ee80	      40 /usr/lib/libultra.a(parameters.o)
		.text   	    eec0	      a0 /usr/lib/libultra.a(bzero.o)
		.text   	    ef60	      20 /usr/lib/libultra.a(getthreadpri.o)
		.text   	    ef80	      e0 /usr/lib/libultra.a(pirawdma.o)
		.text   	    f060	     180 /usr/lib/libultra.a(devmgr.o)
		.text   	    f1e0	      50 /usr/lib/libultra.a(sprawread.o)
		.text   	    f230	     890 /usr/lib/libultra.a(rmonmem.o)
		.text   	    fac0	     190 /usr/lib/libultra.a(rmonmisc.o)
		.text   	    fc50	      a0 /usr/lib/libultra.a(rmoncmds.o)
		.text   	    fcf0	     af0 /usr/lib/libultra.a(rmonbrk.o)
		.text   	   107e0	      80 /usr/lib/libultra.a(copy.o)
		.text   	   10860	     360 /usr/lib/libultra.a(viswapcontext.o)
		.text   	   10bc0	     480 /usr/lib/libultra.a(kdebugserver.o)
		.text   	   11040	     100 /usr/lib/libultra.a(destroythread.o)
		.text   	   11140	     4d0 /usr/lib/libultra.a(timerintr.o)
		.text   	   11610	      10 /usr/lib/libultra.a(vigetcurrcontext.o)
		.text   	   11620	      10 /usr/lib/libultra.a(spgetstat.o)
		.text   	   11630	     310 /usr/lib/libultra.a(bcopy.o)
		.text   	   11940	      10 /usr/lib/libultra.a(spsetstat.o)
		.text   	   11950	      40 /usr/lib/libultra.a(spsetpc.o)
		.text   	   11990	      90 /usr/lib/libultra.a(sprawdma.o)
		.text   	   11a20	      30 /usr/lib/libultra.a(sp.o)
		.text   	   11a50	      30 /usr/lib/libultra.a(dp.o)
		.text   	   11a80	      20 /usr/lib/libultra.a(filter.o)
		.text   	   11aa0	     c10 /usr/lib/libultra.a(reverb.o)
		.text   	   126b0	      60 /usr/lib/libultra.a(atomic.o)
		.text   	   12710	      10 /usr/lib/libultra.a(getcause.o)
		.text   	   12720	      a0 /usr/lib/libultra.a(string.o)
		.text   	   127c0	     300 /usr/lib/libultra.a(xlitob.o)
		.text   	   12ac0	     dd0 /usr/lib/libultra.a(xldtob.o)
		.text   	   13890	      70 /usr/lib/libultra.a(giorawinterrupt.o)
		.text   	   13900	      20 /usr/lib/libultra.a(getthreadid.o)
		.text   	   13920	      c0 /usr/lib/libultra.a(stopthread.o)
		.text   	   139e0	      30 /usr/lib/libultra.a(si.o)
		.text   	   13a10	      50 /usr/lib/libultra.a(sprawwrite.o)
		.text   	   13a60	     a70 /usr/lib/libultra.a(rmontask.o)
		.text   	   144d0	     b80 /usr/lib/libultra.a(rmonregs.o)
		.text   	   15050	      10 /usr/lib/libultra.a(getactivequeue.o)
		.text   	   15060	      10 /usr/lib/libultra.a(setcompare.o)
		.text   	   15070	     190 /usr/lib/libultra.a(ldiv.o)
		.text   	   15200	      a0 /usr/lib/libultra.a(rmonrcp.o)

.rdata  			   152a0	     c60
		.rodata 	   152a0	      30 audiomgr.o
		.rodata 	   152d0	      f0 controller.o
		.rodata 	   153c0	     240 /usr/lib/libultra.a(seqplayer.o)
		.rodata 	   15600	      10 /usr/lib/libultra.a(seq.o)
		.rodata 	   15610	      20 /usr/lib/libultra.a(sched.o)
		.rodata 	   15630	      10 /usr/lib/libultra.a(synthesizer.o)
		.rodata 	   15640	      10 /usr/lib/libultra.a(perspective.o)
		.rodata 	   15650	      10 /usr/lib/libultra.a(rotate.o)
		.rodata 	   15660	      60 /usr/lib/libultra.a(rmonmain.o)
		.rodata 	   156c0	      10 /usr/lib/libultra.a(cents2ratio.o)
		.rodata 	   156d0	      50 /usr/lib/libultra.a(exceptasm.o)
		.rodata 	   15720	      80 /usr/lib/libultra.a(setintmask.o)
		.rodata 	   157a0	      30 /usr/lib/libultra.a(drvrNew.o)
		.rodata 	   157d0	      40 /usr/lib/libultra.a(resample.o)
		.rodata 	   15810	      60 /usr/lib/libultra.a(env.o)
		.rodata 	   15870	     100 /usr/lib/libultra.a(xprintf.o)
		.rodata 	   15970	      60 /usr/lib/libultra.a(rmonsio.o)
		.rodata 	   159d0	      50 /usr/lib/libultra.a(cosf.o)
		.rodata 	   15a20	      50 /usr/lib/libultra.a(sinf.o)
		.rodata 	   15a70	      d0 /usr/lib/libultra.a(rmonmem.o)
		.rodata 	   15b40	      30 /usr/lib/libultra.a(rmonmisc.o)
		.rodata 	   15b70	     1d0 /usr/lib/libultra.a(rmonbrk.o)
		.rodata 	   15d40	      30 /usr/lib/libultra.a(reverb.o)
		.rodata 	   15d70	      60 /usr/lib/libultra.a(xldtob.o)
		.rodata 	   15dd0	      10 /usr/lib/libultra.a(libm_vals.o)
		.rodata 	   15de0	      a0 /usr/lib/libultra.a(rmontask.o)
		.rodata 	   15e80	      80 /usr/lib/libultra.a(rmonregs.o)

.data   			   15f00	     fb0
		.data   	   15f00	      10 audiomgr.o
		.data   	   15f10	      20 controller.o
		.data   	   15f30	      10 gfx.o
		.data   	   15f40	      10 misc.o
		.data   	   15f50	      10 simple.o
		.data   	   15f60	      10 /usr/lib/libultra.a(sl.o)
		.data   	   15f70	      10 /usr/lib/libultra.a(sched.o)
		.data   	   15f80	      10 /usr/lib/libultra.a(aisetnextbuf.o)
		.data   	   15f90	      10 /usr/lib/libultra.a(controller.o)
		.data   	   15fa0	      10 /usr/lib/libultra.a(initialize.o)
		.data   	   15fb0	      20 /usr/lib/libultra.a(pimgr.o)
		.data   	   15fd0	      10 /usr/lib/libultra.a(rmonmain.o)
		.data   	   15fe0	      70 /usr/lib/libultra.a(vi.o)
		.data   	   16050	      20 /usr/lib/libultra.a(thread.o)
		.data   	   16070	      20 /usr/lib/libultra.a(exceptasm.o)
		.data   	   16090	      20 /usr/lib/libultra.a(vimgr.o)
		.data   	   160b0	     8c0 /usr/lib/libultra.a(vitbl.o)
		.data   	   16970	     190 /usr/lib/libultra.a(drvrNew.o)
		.data   	   16b00	     140 /usr/lib/libultra.a(env.o)
		.data   	   16c40	      10 /usr/lib/libultra.a(syncputchars.o)
		.data   	   16c50	      50 /usr/lib/libultra.a(xprintf.o)
		.data   	   16ca0	      10 /usr/lib/libultra.a(piacs.o)
		.data   	   16cb0	      10 /usr/lib/libultra.a(rmonsio.o)
		.data   	   16cc0	      10 /usr/lib/libultra.a(siacs.o)
		.data   	   16cd0	      e0 /usr/lib/libultra.a(rmoncmds.o)
		.data   	   16db0	      50 /usr/lib/libultra.a(vimodentsclan1.o)
		.data   	   16e00	      50 /usr/lib/libultra.a(vimodepallan1.o)
		.data   	   16e50	      10 /usr/lib/libultra.a(kdebugserver.o)
		.data   	   16e60	      10 /usr/lib/libultra.a(timerintr.o)
		.data   	   16e70	      10 /usr/lib/libultra.a(reverb.o)
		.data   	   16e80	      30 /usr/lib/libultra.a(xlitob.o)

.bss    			   16eb0	   81b40
		.bss    	   16eb0	   49420 audio.o
		.bss    	   602d0	    27a0 audiomgr.o
		.bss    	   62a70	      50 controller.o
		.bss    	   62ac0	      10 gfx.o
		.bss    	   62ad0	     400 gfxstack.o
		.bss    	   62ed0	     900 gfxyield.o
		.bss    	   637d0	   2bf60 simple.o
		.bss    	   8f730	      80 /usr/lib/libultra.a(seteventmesg.o)
		.bss    	   8f7b0	      90 /usr/lib/libultra.a(controller.o)
		.bss    	   8f840	      10 /usr/lib/libultra.a(rotate.o)
		.bss    	   8f850	    11d0 /usr/lib/libultra.a(pimgr.o)
		.bss    	   90a20	    14a0 /usr/lib/libultra.a(rmonmain.o)
		.bss    	   91ec0	    1210 /usr/lib/libultra.a(vimgr.o)
		.bss    	   930d0	      40 /usr/lib/libultra.a(sptask.o)
		.bss    	   93110	      20 /usr/lib/libultra.a(piacs.o)
		.bss    	   93130	    1140 /usr/lib/libultra.a(rmonsio.o)
		.bss    	   94270	      20 /usr/lib/libultra.a(siacs.o)
		.bss    	   94290	     100 /usr/lib/libultra.a(rmonmem.o)
		.bss    	   94390	    4220 /usr/lib/libultra.a(rmonmisc.o)
		.bss    	   985b0	     110 /usr/lib/libultra.a(rmonbrk.o)
		.bss    	   986c0	     2b0 /usr/lib/libultra.a(kdebugserver.o)
		.bss    	   98970	      60 /usr/lib/libultra.a(timerintr.o)
		.bss    	   989d0	      20 /usr/lib/libultra.a(rmonregs.o)
