		LINK EDITOR MEMORY MAP


output		input		virtual
section		section		address		size

.text   			      00	   18730
		.text   	      00	     ed0 audio.o
		.text   	     ed0	     9f0 audiomgr.o
		.text   	    18c0	     410 controller.o
		.text   	    1cd0	     730 gfx.o
		.text   	    2400	     180 misc.o
		.text   	    2580	     460 simple.o
		.text   	    29e0	      40 /usr/lib/libultra.a(heapinit.o)
		.text   	    2a20	      60 /usr/lib/libultra.a(heapalloc.o)
		.text   	    2a80	     250 /usr/lib/libultra.a(bnkf.o)
		.text   	    2cd0	    1230 /usr/lib/libultra.a(csplayer.o)
		.text   	    3f00	     710 /usr/lib/libultra.a(sndplayer.o)
		.text   	    4610	      30 /usr/lib/libultra.a(cspstop.o)
		.text   	    4640	     ac0 /usr/lib/libultra.a(cseq.o)
		.text   	    5100	      40 /usr/lib/libultra.a(cspsetseq.o)
		.text   	    5140	      40 /usr/lib/libultra.a(cspsetbank.o)
		.text   	    5180	      30 /usr/lib/libultra.a(cspplay.o)
		.text   	    51b0	      20 /usr/lib/libultra.a(getthreadpri.o)
		.text   	    51d0	      e0 /usr/lib/libultra.a(setthreadpri.o)
		.text   	    52b0	      a0 /usr/lib/libultra.a(sndpallocate.o)
		.text   	    5350	      20 /usr/lib/libultra.a(sndpsetsound.o)
		.text   	    5370	      20 /usr/lib/libultra.a(sndpgetstate.o)
		.text   	    5390	      60 /usr/lib/libultra.a(sndpsetpitch.o)
		.text   	    53f0	      60 /usr/lib/libultra.a(sndpsetfxmix.o)
		.text   	    5450	      60 /usr/lib/libultra.a(sndpsetpan.o)
		.text   	    54b0	      60 /usr/lib/libultra.a(sndpsetvol.o)
		.text   	    5510	      70 /usr/lib/libultra.a(sndpplay.o)
		.text   	    5580	      f0 /usr/lib/libultra.a(syncprintf.o)
		.text   	    5670	      50 /usr/lib/libultra.a(sndpstop.o)
		.text   	    56c0	      50 /usr/lib/libultra.a(sndpdeallocate.o)
		.text   	    5710	      10 /usr/lib/libultra.a(sqrtf.o)
		.text   	    5720	     170 /usr/lib/libultra.a(cosf.o)
		.text   	    5890	     1c0 /usr/lib/libultra.a(sinf.o)
		.text   	    5a50	     160 /usr/lib/libultra.a(aisetfreq.o)
		.text   	    5bb0	      c0 /usr/lib/libultra.a(sl.o)
		.text   	    5c70	      30 /usr/lib/libultra.a(createmesgqueue.o)
		.text   	    5ca0	     150 /usr/lib/libultra.a(createthread.o)
		.text   	    5df0	     150 /usr/lib/libultra.a(startthread.o)
		.text   	    5f40	     940 /usr/lib/libultra.a(sched.o)
		.text   	    6880	     140 /usr/lib/libultra.a(recvmesg.o)
		.text   	    69c0	      80 /usr/lib/libultra.a(virtualtophysical.o)
		.text   	    6a40	      b0 /usr/lib/libultra.a(aisetnextbuf.o)
		.text   	    6af0	      10 /usr/lib/libultra.a(aigetlen.o)
		.text   	    6b00	     6d0 /usr/lib/libultra.a(synthesizer.o)
		.text   	    71d0	     150 /usr/lib/libultra.a(sendmesg.o)
		.text   	    7320	     110 /usr/lib/libultra.a(pidma.o)
		.text   	    7430	     400 /usr/lib/libultra.a(log.o)
		.text   	    7830	      70 /usr/lib/libultra.a(seteventmesg.o)
		.text   	    78a0	     3c0 /usr/lib/libultra.a(controller.o)
		.text   	    7c60	     260 /usr/lib/libultra.a(contreaddata.o)
		.text   	    7ec0	     1c0 /usr/lib/libultra.a(visetspecial.o)
		.text   	    8080	      80 /usr/lib/libultra.a(writebackdcache.o)
		.text   	    8100	     290 /usr/lib/libultra.a(perspective.o)
		.text   	    8390	     330 /usr/lib/libultra.a(lookat.o)
		.text   	    86c0	      a0 /usr/lib/libultra.a(scale.o)
		.text   	    8760	      a0 /usr/lib/libultra.a(translate.o)
		.text   	    8800	     1f0 /usr/lib/libultra.a(rotate.o)
		.text   	    89f0	     230 /usr/lib/libultra.a(initialize.o)
		.text   	    8c20	      60 /usr/lib/libultra.a(pirawread.o)
		.text   	    8c80	     180 /usr/lib/libultra.a(pimgr.o)
		.text   	    8e00	     760 /usr/lib/libultra.a(rmonmain.o)
		.text   	    9560	      b0 /usr/lib/libultra.a(invaldcache.o)
		.text   	    9610	    1940 /usr/lib/libultra.a(seqplayer.o)
		.text   	    af50	     340 /usr/lib/libultra.a(event.o)
		.text   	    b290	      50 /usr/lib/libultra.a(synaddplayer.o)
		.text   	    b2e0	      80 /usr/lib/libultra.a(synstopvoice.o)
		.text   	    b360	      b0 /usr/lib/libultra.a(synfreevoice.o)
		.text   	    b410	      a0 /usr/lib/libultra.a(synsetvol.o)
		.text   	    b4b0	      90 /usr/lib/libultra.a(synsetpitch.o)
		.text   	    b540	     230 /usr/lib/libultra.a(synallocvoice.o)
		.text   	    b770	      50 /usr/lib/libultra.a(cents2ratio.o)
		.text   	    b7c0	      f0 /usr/lib/libultra.a(synstartvoiceparam.o)
		.text   	    b8b0	      90 /usr/lib/libultra.a(synsetpan.o)
		.text   	    b940	      a0 /usr/lib/libultra.a(synsetfxmix.o)
		.text   	    b9e0	      60 /usr/lib/libultra.a(setintmask.o)
		.text   	    ba40	      90 /usr/lib/libultra.a(synstartvoice.o)
		.text   	    bad0	      40 /usr/lib/libultra.a(thread.o)
		.text   	    bb10	      40 /usr/lib/libultra.a(interrupt.o)
		.text   	    bb50	     870 /usr/lib/libultra.a(exceptasm.o)
		.text   	    c3c0	     130 /usr/lib/libultra.a(syncputchars.o)
		.text   	    c4f0	    1190 /usr/lib/libultra.a(xprintf.o)
		.text   	    d680	      e0 /usr/lib/libultra.a(vi.o)
		.text   	    d760	      10 /usr/lib/libultra.a(syndelete.o)
		.text   	    d770	     360 /usr/lib/libultra.a(vimgr.o)
		.text   	    dad0	      70 /usr/lib/libultra.a(visetmode.o)
		.text   	    db40	      70 /usr/lib/libultra.a(viblack.o)
		.text   	    dbb0	      70 /usr/lib/libultra.a(visetevent.o)
		.text   	    dc20	      80 /usr/lib/libultra.a(sptaskyielded.o)
		.text   	    dca0	      40 /usr/lib/libultra.a(vigetcurrframebuf.o)
		.text   	    dce0	      40 /usr/lib/libultra.a(vigetnextframebuf.o)
		.text   	    dd20	      50 /usr/lib/libultra.a(viswapbuf.o)
		.text   	    dd70	      30 /usr/lib/libultra.a(writebackdcacheall.o)
		.text   	    dda0	     2c0 /usr/lib/libultra.a(sptask.o)
		.text   	    e060	      b0 /usr/lib/libultra.a(dpsetnextbuf.o)
		.text   	    e110	      20 /usr/lib/libultra.a(sptaskyield.o)
		.text   	    e130	      c0 /usr/lib/libultra.a(probetlb.o)
		.text   	    e1f0	      30 /usr/lib/libultra.a(ai.o)
		.text   	    e220	     780 /usr/lib/libultra.a(drvrNew.o)
		.text   	    e9a0	      a0 /usr/lib/libultra.a(synallocfx.o)
		.text   	    ea40	     150 /usr/lib/libultra.a(mainbus.o)
		.text   	    eb90	     b50 /usr/lib/libultra.a(load.o)
		.text   	    f6e0	     300 /usr/lib/libultra.a(resample.o)
		.text   	    f9e0	     c60 /usr/lib/libultra.a(env.o)
		.text   	   10640	     110 /usr/lib/libultra.a(auxbus.o)
		.text   	   10750	      c0 /usr/lib/libultra.a(save.o)
		.text   	   10810	     150 /usr/lib/libultra.a(jammesg.o)
		.text   	   10960	      30 /usr/lib/libultra.a(pigetcmdq.o)
		.text   	   10990	      10 /usr/lib/libultra.a(getcount.o)
		.text   	   109a0	      c0 /usr/lib/libultra.a(piacs.o)
		.text   	   10a60	      50 /usr/lib/libultra.a(pirawwrite.o)
		.text   	   10ab0	      30 /usr/lib/libultra.a(giointerrupt.o)
		.text   	   10ae0	     7d0 /usr/lib/libultra.a(rmonsio.o)
		.text   	   112b0	      90 /usr/lib/libultra.a(gettime.o)
		.text   	   11340	     2c0 /usr/lib/libultra.a(ll.o)
		.text   	   11600	      e0 /usr/lib/libultra.a(settimer.o)
		.text   	   116e0	      b0 /usr/lib/libultra.a(sirawdma.o)
		.text   	   11790	      c0 /usr/lib/libultra.a(siacs.o)
		.text   	   11850	     270 /usr/lib/libultra.a(mtxutil.o)
		.text   	   11ac0	      90 /usr/lib/libultra.a(normalize.o)
		.text   	   11b50	      10 /usr/lib/libultra.a(setsr.o)
		.text   	   11b60	      10 /usr/lib/libultra.a(getsr.o)
		.text   	   11b70	      10 /usr/lib/libultra.a(setfpccsr.o)
		.text   	   11b80	      50 /usr/lib/libultra.a(sirawread.o)
		.text   	   11bd0	      50 /usr/lib/libultra.a(sirawwrite.o)
		.text   	   11c20	      80 /usr/lib/libultra.a(invalicache.o)
		.text   	   11ca0	      60 /usr/lib/libultra.a(maptlbrdb.o)
		.text   	   11d00	      40 /usr/lib/libultra.a(parameters.o)
		.text   	   11d40	      a0 /usr/lib/libultra.a(bzero.o)
		.text   	   11de0	      e0 /usr/lib/libultra.a(pirawdma.o)
		.text   	   11ec0	     180 /usr/lib/libultra.a(devmgr.o)
		.text   	   12040	      50 /usr/lib/libultra.a(sprawread.o)
		.text   	   12090	     890 /usr/lib/libultra.a(rmonmem.o)
		.text   	   12920	     190 /usr/lib/libultra.a(rmonmisc.o)
		.text   	   12ab0	      a0 /usr/lib/libultra.a(rmoncmds.o)
		.text   	   12b50	     af0 /usr/lib/libultra.a(rmonbrk.o)
		.text   	   13640	     620 /usr/lib/libultra.a(seq.o)
		.text   	   13c60	      10 /usr/lib/libultra.a(synsetpriority.o)
		.text   	   13c70	      80 /usr/lib/libultra.a(copy.o)
		.text   	   13cf0	     480 /usr/lib/libultra.a(kdebugserver.o)
		.text   	   14170	     100 /usr/lib/libultra.a(destroythread.o)
		.text   	   14270	      60 /usr/lib/libultra.a(atomic.o)
		.text   	   142d0	      10 /usr/lib/libultra.a(getcause.o)
		.text   	   142e0	      a0 /usr/lib/libultra.a(string.o)
		.text   	   14380	     300 /usr/lib/libultra.a(xlitob.o)
		.text   	   14680	     dd0 /usr/lib/libultra.a(xldtob.o)
		.text   	   15450	     360 /usr/lib/libultra.a(viswapcontext.o)
		.text   	   157b0	     4d0 /usr/lib/libultra.a(timerintr.o)
		.text   	   15c80	      10 /usr/lib/libultra.a(vigetcurrcontext.o)
		.text   	   15c90	      10 /usr/lib/libultra.a(spgetstat.o)
		.text   	   15ca0	     310 /usr/lib/libultra.a(bcopy.o)
		.text   	   15fb0	      10 /usr/lib/libultra.a(spsetstat.o)
		.text   	   15fc0	      40 /usr/lib/libultra.a(spsetpc.o)
		.text   	   16000	      90 /usr/lib/libultra.a(sprawdma.o)
		.text   	   16090	      30 /usr/lib/libultra.a(sp.o)
		.text   	   160c0	      30 /usr/lib/libultra.a(dp.o)
		.text   	   160f0	      20 /usr/lib/libultra.a(filter.o)
		.text   	   16110	     c10 /usr/lib/libultra.a(reverb.o)
		.text   	   16d20	      70 /usr/lib/libultra.a(giorawinterrupt.o)
		.text   	   16d90	      20 /usr/lib/libultra.a(getthreadid.o)
		.text   	   16db0	      c0 /usr/lib/libultra.a(stopthread.o)
		.text   	   16e70	      30 /usr/lib/libultra.a(si.o)
		.text   	   16ea0	      50 /usr/lib/libultra.a(sprawwrite.o)
		.text   	   16ef0	     a70 /usr/lib/libultra.a(rmontask.o)
		.text   	   17960	     b80 /usr/lib/libultra.a(rmonregs.o)
		.text   	   184e0	      10 /usr/lib/libultra.a(getactivequeue.o)
		.text   	   184f0	     190 /usr/lib/libultra.a(ldiv.o)
		.text   	   18680	      10 /usr/lib/libultra.a(setcompare.o)
		.text   	   18690	      a0 /usr/lib/libultra.a(rmonrcp.o)

.rdata  			   18730	     ee0
		.rodata 	   18730	      70 audio.o
		.rodata 	   187a0	      40 audiomgr.o
		.rodata 	   187e0	      60 controller.o
		.rodata 	   18840	     240 /usr/lib/libultra.a(csplayer.o)
		.rodata 	   18a80	      40 /usr/lib/libultra.a(sndplayer.o)
		.rodata 	   18ac0	      10 /usr/lib/libultra.a(cseq.o)
		.rodata 	   18ad0	      50 /usr/lib/libultra.a(cosf.o)
		.rodata 	   18b20	      50 /usr/lib/libultra.a(sinf.o)
		.rodata 	   18b70	      20 /usr/lib/libultra.a(sched.o)
		.rodata 	   18b90	      10 /usr/lib/libultra.a(synthesizer.o)
		.rodata 	   18ba0	      10 /usr/lib/libultra.a(perspective.o)
		.rodata 	   18bb0	      10 /usr/lib/libultra.a(rotate.o)
		.rodata 	   18bc0	      60 /usr/lib/libultra.a(rmonmain.o)
		.rodata 	   18c20	     240 /usr/lib/libultra.a(seqplayer.o)
		.rodata 	   18e60	      10 /usr/lib/libultra.a(cents2ratio.o)
		.rodata 	   18e70	      80 /usr/lib/libultra.a(setintmask.o)
		.rodata 	   18ef0	      50 /usr/lib/libultra.a(exceptasm.o)
		.rodata 	   18f40	     100 /usr/lib/libultra.a(xprintf.o)
		.rodata 	   19040	      10 /usr/lib/libultra.a(libm_vals.o)
		.rodata 	   19050	      30 /usr/lib/libultra.a(drvrNew.o)
		.rodata 	   19080	      40 /usr/lib/libultra.a(resample.o)
		.rodata 	   190c0	      60 /usr/lib/libultra.a(env.o)
		.rodata 	   19120	      60 /usr/lib/libultra.a(rmonsio.o)
		.rodata 	   19180	      d0 /usr/lib/libultra.a(rmonmem.o)
		.rodata 	   19250	      30 /usr/lib/libultra.a(rmonmisc.o)
		.rodata 	   19280	     1d0 /usr/lib/libultra.a(rmonbrk.o)
		.rodata 	   19450	      10 /usr/lib/libultra.a(seq.o)
		.rodata 	   19460	      60 /usr/lib/libultra.a(xldtob.o)
		.rodata 	   194c0	      30 /usr/lib/libultra.a(reverb.o)
		.rodata 	   194f0	      a0 /usr/lib/libultra.a(rmontask.o)
		.rodata 	   19590	      80 /usr/lib/libultra.a(rmonregs.o)

.data   			   19610	     fd0
		.data   	   19610	      10 audio.o
		.data   	   19620	      10 audiomgr.o
		.data   	   19630	      30 controller.o
		.data   	   19660	      10 gfx.o
		.data   	   19670	      10 misc.o
		.data   	   19680	      10 simple.o
		.data   	   19690	      10 /usr/lib/libultra.a(sl.o)
		.data   	   196a0	      10 /usr/lib/libultra.a(sched.o)
		.data   	   196b0	      10 /usr/lib/libultra.a(aisetnextbuf.o)
		.data   	   196c0	      10 /usr/lib/libultra.a(controller.o)
		.data   	   196d0	      10 /usr/lib/libultra.a(initialize.o)
		.data   	   196e0	      20 /usr/lib/libultra.a(pimgr.o)
		.data   	   19700	      10 /usr/lib/libultra.a(rmonmain.o)
		.data   	   19710	      20 /usr/lib/libultra.a(thread.o)
		.data   	   19730	      20 /usr/lib/libultra.a(exceptasm.o)
		.data   	   19750	      10 /usr/lib/libultra.a(syncputchars.o)
		.data   	   19760	      50 /usr/lib/libultra.a(xprintf.o)
		.data   	   197b0	      70 /usr/lib/libultra.a(vi.o)
		.data   	   19820	      20 /usr/lib/libultra.a(vimgr.o)
		.data   	   19840	     8c0 /usr/lib/libultra.a(vitbl.o)
		.data   	   1a100	     190 /usr/lib/libultra.a(drvrNew.o)
		.data   	   1a290	     140 /usr/lib/libultra.a(env.o)
		.data   	   1a3d0	      10 /usr/lib/libultra.a(piacs.o)
		.data   	   1a3e0	      10 /usr/lib/libultra.a(rmonsio.o)
		.data   	   1a3f0	      10 /usr/lib/libultra.a(siacs.o)
		.data   	   1a400	      e0 /usr/lib/libultra.a(rmoncmds.o)
		.data   	   1a4e0	      10 /usr/lib/libultra.a(kdebugserver.o)
		.data   	   1a4f0	      30 /usr/lib/libultra.a(xlitob.o)
		.data   	   1a520	      50 /usr/lib/libultra.a(vimodentsclan1.o)
		.data   	   1a570	      50 /usr/lib/libultra.a(vimodepallan1.o)
		.data   	   1a5c0	      10 /usr/lib/libultra.a(timerintr.o)
		.data   	   1a5d0	      10 /usr/lib/libultra.a(reverb.o)

.bss    			   1a5e0	   9ab90
		.bss    	   1a5e0	   61e50 audio.o
		.bss    	   7c430	    2dc0 audiomgr.o
		.bss    	   7f1f0	      50 controller.o
		.bss    	   7f240	      10 gfx.o
		.bss    	   7f250	     400 gfxstack.o
		.bss    	   7f650	     900 gfxyield.o
		.bss    	   7ff50	   2bf60 simple.o
		.bss    	   abeb0	      80 /usr/lib/libultra.a(seteventmesg.o)
		.bss    	   abf30	      90 /usr/lib/libultra.a(controller.o)
		.bss    	   abfc0	      10 /usr/lib/libultra.a(rotate.o)
		.bss    	   abfd0	    11d0 /usr/lib/libultra.a(pimgr.o)
		.bss    	   ad1a0	    14a0 /usr/lib/libultra.a(rmonmain.o)
		.bss    	   ae640	    1210 /usr/lib/libultra.a(vimgr.o)
		.bss    	   af850	      40 /usr/lib/libultra.a(sptask.o)
		.bss    	   af890	      20 /usr/lib/libultra.a(piacs.o)
		.bss    	   af8b0	    1140 /usr/lib/libultra.a(rmonsio.o)
		.bss    	   b09f0	      20 /usr/lib/libultra.a(siacs.o)
		.bss    	   b0a10	     100 /usr/lib/libultra.a(rmonmem.o)
		.bss    	   b0b10	    4220 /usr/lib/libultra.a(rmonmisc.o)
		.bss    	   b4d30	     110 /usr/lib/libultra.a(rmonbrk.o)
		.bss    	   b4e40	     2b0 /usr/lib/libultra.a(kdebugserver.o)
		.bss    	   b50f0	      60 /usr/lib/libultra.a(timerintr.o)
		.bss    	   b5150	      20 /usr/lib/libultra.a(rmonregs.o)
